#
# There is insufficient memory for the Java Runtime Environment to continue.
# Native memory allocation (malloc) failed to allocate 224144 bytes. Error detail: Chunk::new
# Possible reasons:
#   The system is out of physical RAM or swap space
#   This process is running with CompressedOops enabled, and the Java Heap may be blocking the growth of the native heap
# Possible solutions:
#   Reduce memory load on the system
#   Increase physical memory or swap space
#   Check if swap backing store is full
#   Decrease Java heap size (-Xmx/-Xms)
#   Decrease number of Java threads
#   Decrease Java thread stack sizes (-Xss)
#   Set larger code cache with -XX:ReservedCodeCacheSize=
#   JVM is running with Zero Based Compressed Oops mode in which the Java heap is
#     placed in the first 32GB address space. The Java Heap base address is the
#     maximum limit for the native heap growth. Please use -XX:HeapBaseMinAddress
#     to set the Java Heap base and to place the Java Heap above 32GB virtual address.
# This output file may be truncated or incomplete.
#
#  Out of Memory Error (arena.cpp:168), pid=34172, tid=29824
#
# JRE version: OpenJDK Runtime Environment Temurin-21.0.8+9 (21.0.8+9) (build 21.0.8+9-LTS)
# Java VM: OpenJDK 64-Bit Server VM Temurin-21.0.8+9 (21.0.8+9-LTS, mixed mode, sharing, tiered, compressed oops, compressed class ptrs, g1 gc, windows-amd64)
# No core dump will be written. Minidumps are not enabled by default on client versions of Windows
#

---------------  S U M M A R Y ------------

Command Line: -javaagent:C:\Program Files\JetBrains\IntelliJ IDEA 2026.1\lib\idea_rt.jar=52394 -Dfile.encoding=UTF-8 -Dsun.stdout.encoding=UTF-8 -Dsun.stderr.encoding=UTF-8 com.mypelink.backend.BackendApplication

Host: AMD Ryzen 5 4600H with Radeon Graphics         , 12 cores, 15G,  Windows 11 , 64 bit Build 26100 (10.0.26100.8328)
Time: Wed Jun 17 17:18:48 2026 Hora est. Pacífico, Sudamérica elapsed time: 211.755765 seconds (0d 0h 3m 31s)

---------------  T H R E A D  ---------------

Current thread (0x000001e6a55f7da0):  JavaThread "C2 CompilerThread0" daemon [_thread_in_native, id=29824, stack(0x0000004900f00000,0x0000004901000000) (1024K)]


Current CompileTask:
C2:211755 17585       4       org.hibernate.spi.NavigablePath::<init> (131 bytes)

Stack: [0x0000004900f00000,0x0000004901000000]
Native frames: (J=compiled Java code, j=interpreted, Vv=VM code, C=native code)
V  [jvm.dll+0x6d2449]
V  [jvm.dll+0x8ae341]
V  [jvm.dll+0x8b08be]
V  [jvm.dll+0x8b0fa3]
V  [jvm.dll+0x280c96]
V  [jvm.dll+0xc581d]
V  [jvm.dll+0xc5d53]
V  [jvm.dll+0x13fc9f]
V  [jvm.dll+0x661835]
V  [jvm.dll+0x65fd8e]
V  [jvm.dll+0x248d55]
V  [jvm.dll+0x2484af]
V  [jvm.dll+0x1c89ee]
V  [jvm.dll+0x257d4d]
V  [jvm.dll+0x2562ea]
V  [jvm.dll+0x3f2d16]
V  [jvm.dll+0x857e6b]
V  [jvm.dll+0x6d0b0d]
C  [ucrtbase.dll+0x37b0]
C  [KERNEL32.DLL+0x2e957]
C  [ntdll.dll+0x427c]


---------------  P R O C E S S  ---------------

Threads class SMR info:
_java_thread_list=0x000001e6ec28d5b0, length=62, elements={
0x000001e6a55eda20, 0x000001e6a55ee470, 0x000001e6a55f2370, 0x000001e6a55f3020,
0x000001e6a55f3f80, 0x000001e6a55f4d30, 0x000001e6a55f7da0, 0x000001e6a5605430,
0x000001e6a55bc360, 0x000001e6a59634f0, 0x000001e6a5963b50, 0x000001e6ef5e1850,
0x000001e6ede8a930, 0x000001e6ee42cb60, 0x000001e6ee42d1f0, 0x000001e6ee42be40,
0x000001e6edf6ad80, 0x000001e6edf6e200, 0x000001e6edf6db70, 0x000001e6edf6fc40,
0x000001e6edf6e890, 0x000001e6edf6ef20, 0x000001e6edf702d0, 0x000001e6edf70960,
0x000001e6ee42aa90, 0x000001e6ee42b120, 0x000001e6ee42b7b0, 0x000001e6f0ee7490,
0x000001e6f0ee6e00, 0x000001e6f0ee9bf0, 0x000001e6f0ee7b20, 0x000001e6f0ee8ed0,
0x000001e6f0ee81b0, 0x000001e6f0ee8840, 0x000001e6f0ee9560, 0x000001e6f0ee6770,
0x000001e6f0eec9e0, 0x000001e6f0eed070, 0x000001e6f0eed700, 0x000001e6f0eedd90,
0x000001e6f0eeb630, 0x000001e6f0eeafa0, 0x000001e6f0eea910, 0x000001e6f0eebcc0,
0x000001e6ebad4dc0, 0x000001e6ebad2660, 0x000001e6ebad4730, 0x000001e6ebad1940,
0x000001e6ebad3380, 0x000001e6ebad2cf0, 0x000001e6ebad5450, 0x000001e6ebad1fd0,
0x000001e6ebad5ae0, 0x000001e6ebad7bb0, 0x000001e6ebad6e90, 0x000001e6ebad6800,
0x000001e6ebad7520, 0x000001e6ec5ad320, 0x000001e6ec5abf70, 0x000001e6ec5ae040,
0x000001e6ec5ab8e0, 0x000001e6ec5aabc0
}

Java Threads: ( => current thread )
  0x000001e6a55eda20 JavaThread "Reference Handler"          daemon [_thread_blocked, id=37644, stack(0x0000004900900000,0x0000004900a00000) (1024K)]
  0x000001e6a55ee470 JavaThread "Finalizer"                  daemon [_thread_blocked, id=14020, stack(0x0000004900a00000,0x0000004900b00000) (1024K)]
  0x000001e6a55f2370 JavaThread "Signal Dispatcher"          daemon [_thread_blocked, id=23728, stack(0x0000004900b00000,0x0000004900c00000) (1024K)]
  0x000001e6a55f3020 JavaThread "Attach Listener"            daemon [_thread_blocked, id=35960, stack(0x0000004900c00000,0x0000004900d00000) (1024K)]
  0x000001e6a55f3f80 JavaThread "Service Thread"             daemon [_thread_blocked, id=12836, stack(0x0000004900d00000,0x0000004900e00000) (1024K)]
  0x000001e6a55f4d30 JavaThread "Monitor Deflation Thread"   daemon [_thread_blocked, id=27468, stack(0x0000004900e00000,0x0000004900f00000) (1024K)]
=>0x000001e6a55f7da0 JavaThread "C2 CompilerThread0"         daemon [_thread_in_native, id=29824, stack(0x0000004900f00000,0x0000004901000000) (1024K)]
  0x000001e6a5605430 JavaThread "C1 CompilerThread0"         daemon [_thread_blocked, id=32172, stack(0x0000004901000000,0x0000004901100000) (1024K)]
  0x000001e6a55bc360 JavaThread "Common-Cleaner"             daemon [_thread_blocked, id=16536, stack(0x0000004901100000,0x0000004901200000) (1024K)]
  0x000001e6a59634f0 JavaThread "Monitor Ctrl-Break"         daemon [_thread_in_native, id=16476, stack(0x0000004901400000,0x0000004901500000) (1024K)]
  0x000001e6a5963b50 JavaThread "Notification Thread"        daemon [_thread_blocked, id=10112, stack(0x0000004901500000,0x0000004901600000) (1024K)]
  0x000001e6ef5e1850 JavaThread "mysql-cj-abandoned-connection-cleanup" daemon [_thread_blocked, id=2556, stack(0x0000004901f00000,0x0000004902000000) (1024K)]
  0x000001e6ede8a930 JavaThread "HikariPool-1:housekeeper"   daemon [_thread_blocked, id=2060, stack(0x0000004902500000,0x0000004902600000) (1024K)]
  0x000001e6ee42cb60 JavaThread "Catalina-utility-1"                [_thread_blocked, id=17832, stack(0x0000004902700000,0x0000004902800000) (1024K)]
  0x000001e6ee42d1f0 JavaThread "Catalina-utility-2"                [_thread_blocked, id=2324, stack(0x0000004902800000,0x0000004902900000) (1024K)]
  0x000001e6ee42be40 JavaThread "container-0"                       [_thread_blocked, id=22664, stack(0x0000004902900000,0x0000004902a00000) (1024K)]
  0x000001e6edf6ad80 JavaThread "idle-connection-reaper"     daemon [_thread_blocked, id=27756, stack(0x0000004902a00000,0x0000004902b00000) (1024K)]
  0x000001e6edf6e200 JavaThread "File Watcher"               daemon [_thread_blocked, id=33856, stack(0x0000004902600000,0x0000004902700000) (1024K)]
  0x000001e6edf6db70 JavaThread "Live Reload Server"         daemon [_thread_in_native, id=30896, stack(0x0000004902c00000,0x0000004902d00000) (1024K)]
  0x000001e6edf6fc40 JavaThread "MessageBroker-1"                   [_thread_blocked, id=18824, stack(0x0000004902b00000,0x0000004902c00000) (1024K)]
  0x000001e6edf6e890 JavaThread "http-nio-8080-exec-1"       daemon [_thread_blocked, id=12796, stack(0x0000004902d00000,0x0000004902e00000) (1024K)]
  0x000001e6edf6ef20 JavaThread "http-nio-8080-exec-2"       daemon [_thread_blocked, id=29100, stack(0x0000004902e00000,0x0000004902f00000) (1024K)]
  0x000001e6edf702d0 JavaThread "http-nio-8080-exec-3"       daemon [_thread_blocked, id=21376, stack(0x0000004902f00000,0x0000004903000000) (1024K)]
  0x000001e6edf70960 JavaThread "http-nio-8080-exec-4"       daemon [_thread_blocked, id=36064, stack(0x0000004903000000,0x0000004903100000) (1024K)]
  0x000001e6ee42aa90 JavaThread "http-nio-8080-exec-5"       daemon [_thread_blocked, id=36580, stack(0x0000004903100000,0x0000004903200000) (1024K)]
  0x000001e6ee42b120 JavaThread "http-nio-8080-exec-6"       daemon [_thread_blocked, id=19532, stack(0x0000004903200000,0x0000004903300000) (1024K)]
  0x000001e6ee42b7b0 JavaThread "http-nio-8080-exec-7"       daemon [_thread_blocked, id=36664, stack(0x0000004903300000,0x0000004903400000) (1024K)]
  0x000001e6f0ee7490 JavaThread "http-nio-8080-exec-8"       daemon [_thread_blocked, id=30048, stack(0x0000004903400000,0x0000004903500000) (1024K)]
  0x000001e6f0ee6e00 JavaThread "http-nio-8080-exec-9"       daemon [_thread_blocked, id=20436, stack(0x0000004903500000,0x0000004903600000) (1024K)]
  0x000001e6f0ee9bf0 JavaThread "http-nio-8080-exec-10"      daemon [_thread_blocked, id=28136, stack(0x0000004903600000,0x0000004903700000) (1024K)]
  0x000001e6f0ee7b20 JavaThread "http-nio-8080-Poller"       daemon [_thread_in_native, id=31712, stack(0x0000004903700000,0x0000004903800000) (1024K)]
  0x000001e6f0ee8ed0 JavaThread "http-nio-8080-Acceptor"     daemon [_thread_in_native, id=22356, stack(0x0000004903800000,0x0000004903900000) (1024K)]
  0x000001e6f0ee81b0 JavaThread "MessageBroker-2"                   [_thread_blocked, id=4188, stack(0x0000004903900000,0x0000004903a00000) (1024K)]
  0x000001e6f0ee8840 JavaThread "MessageBroker-3"                   [_thread_blocked, id=388, stack(0x0000004903a00000,0x0000004903b00000) (1024K)]
  0x000001e6f0ee9560 JavaThread "MessageBroker-4"                   [_thread_blocked, id=29964, stack(0x0000004903b00000,0x0000004903c00000) (1024K)]
  0x000001e6f0ee6770 JavaThread "MessageBroker-5"                   [_thread_blocked, id=21760, stack(0x0000004903c00000,0x0000004903d00000) (1024K)]
  0x000001e6f0eec9e0 JavaThread "MessageBroker-6"                   [_thread_blocked, id=11160, stack(0x0000004903d00000,0x0000004903e00000) (1024K)]
  0x000001e6f0eed070 JavaThread "MessageBroker-7"                   [_thread_blocked, id=29544, stack(0x0000004903e00000,0x0000004903f00000) (1024K)]
  0x000001e6f0eed700 JavaThread "MessageBroker-11"                  [_thread_blocked, id=12120, stack(0x0000004904000000,0x0000004904100000) (1024K)]
  0x000001e6f0eedd90 JavaThread "MessageBroker-10"                  [_thread_blocked, id=4612, stack(0x0000004904100000,0x0000004904200000) (1024K)]
  0x000001e6f0eeb630 JavaThread "MessageBroker-9"                   [_thread_blocked, id=26564, stack(0x0000004904200000,0x0000004904300000) (1024K)]
  0x000001e6f0eeafa0 JavaThread "MessageBroker-8"                   [_thread_blocked, id=3224, stack(0x0000004904300000,0x0000004904400000) (1024K)]
  0x000001e6f0eea910 JavaThread "MessageBroker-12"                  [_thread_blocked, id=26764, stack(0x0000004904400000,0x0000004904500000) (1024K)]
  0x000001e6f0eebcc0 JavaThread "DestroyJavaVM"                     [_thread_blocked, id=23484, stack(0x0000004900100000,0x0000004900200000) (1024K)]
  0x000001e6ebad4dc0 JavaThread "OkHttp api.resend.com"      daemon [_thread_in_native, id=19236, stack(0x0000004902000000,0x0000004902100000) (1024K)]
  0x000001e6ebad2660 JavaThread "OkHttp api.resend.com"      daemon [_thread_in_native, id=35828, stack(0x0000004903f00000,0x0000004904000000) (1024K)]
  0x000001e6ebad4730 JavaThread "OkHttp api.resend.com"      daemon [_thread_in_native, id=15480, stack(0x0000004904500000,0x0000004904600000) (1024K)]
  0x000001e6ebad1940 JavaThread "Okio Watchdog"              daemon [_thread_blocked, id=7964, stack(0x0000004904600000,0x0000004904700000) (1024K)]
  0x000001e6ebad3380 JavaThread "OkHttp api.resend.com"      daemon [_thread_in_native, id=8112, stack(0x0000004900000000,0x0000004900100000) (1024K)]
  0x000001e6ebad2cf0 JavaThread "OkHttp api.resend.com"      daemon [_thread_in_native, id=19576, stack(0x0000004904700000,0x0000004904800000) (1024K)]
  0x000001e6ebad5450 JavaThread "OkHttp api.resend.com"      daemon [_thread_in_native, id=22832, stack(0x0000004901b00000,0x0000004901c00000) (1024K)]
  0x000001e6ebad1fd0 JavaThread "OkHttp api.resend.com"      daemon [_thread_in_native, id=29208, stack(0x0000004904800000,0x0000004904900000) (1024K)]
  0x000001e6ebad5ae0 JavaThread "OkHttp api.resend.com"      daemon [_thread_in_native, id=29752, stack(0x0000004904900000,0x0000004904a00000) (1024K)]
  0x000001e6ebad7bb0 JavaThread "OkHttp api.resend.com"      daemon [_thread_in_native, id=34972, stack(0x0000004904a00000,0x0000004904b00000) (1024K)]
  0x000001e6ebad6e90 JavaThread "OkHttp api.resend.com"      daemon [_thread_in_native, id=35812, stack(0x0000004904b00000,0x0000004904c00000) (1024K)]
  0x000001e6ebad6800 JavaThread "OkHttp TaskRunner"          daemon [_thread_blocked, id=32684, stack(0x0000004904c00000,0x0000004904d00000) (1024K)]
  0x000001e6ebad7520 JavaThread "OkHttp api.resend.com"      daemon [_thread_in_native, id=12876, stack(0x0000004904d00000,0x0000004904e00000) (1024K)]
  0x000001e6ec5ad320 JavaThread "OkHttp api.resend.com"      daemon [_thread_in_native, id=32836, stack(0x0000004901200000,0x0000004901300000) (1024K)]
  0x000001e6ec5abf70 JavaThread "OkHttp api.resend.com"      daemon [_thread_in_native, id=7344, stack(0x0000004904e00000,0x0000004904f00000) (1024K)]
  0x000001e6ec5ae040 JavaThread "OkHttp api.resend.com"      daemon [_thread_in_native, id=23888, stack(0x0000004904f00000,0x0000004905000000) (1024K)]
  0x000001e6ec5ab8e0 JavaThread "OkHttp TaskRunner"          daemon [_thread_blocked, id=24344, stack(0x0000004905000000,0x0000004905100000) (1024K)]
  0x000001e6ec5aabc0 JavaThread "OkHttp TaskRunner"          daemon [_thread_blocked, id=9704, stack(0x0000004901a00000,0x0000004901b00000) (1024K)]
Total: 62

Other Threads:
  0x000001e6a55ce080 VMThread "VM Thread"                           [id=26836, stack(0x0000004900800000,0x0000004900900000) (1024K)]
  0x000001e6a55bb7c0 WatcherThread "VM Periodic Task Thread"        [id=13096, stack(0x0000004900700000,0x0000004900800000) (1024K)]
  0x000001e68605aee0 WorkerThread "GC Thread#0"                     [id=30044, stack(0x0000004900200000,0x0000004900300000) (1024K)]
  0x000001e6eb617cf0 WorkerThread "GC Thread#1"                     [id=31372, stack(0x0000004901600000,0x0000004901700000) (1024K)]
  0x000001e6eb7d23d0 WorkerThread "GC Thread#2"                     [id=19748, stack(0x0000004901700000,0x0000004901800000) (1024K)]
  0x000001e6eb7d2f80 WorkerThread "GC Thread#3"                     [id=15416, stack(0x0000004901800000,0x0000004901900000) (1024K)]
  0x000001e6eb7d3320 WorkerThread "GC Thread#4"                     [id=18224, stack(0x0000004901900000,0x0000004901a00000) (1024K)]
  0x000001e6ec344f60 WorkerThread "GC Thread#5"                     [id=800, stack(0x0000004901300000,0x0000004901400000) (1024K)]
  0x000001e6ec2980e0 WorkerThread "GC Thread#6"                     [id=23884, stack(0x0000004901c00000,0x0000004901d00000) (1024K)]
  0x000001e6ec46ec00 WorkerThread "GC Thread#7"                     [id=25272, stack(0x0000004901d00000,0x0000004901e00000) (1024K)]
  0x000001e6ec46efa0 WorkerThread "GC Thread#8"                     [id=15004, stack(0x0000004901e00000,0x0000004901f00000) (1024K)]
  0x000001e6ec290e30 WorkerThread "GC Thread#9"                     [id=36316, stack(0x0000004902100000,0x0000004902200000) (1024K)]
  0x000001e68606c300 ConcurrentGCThread "G1 Main Marker"            [id=13192, stack(0x0000004900300000,0x0000004900400000) (1024K)]
  0x000001e68606e4b0 WorkerThread "G1 Conc#0"                       [id=9680, stack(0x0000004900400000,0x0000004900500000) (1024K)]
  0x000001e6ec2911d0 WorkerThread "G1 Conc#1"                       [id=35756, stack(0x0000004902200000,0x0000004902300000) (1024K)]
  0x000001e6ec291910 WorkerThread "G1 Conc#2"                       [id=11712, stack(0x0000004902300000,0x0000004902400000) (1024K)]
  0x000001e6a5488780 ConcurrentGCThread "G1 Refine#0"               [id=20592, stack(0x0000004900500000,0x0000004900600000) (1024K)]
  0x000001e6a548a0a0 ConcurrentGCThread "G1 Service"                [id=25100, stack(0x0000004900600000,0x0000004900700000) (1024K)]
Total: 18

Threads with active compile tasks:
C2 CompilerThread0  211815 17585       4       org.hibernate.spi.NavigablePath::<init> (131 bytes)
Total: 1

VM state: not at safepoint (normal execution)

VM Mutex/Monitor currently owned by a thread: None

Heap address: 0x0000000709400000, size: 3948 MB, Compressed Oops mode: Zero based, Oop shift amount: 3

CDS archive(s) mapped at: [0x000001e6a6000000-0x000001e6a6c80000-0x000001e6a6c80000), size 13107200, SharedBaseAddress: 0x000001e6a6000000, ArchiveRelocationMode: 1.
Compressed class space mapped at: 0x000001e6a7000000-0x000001e6e7000000, reserved size: 1073741824
Narrow klass base: 0x000001e6a6000000, Narrow klass shift: 0, Narrow klass range: 0x100000000

GC Precious Log:
 CardTable entry size: 512
 Card Set container configuration: InlinePtr #cards 4 size 8 Array Of Cards #cards 16 size 48 Howl #buckets 8 coarsen threshold 3686 Howl Bitmap #cards 512 size 80 coarsen threshold 460 Card regions per heap region 1 cards per card region 4096
 CPUs: 12 total, 12 available
 Memory: 15789M
 Large Page Support: Disabled
 NUMA Support: Disabled
 Compressed Oops: Enabled (Zero based)
 Heap Region Size: 2M
 Heap Min Capacity: 8M
 Heap Initial Capacity: 248M
 Heap Max Capacity: 3948M
 Pre-touch: Disabled
 Parallel Workers: 10
 Concurrent Workers: 3
 Concurrent Refinement Workers: 10
 Periodic GC: Disabled

Heap:
 garbage-first heap   total 139264K, used 109792K [0x0000000709400000, 0x0000000800000000)
  region size 2048K, 24 young (49152K), 3 survivors (6144K)
 Metaspace       used 113259K, committed 114432K, reserved 1179648K
  class space    used 14567K, committed 15104K, reserved 1048576K

Heap Regions: E=young(eden), S=young(survivor), O=old, HS=humongous(starts), HC=humongous(continues), CS=collection set, F=free, TAMS=top-at-mark-start, PB=parsable bottom
|   0|0x0000000709400000, 0x0000000709600000, 0x0000000709600000|100%| O|  |TAMS 0x0000000709400000| PB 0x0000000709400000| Untracked 
|   1|0x0000000709600000, 0x0000000709800000, 0x0000000709800000|100%| O|  |TAMS 0x0000000709600000| PB 0x0000000709600000| Untracked 
|   2|0x0000000709800000, 0x0000000709a00000, 0x0000000709a00000|100%| O|  |TAMS 0x0000000709800000| PB 0x0000000709800000| Untracked 
|   3|0x0000000709a00000, 0x0000000709c00000, 0x0000000709c00000|100%| O|  |TAMS 0x0000000709a00000| PB 0x0000000709a00000| Untracked 
|   4|0x0000000709c00000, 0x0000000709e00000, 0x0000000709e00000|100%| O|  |TAMS 0x0000000709c00000| PB 0x0000000709c00000| Untracked 
|   5|0x0000000709e00000, 0x000000070a000000, 0x000000070a000000|100%| O|  |TAMS 0x0000000709e00000| PB 0x0000000709e00000| Untracked 
|   6|0x000000070a000000, 0x000000070a200000, 0x000000070a200000|100%| O|  |TAMS 0x000000070a000000| PB 0x000000070a000000| Untracked 
|   7|0x000000070a200000, 0x000000070a400000, 0x000000070a400000|100%| O|  |TAMS 0x000000070a200000| PB 0x000000070a200000| Untracked 
|   8|0x000000070a400000, 0x000000070a600000, 0x000000070a600000|100%| O|  |TAMS 0x000000070a400000| PB 0x000000070a400000| Untracked 
|   9|0x000000070a600000, 0x000000070a800000, 0x000000070a800000|100%| O|  |TAMS 0x000000070a600000| PB 0x000000070a600000| Untracked 
|  10|0x000000070a800000, 0x000000070aa00000, 0x000000070aa00000|100%| O|  |TAMS 0x000000070a800000| PB 0x000000070a800000| Untracked 
|  11|0x000000070aa00000, 0x000000070ac00000, 0x000000070ac00000|100%| O|  |TAMS 0x000000070aa00000| PB 0x000000070aa00000| Untracked 
|  12|0x000000070ac00000, 0x000000070ae00000, 0x000000070ae00000|100%| O|  |TAMS 0x000000070ac00000| PB 0x000000070ac00000| Untracked 
|  13|0x000000070ae00000, 0x000000070b000000, 0x000000070b000000|100%| O|  |TAMS 0x000000070ae00000| PB 0x000000070ae00000| Untracked 
|  14|0x000000070b000000, 0x000000070b200000, 0x000000070b200000|100%| O|  |TAMS 0x000000070b000000| PB 0x000000070b000000| Untracked 
|  15|0x000000070b200000, 0x000000070b400000, 0x000000070b400000|100%| O|  |TAMS 0x000000070b200000| PB 0x000000070b200000| Untracked 
|  16|0x000000070b400000, 0x000000070b600000, 0x000000070b600000|100%| O|  |TAMS 0x000000070b400000| PB 0x000000070b400000| Untracked 
|  17|0x000000070b600000, 0x000000070b800000, 0x000000070b800000|100%| O|  |TAMS 0x000000070b600000| PB 0x000000070b600000| Untracked 
|  18|0x000000070b800000, 0x000000070ba00000, 0x000000070ba00000|100%| O|  |TAMS 0x000000070b800000| PB 0x000000070b800000| Untracked 
|  19|0x000000070ba00000, 0x000000070bc00000, 0x000000070bc00000|100%| O|  |TAMS 0x000000070ba00000| PB 0x000000070ba00000| Untracked 
|  20|0x000000070bc00000, 0x000000070be00000, 0x000000070be00000|100%| O|Cm|TAMS 0x000000070bc00000| PB 0x000000070bc00000| Complete 
|  21|0x000000070be00000, 0x000000070c000000, 0x000000070c000000|100%| O|  |TAMS 0x000000070be00000| PB 0x000000070be00000| Untracked 
|  22|0x000000070c000000, 0x000000070c200000, 0x000000070c200000|100%| O|  |TAMS 0x000000070c000000| PB 0x000000070c000000| Untracked 
|  23|0x000000070c200000, 0x000000070c400000, 0x000000070c400000|100%| O|  |TAMS 0x000000070c200000| PB 0x000000070c200000| Untracked 
|  24|0x000000070c400000, 0x000000070c600000, 0x000000070c600000|100%| O|  |TAMS 0x000000070c400000| PB 0x000000070c400000| Untracked 
|  25|0x000000070c600000, 0x000000070c800000, 0x000000070c800000|100%| O|Cm|TAMS 0x000000070c600000| PB 0x000000070c600000| Complete 
|  26|0x000000070c800000, 0x000000070ca00000, 0x000000070ca00000|100%| O|  |TAMS 0x000000070c800000| PB 0x000000070c800000| Untracked 
|  27|0x000000070ca00000, 0x000000070cc00000, 0x000000070cc00000|100%| O|  |TAMS 0x000000070ca00000| PB 0x000000070ca00000| Untracked 
|  28|0x000000070cc00000, 0x000000070ce00000, 0x000000070ce00000|100%| O|  |TAMS 0x000000070cc00000| PB 0x000000070cc00000| Untracked 
|  29|0x000000070ce00000, 0x000000070d000000, 0x000000070d000000|100%| O|  |TAMS 0x000000070ce00000| PB 0x000000070ce00000| Untracked 
|  30|0x000000070d000000, 0x000000070d200000, 0x000000070d200000|100%| O|  |TAMS 0x000000070d000000| PB 0x000000070d000000| Untracked 
|  31|0x000000070d200000, 0x000000070d257a80, 0x000000070d400000| 17%| O|  |TAMS 0x000000070d200000| PB 0x000000070d200000| Untracked 
|  32|0x000000070d400000, 0x000000070d400000, 0x000000070d600000|  0%| F|  |TAMS 0x000000070d400000| PB 0x000000070d400000| Untracked 
|  33|0x000000070d600000, 0x000000070d600000, 0x000000070d800000|  0%| F|  |TAMS 0x000000070d600000| PB 0x000000070d600000| Untracked 
|  34|0x000000070d800000, 0x000000070d800000, 0x000000070da00000|  0%| F|  |TAMS 0x000000070d800000| PB 0x000000070d800000| Untracked 
|  35|0x000000070da00000, 0x000000070da00000, 0x000000070dc00000|  0%| F|  |TAMS 0x000000070da00000| PB 0x000000070da00000| Untracked 
|  36|0x000000070dc00000, 0x000000070dc00000, 0x000000070de00000|  0%| F|  |TAMS 0x000000070dc00000| PB 0x000000070dc00000| Untracked 
|  37|0x000000070de00000, 0x000000070dee0640, 0x000000070e000000| 43%| S|CS|TAMS 0x000000070de00000| PB 0x000000070de00000| Complete 
|  38|0x000000070e000000, 0x000000070e200000, 0x000000070e200000|100%| S|CS|TAMS 0x000000070e000000| PB 0x000000070e000000| Complete 
|  39|0x000000070e200000, 0x000000070e400000, 0x000000070e400000|100%| S|CS|TAMS 0x000000070e200000| PB 0x000000070e200000| Complete 
|  40|0x000000070e400000, 0x000000070e400000, 0x000000070e600000|  0%| F|  |TAMS 0x000000070e400000| PB 0x000000070e400000| Untracked 
|  41|0x000000070e600000, 0x000000070e600000, 0x000000070e800000|  0%| F|  |TAMS 0x000000070e600000| PB 0x000000070e600000| Untracked 
|  42|0x000000070e800000, 0x000000070e800000, 0x000000070ea00000|  0%| F|  |TAMS 0x000000070e800000| PB 0x000000070e800000| Untracked 
|  43|0x000000070ea00000, 0x000000070ea00000, 0x000000070ec00000|  0%| F|  |TAMS 0x000000070ea00000| PB 0x000000070ea00000| Untracked 
|  44|0x000000070ec00000, 0x000000070ec00000, 0x000000070ee00000|  0%| F|  |TAMS 0x000000070ec00000| PB 0x000000070ec00000| Untracked 
|  45|0x000000070ee00000, 0x000000070ee00000, 0x000000070f000000|  0%| F|  |TAMS 0x000000070ee00000| PB 0x000000070ee00000| Untracked 
|  46|0x000000070f000000, 0x000000070f000000, 0x000000070f200000|  0%| F|  |TAMS 0x000000070f000000| PB 0x000000070f000000| Untracked 
|  47|0x000000070f200000, 0x000000070f31fb50, 0x000000070f400000| 56%| E|  |TAMS 0x000000070f200000| PB 0x000000070f200000| Complete 
|  48|0x000000070f400000, 0x000000070f600000, 0x000000070f600000|100%| E|CS|TAMS 0x000000070f400000| PB 0x000000070f400000| Complete 
|  49|0x000000070f600000, 0x000000070f800000, 0x000000070f800000|100%| E|CS|TAMS 0x000000070f600000| PB 0x000000070f600000| Complete 
|  50|0x000000070f800000, 0x000000070fa00000, 0x000000070fa00000|100%| E|CS|TAMS 0x000000070f800000| PB 0x000000070f800000| Complete 
|  51|0x000000070fa00000, 0x000000070fc00000, 0x000000070fc00000|100%| E|CS|TAMS 0x000000070fa00000| PB 0x000000070fa00000| Complete 
|  52|0x000000070fc00000, 0x000000070fe00000, 0x000000070fe00000|100%| E|CS|TAMS 0x000000070fc00000| PB 0x000000070fc00000| Complete 
|  53|0x000000070fe00000, 0x0000000710000000, 0x0000000710000000|100%| E|CS|TAMS 0x000000070fe00000| PB 0x000000070fe00000| Complete 
|  54|0x0000000710000000, 0x0000000710200000, 0x0000000710200000|100%| E|CS|TAMS 0x0000000710000000| PB 0x0000000710000000| Complete 
|  55|0x0000000710200000, 0x0000000710400000, 0x0000000710400000|100%| E|CS|TAMS 0x0000000710200000| PB 0x0000000710200000| Complete 
|  56|0x0000000710400000, 0x0000000710600000, 0x0000000710600000|100%| E|CS|TAMS 0x0000000710400000| PB 0x0000000710400000| Complete 
|  57|0x0000000710600000, 0x0000000710800000, 0x0000000710800000|100%| E|CS|TAMS 0x0000000710600000| PB 0x0000000710600000| Complete 
|  58|0x0000000710800000, 0x0000000710a00000, 0x0000000710a00000|100%| E|CS|TAMS 0x0000000710800000| PB 0x0000000710800000| Complete 
|  59|0x0000000710a00000, 0x0000000710c00000, 0x0000000710c00000|100%| E|CS|TAMS 0x0000000710a00000| PB 0x0000000710a00000| Complete 
|  60|0x0000000710c00000, 0x0000000710e00000, 0x0000000710e00000|100%| E|CS|TAMS 0x0000000710c00000| PB 0x0000000710c00000| Complete 
|  61|0x0000000710e00000, 0x0000000711000000, 0x0000000711000000|100%| E|CS|TAMS 0x0000000710e00000| PB 0x0000000710e00000| Complete 
|  62|0x0000000711000000, 0x0000000711200000, 0x0000000711200000|100%| E|CS|TAMS 0x0000000711000000| PB 0x0000000711000000| Complete 
|  90|0x0000000714800000, 0x0000000714a00000, 0x0000000714a00000|100%| E|CS|TAMS 0x0000000714800000| PB 0x0000000714800000| Complete 
|  91|0x0000000714a00000, 0x0000000714c00000, 0x0000000714c00000|100%| E|CS|TAMS 0x0000000714a00000| PB 0x0000000714a00000| Complete 
|  92|0x0000000714c00000, 0x0000000714e00000, 0x0000000714e00000|100%| E|CS|TAMS 0x0000000714c00000| PB 0x0000000714c00000| Complete 
|  93|0x0000000714e00000, 0x0000000715000000, 0x0000000715000000|100%| E|CS|TAMS 0x0000000714e00000| PB 0x0000000714e00000| Complete 
| 123|0x0000000718a00000, 0x0000000718c00000, 0x0000000718c00000|100%| E|CS|TAMS 0x0000000718a00000| PB 0x0000000718a00000| Complete 

Card table byte_map: [0x000001e69e400000,0x000001e69ebc0000] _byte_map_base: 0x000001e69abb6000

Marking Bits: (CMBitMap*) 0x000001e68605b4e0
 Bits: [0x000001e69ebc0000, 0x000001e6a2970000)

Polling page: 0x000001e683de0000

Metaspace:

Usage:
  Non-class:     96.38 MB used.
      Class:     14.23 MB used.
       Both:    110.61 MB used.

Virtual space:
  Non-class space:      128.00 MB reserved,      97.00 MB ( 76%) committed,  2 nodes.
      Class space:        1.00 GB reserved,      14.75 MB (  1%) committed,  1 nodes.
             Both:        1.12 GB reserved,     111.75 MB ( 10%) committed. 

Chunk freelists:
   Non-Class:  14.11 MB
       Class:  1.11 MB
        Both:  15.22 MB

MaxMetaspaceSize: unlimited
CompressedClassSpaceSize: 1.00 GB
Initial GC threshold: 21.00 MB
Current GC threshold: 181.19 MB
CDS: on
 - commit_granule_bytes: 65536.
 - commit_granule_words: 8192.
 - virtual_space_node_default_size: 8388608.
 - enlarge_chunks_in_place: 1.
 - use_allocation_guard: 0.


Internal statistics:

num_allocs_failed_limit: 9.
num_arena_births: 1988.
num_arena_deaths: 98.
num_vsnodes_births: 3.
num_vsnodes_deaths: 0.
num_space_committed: 1788.
num_space_uncommitted: 0.
num_chunks_returned_to_freelist: 156.
num_chunks_taken_from_freelist: 6460.
num_chunk_merges: 32.
num_chunk_splits: 4461.
num_chunks_enlarged: 3276.
num_inconsistent_stats: 0.

CodeHeap 'non-profiled nmethods': size=120000Kb used=10321Kb max_used=10321Kb free=109678Kb
 bounds [0x000001e6961b0000, 0x000001e696bd0000, 0x000001e69d6e0000]
CodeHeap 'profiled nmethods': size=120000Kb used=32001Kb max_used=32001Kb free=87998Kb
 bounds [0x000001e68e6e0000, 0x000001e690630000, 0x000001e695c10000]
CodeHeap 'non-nmethods': size=5760Kb used=1847Kb max_used=1898Kb free=3912Kb
 bounds [0x000001e695c10000, 0x000001e695e80000, 0x000001e6961b0000]
CodeCache: size=245760Kb, used=44169Kb, max_used=44220Kb, free=201588Kb
 total_blobs=16333, nmethods=15496, adapters=739, full_count=0
Compilation: enabled, stopped_count=0, restarted_count=0

Compilation events (20 events):
Event: 211.661 Thread 0x000001e6a5605430 17607       3       org.springframework.data.jpa.repository.query.JpaQueryMethod::getEntityGraph (11 bytes)
Event: 211.661 Thread 0x000001e6a5605430 nmethod 17607 0x000001e690617a90 code [0x000001e690617c60, 0x000001e690618058]
Event: 211.664 Thread 0x000001e6a5605430 17608       3       org.springframework.data.jpa.repository.query.QueryParameterSetter$BindableQuery::<init> (39 bytes)
Event: 211.668 Thread 0x000001e6a5605430 nmethod 17608 0x000001e690618190 code [0x000001e6906184a0, 0x000001e690619948]
Event: 211.668 Thread 0x000001e6a5605430 17609       3       org.springframework.data.jpa.repository.query.AbstractJpaQuery::applyHints (101 bytes)
Event: 211.672 Thread 0x000001e6a5605430 nmethod 17609 0x000001e690619f90 code [0x000001e69061a3a0, 0x000001e69061c100]
Event: 211.672 Thread 0x000001e6a5605430 17610       3       org.springframework.data.jpa.repository.query.AbstractJpaQuery::applyEntityGraphConfiguration (51 bytes)
Event: 211.674 Thread 0x000001e6a5605430 nmethod 17610 0x000001e69061ca10 code [0x000001e69061cc80, 0x000001e69061d610]
Event: 211.674 Thread 0x000001e6a5605430 17611       1       org.hibernate.sql.ast.tree.predicate.InListPredicate::getTestExpression (5 bytes)
Event: 211.674 Thread 0x000001e6a5605430 nmethod 17611 0x000001e696bc4290 code [0x000001e696bc4420, 0x000001e696bc44f0]
Event: 211.675 Thread 0x000001e6a5605430 17612       3       org.hibernate.type.descriptor.jdbc.EnumJdbcType$1::doBind (25 bytes)
Event: 211.676 Thread 0x000001e6a5605430 nmethod 17612 0x000001e69061d990 code [0x000001e69061db60, 0x000001e69061dfa8]
Event: 211.676 Thread 0x000001e6a5605430 17613       3       org.hibernate.type.descriptor.java.EnumJavaType::unwrap (11 bytes)
Event: 211.676 Thread 0x000001e6a5605430 nmethod 17613 0x000001e69061e110 code [0x000001e69061e2c0, 0x000001e69061e508]
Event: 211.679 Thread 0x000001e6a5605430 17614       3       com.mysql.cj.util.StringInspector::incrementPosition (10 bytes)
Event: 211.680 Thread 0x000001e6a5605430 nmethod 17614 0x000001e69061e610 code [0x000001e69061e7e0, 0x000001e69061eac0]
Event: 211.685 Thread 0x000001e6a5605430 17615       3       org.hibernate.query.internal.QueryEngineImpl$$Lambda/0x000001e6a772cb80::get (10 bytes)
Event: 211.687 Thread 0x000001e6a5605430 nmethod 17615 0x000001e69061ec10 code [0x000001e69061ee00, 0x000001e69061f470]
Event: 211.694 Thread 0x000001e6a5605430 17616       3       java.util.Collections::list (33 bytes)
Event: 211.695 Thread 0x000001e6a5605430 nmethod 17616 0x000001e69061f690 code [0x000001e69061f8c0, 0x000001e690620258]

GC Heap History (20 events):
Event: 11.900 GC heap before
{Heap before GC invocations=23 (full 0):
 garbage-first heap   total 75776K, used 63488K [0x0000000709400000, 0x0000000800000000)
  region size 2048K, 11 young (22528K), 2 survivors (4096K)
 Metaspace       used 74025K, committed 74752K, reserved 1114112K
  class space    used 10194K, committed 10496K, reserved 1048576K
}
Event: 11.903 GC heap after
{Heap after GC invocations=24 (full 0):
 garbage-first heap   total 75776K, used 46597K [0x0000000709400000, 0x0000000800000000)
  region size 2048K, 1 young (2048K), 1 survivors (2048K)
 Metaspace       used 74025K, committed 74752K, reserved 1114112K
  class space    used 10194K, committed 10496K, reserved 1048576K
}
Event: 11.946 GC heap before
{Heap before GC invocations=24 (full 0):
 garbage-first heap   total 75776K, used 65029K [0x0000000709400000, 0x0000000800000000)
  region size 2048K, 10 young (20480K), 1 survivors (2048K)
 Metaspace       used 74025K, committed 74752K, reserved 1114112K
  class space    used 10194K, committed 10496K, reserved 1048576K
}
Event: 11.949 GC heap after
{Heap after GC invocations=25 (full 0):
 garbage-first heap   total 75776K, used 46747K [0x0000000709400000, 0x0000000800000000)
  region size 2048K, 1 young (2048K), 1 survivors (2048K)
 Metaspace       used 74025K, committed 74752K, reserved 1114112K
  class space    used 10194K, committed 10496K, reserved 1048576K
}
Event: 11.991 GC heap before
{Heap before GC invocations=25 (full 0):
 garbage-first heap   total 75776K, used 65179K [0x0000000709400000, 0x0000000800000000)
  region size 2048K, 10 young (20480K), 1 survivors (2048K)
 Metaspace       used 74026K, committed 74752K, reserved 1114112K
  class space    used 10194K, committed 10496K, reserved 1048576K
}
Event: 11.993 GC heap after
{Heap after GC invocations=26 (full 0):
 garbage-first heap   total 139264K, used 46836K [0x0000000709400000, 0x0000000800000000)
  region size 2048K, 1 young (2048K), 1 survivors (2048K)
 Metaspace       used 74026K, committed 74752K, reserved 1114112K
  class space    used 10194K, committed 10496K, reserved 1048576K
}
Event: 12.866 GC heap before
{Heap before GC invocations=27 (full 0):
 garbage-first heap   total 139264K, used 122612K [0x0000000709400000, 0x0000000800000000)
  region size 2048K, 38 young (77824K), 1 survivors (2048K)
 Metaspace       used 80876K, committed 81600K, reserved 1179648K
  class space    used 10988K, committed 11328K, reserved 1048576K
}
Event: 12.871 GC heap after
{Heap after GC invocations=28 (full 0):
 garbage-first heap   total 139264K, used 52909K [0x0000000709400000, 0x0000000800000000)
  region size 2048K, 4 young (8192K), 4 survivors (8192K)
 Metaspace       used 80876K, committed 81600K, reserved 1179648K
  class space    used 10988K, committed 11328K, reserved 1048576K
}
Event: 13.549 GC heap before
{Heap before GC invocations=28 (full 0):
 garbage-first heap   total 139264K, used 120493K [0x0000000709400000, 0x0000000800000000)
  region size 2048K, 37 young (75776K), 4 survivors (8192K)
 Metaspace       used 85465K, committed 86208K, reserved 1179648K
  class space    used 11373K, committed 11712K, reserved 1048576K
}
Event: 13.557 GC heap after
{Heap after GC invocations=29 (full 0):
 garbage-first heap   total 139264K, used 56007K [0x0000000709400000, 0x0000000800000000)
  region size 2048K, 2 young (4096K), 2 survivors (4096K)
 Metaspace       used 85465K, committed 86208K, reserved 1179648K
  class space    used 11373K, committed 11712K, reserved 1048576K
}
Event: 14.435 GC heap before
{Heap before GC invocations=29 (full 0):
 garbage-first heap   total 139264K, used 123591K [0x0000000709400000, 0x0000000800000000)
  region size 2048K, 35 young (71680K), 2 survivors (4096K)
 Metaspace       used 89338K, committed 90240K, reserved 1179648K
  class space    used 11804K, committed 12224K, reserved 1048576K
}
Event: 14.441 GC heap after
{Heap after GC invocations=30 (full 0):
 garbage-first heap   total 139264K, used 59435K [0x0000000709400000, 0x0000000800000000)
  region size 2048K, 4 young (8192K), 4 survivors (8192K)
 Metaspace       used 89338K, committed 90240K, reserved 1179648K
  class space    used 11804K, committed 12224K, reserved 1048576K
}
Event: 15.535 GC heap before
{Heap before GC invocations=31 (full 0):
 garbage-first heap   total 139264K, used 120875K [0x0000000709400000, 0x0000000800000000)
  region size 2048K, 34 young (69632K), 4 survivors (8192K)
 Metaspace       used 94205K, committed 95168K, reserved 1179648K
  class space    used 12557K, committed 12992K, reserved 1048576K
}
Event: 15.547 GC heap after
{Heap after GC invocations=32 (full 0):
 garbage-first heap   total 139264K, used 64069K [0x0000000709400000, 0x0000000800000000)
  region size 2048K, 5 young (10240K), 5 survivors (10240K)
 Metaspace       used 94205K, committed 95168K, reserved 1179648K
  class space    used 12557K, committed 12992K, reserved 1048576K
}
Event: 42.676 GC heap before
{Heap before GC invocations=32 (full 0):
 garbage-first heap   total 139264K, used 117317K [0x0000000709400000, 0x0000000800000000)
  region size 2048K, 31 young (63488K), 5 survivors (10240K)
 Metaspace       used 101807K, committed 102848K, reserved 1179648K
  class space    used 13584K, committed 14080K, reserved 1048576K
}
Event: 42.687 GC heap after
{Heap after GC invocations=33 (full 0):
 garbage-first heap   total 139264K, used 64266K [0x0000000709400000, 0x0000000800000000)
  region size 2048K, 2 young (4096K), 2 survivors (4096K)
 Metaspace       used 101807K, committed 102848K, reserved 1179648K
  class space    used 13584K, committed 14080K, reserved 1048576K
}
Event: 92.813 GC heap before
{Heap before GC invocations=33 (full 0):
 garbage-first heap   total 139264K, used 123658K [0x0000000709400000, 0x0000000800000000)
  region size 2048K, 32 young (65536K), 2 survivors (4096K)
 Metaspace       used 110187K, committed 111296K, reserved 1179648K
  class space    used 14372K, committed 14912K, reserved 1048576K
}
Event: 92.820 GC heap after
{Heap after GC invocations=34 (full 0):
 garbage-first heap   total 139264K, used 66585K [0x0000000709400000, 0x0000000800000000)
  region size 2048K, 3 young (6144K), 3 survivors (6144K)
 Metaspace       used 110187K, committed 111296K, reserved 1179648K
  class space    used 14372K, committed 14912K, reserved 1048576K
}
Event: 156.510 GC heap before
{Heap before GC invocations=35 (full 0):
 garbage-first heap   total 139264K, used 121881K [0x0000000709400000, 0x0000000800000000)
  region size 2048K, 31 young (63488K), 3 survivors (6144K)
 Metaspace       used 112626K, committed 113728K, reserved 1179648K
  class space    used 14547K, committed 15040K, reserved 1048576K
}
Event: 156.523 GC heap after
{Heap after GC invocations=36 (full 0):
 garbage-first heap   total 139264K, used 68832K [0x0000000709400000, 0x0000000800000000)
  region size 2048K, 3 young (6144K), 3 survivors (6144K)
 Metaspace       used 112626K, committed 113728K, reserved 1179648K
  class space    used 14547K, committed 15040K, reserved 1048576K
}

Dll operation events (13 events):
Event: 0.018 Loaded shared library C:\Users\ENZO\.jdks\temurin-21.0.8\bin\java.dll
Event: 0.070 Loaded shared library C:\Users\ENZO\.jdks\temurin-21.0.8\bin\jsvml.dll
Event: 0.283 Loaded shared library C:\Users\ENZO\.jdks\temurin-21.0.8\bin\zip.dll
Event: 0.288 Loaded shared library C:\Users\ENZO\.jdks\temurin-21.0.8\bin\instrument.dll
Event: 0.296 Loaded shared library C:\Users\ENZO\.jdks\temurin-21.0.8\bin\net.dll
Event: 0.299 Loaded shared library C:\Users\ENZO\.jdks\temurin-21.0.8\bin\nio.dll
Event: 0.305 Loaded shared library C:\Users\ENZO\.jdks\temurin-21.0.8\bin\zip.dll
Event: 0.532 Loaded shared library C:\Users\ENZO\.jdks\temurin-21.0.8\bin\extnet.dll
Event: 0.612 Loaded shared library C:\Users\ENZO\.jdks\temurin-21.0.8\bin\jimage.dll
Event: 1.058 Loaded shared library C:\Users\ENZO\.jdks\temurin-21.0.8\bin\management.dll
Event: 1.063 Loaded shared library C:\Users\ENZO\.jdks\temurin-21.0.8\bin\management_ext.dll
Event: 3.091 Loaded shared library C:\Users\ENZO\.jdks\temurin-21.0.8\bin\sunmscapi.dll
Event: 5.462 Loaded shared library C:\Users\ENZO\.jdks\temurin-21.0.8\bin\verify.dll

Deoptimization events (20 events):
Event: 165.214 Thread 0x000001e6edf6e890 DEOPT PACKING pc=0x000001e696b4ea08 sp=0x0000004902df82c0
Event: 165.214 Thread 0x000001e6edf6e890 DEOPT UNPACKING pc=0x000001e695c646a2 sp=0x0000004902df8258 mode 2
Event: 165.214 Thread 0x000001e6edf6e890 Uncommon trap: trap_request=0xffffffbe fr.pc=0x000001e696b4ea08 relative=0x0000000000000528
Event: 165.214 Thread 0x000001e6edf6e890 Uncommon trap: reason=profile_predicate action=maybe_recompile pc=0x000001e696b4ea08 method=com.sun.crypto.provider.HmacCore.engineInit(Ljava/security/Key;Ljava/security/spec/AlgorithmParameterSpec;)V @ 88 c2
Event: 165.214 Thread 0x000001e6edf6e890 DEOPT PACKING pc=0x000001e696b4ea08 sp=0x0000004902df8380
Event: 165.214 Thread 0x000001e6edf6e890 DEOPT UNPACKING pc=0x000001e695c646a2 sp=0x0000004902df8318 mode 2
Event: 177.377 Thread 0x000001e6edf70960 DEOPT PACKING pc=0x000001e690408fa8 sp=0x00000049030f98a0
Event: 177.377 Thread 0x000001e6edf70960 DEOPT UNPACKING pc=0x000001e695c64e42 sp=0x00000049030f9010 mode 0
Event: 179.420 Thread 0x000001e6f0ee9bf0 Uncommon trap: trap_request=0xffffff45 fr.pc=0x000001e696b624b8 relative=0x0000000000000098
Event: 179.420 Thread 0x000001e6f0ee9bf0 Uncommon trap: reason=unstable_if action=reinterpret pc=0x000001e696b624b8 method=java.lang.reflect.Method.isDefault()Z @ 19 c2
Event: 179.420 Thread 0x000001e6f0ee9bf0 DEOPT PACKING pc=0x000001e696b624b8 sp=0x00000049036f9f80
Event: 179.420 Thread 0x000001e6f0ee9bf0 DEOPT UNPACKING pc=0x000001e695c646a2 sp=0x00000049036f9f10 mode 2
Event: 179.432 Thread 0x000001e6f0ee9bf0 DEOPT PACKING pc=0x000001e690408fa8 sp=0x00000049036f7110
Event: 179.432 Thread 0x000001e6f0ee9bf0 DEOPT UNPACKING pc=0x000001e695c64e42 sp=0x00000049036f6880 mode 0
Event: 184.358 Thread 0x000001e6f0ee7490 DEOPT PACKING pc=0x000001e690408fa8 sp=0x00000049034f7750
Event: 184.358 Thread 0x000001e6f0ee7490 DEOPT UNPACKING pc=0x000001e695c64e42 sp=0x00000049034f6ec0 mode 0
Event: 186.334 Thread 0x000001e6ebad7bb0 DEOPT PACKING pc=0x000001e68f51bbd2 sp=0x0000004904afe4f0
Event: 186.334 Thread 0x000001e6ebad7bb0 DEOPT UNPACKING pc=0x000001e695c64e42 sp=0x0000004904afd9e0 mode 0
Event: 203.509 Thread 0x000001e6edf702d0 DEOPT PACKING pc=0x000001e690408fa8 sp=0x0000004902ff9910
Event: 203.509 Thread 0x000001e6edf702d0 DEOPT UNPACKING pc=0x000001e695c64e42 sp=0x0000004902ff9080 mode 0

Classes loaded (20 events):
Event: 96.182 Loading class sun/security/ssl/PostHandshakeContext
Event: 96.182 Loading class sun/security/ssl/PostHandshakeContext done
Event: 96.182 Loading class sun/security/ssl/NewSessionTicket$T13NewSessionTicketMessage
Event: 96.183 Loading class sun/security/ssl/NewSessionTicket$NewSessionTicketMessage
Event: 96.183 Loading class sun/security/ssl/NewSessionTicket$NewSessionTicketMessage done
Event: 96.183 Loading class sun/security/ssl/NewSessionTicket$T13NewSessionTicketMessage done
Event: 148.217 Loading class java/util/function/LongSupplier
Event: 148.217 Loading class java/util/function/LongSupplier done
Event: 195.202 Loading class sun/net/ConnectionResetException
Event: 195.203 Loading class sun/net/ConnectionResetException done
Event: 195.203 Loading class javax/crypto/AEADBadTagException
Event: 195.217 Loading class javax/crypto/BadPaddingException
Event: 195.217 Loading class javax/crypto/BadPaddingException done
Event: 195.217 Loading class javax/crypto/AEADBadTagException done
Event: 195.217 Loading class sun/security/ssl/Alert
Event: 195.217 Loading class sun/security/ssl/Alert done
Event: 195.218 Loading class sun/security/ssl/Alert$AlertConsumer
Event: 195.218 Loading class sun/security/ssl/Alert$AlertConsumer done
Event: 195.218 Loading class sun/security/ssl/Alert$Level
Event: 195.219 Loading class sun/security/ssl/Alert$Level done

Classes unloaded (20 events):
Event: 92.866 Thread 0x000001e6a55ce080 Unloading class 0x000001e6a7b8cc00 'jdk/internal/reflect/GeneratedSerializationConstructorAccessor26'
Event: 92.866 Thread 0x000001e6a55ce080 Unloading class 0x000001e6a7b8c800 'jdk/internal/reflect/GeneratedSerializationConstructorAccessor25'
Event: 92.866 Thread 0x000001e6a55ce080 Unloading class 0x000001e6a7b8c400 'jdk/internal/reflect/GeneratedSerializationConstructorAccessor24'
Event: 92.866 Thread 0x000001e6a55ce080 Unloading class 0x000001e6a7b89800 'jdk/internal/reflect/GeneratedSerializationConstructorAccessor23'
Event: 92.866 Thread 0x000001e6a55ce080 Unloading class 0x000001e6a7b88800 'jdk/internal/reflect/GeneratedSerializationConstructorAccessor22'
Event: 92.866 Thread 0x000001e6a55ce080 Unloading class 0x000001e6a7b82c00 'jdk/internal/reflect/GeneratedSerializationConstructorAccessor21'
Event: 92.866 Thread 0x000001e6a55ce080 Unloading class 0x000001e6a7b82800 'jdk/internal/reflect/GeneratedSerializationConstructorAccessor20'
Event: 92.866 Thread 0x000001e6a55ce080 Unloading class 0x000001e6a7b82400 'jdk/internal/reflect/GeneratedSerializationConstructorAccessor19'
Event: 92.866 Thread 0x000001e6a55ce080 Unloading class 0x000001e6a7b82000 'jdk/internal/reflect/GeneratedSerializationConstructorAccessor18'
Event: 92.866 Thread 0x000001e6a55ce080 Unloading class 0x000001e6a7b81c00 'jdk/internal/reflect/GeneratedSerializationConstructorAccessor17'
Event: 92.866 Thread 0x000001e6a55ce080 Unloading class 0x000001e6a7b7e800 'jdk/internal/reflect/GeneratedSerializationConstructorAccessor16'
Event: 92.866 Thread 0x000001e6a55ce080 Unloading class 0x000001e6a7b71000 'jdk/internal/reflect/GeneratedSerializationConstructorAccessor15'
Event: 92.866 Thread 0x000001e6a55ce080 Unloading class 0x000001e6a7b69c00 'jdk/internal/reflect/GeneratedSerializationConstructorAccessor14'
Event: 92.866 Thread 0x000001e6a55ce080 Unloading class 0x000001e6a7b51c00 'jdk/internal/reflect/GeneratedSerializationConstructorAccessor13'
Event: 92.866 Thread 0x000001e6a55ce080 Unloading class 0x000001e6a7b51800 'jdk/internal/reflect/GeneratedSerializationConstructorAccessor12'
Event: 92.866 Thread 0x000001e6a55ce080 Unloading class 0x000001e6a7b51400 'jdk/internal/reflect/GeneratedSerializationConstructorAccessor11'
Event: 92.866 Thread 0x000001e6a55ce080 Unloading class 0x000001e6a7b51000 'jdk/internal/reflect/GeneratedSerializationConstructorAccessor10'
Event: 92.866 Thread 0x000001e6a55ce080 Unloading class 0x000001e6a7b4b400 'jdk/internal/reflect/GeneratedSerializationConstructorAccessor9'
Event: 92.866 Thread 0x000001e6a55ce080 Unloading class 0x000001e6a7b48000 'jdk/internal/reflect/GeneratedSerializationConstructorAccessor8'
Event: 92.866 Thread 0x000001e6a55ce080 Unloading class 0x000001e6a7b46400 'jdk/internal/reflect/GeneratedSerializationConstructorAccessor7'

Classes redefined (0 events):
No events

Internal exceptions (20 events):
Event: 52.487 Thread 0x000001e6f0ee7490 Exception <a 'java/lang/NoSuchMethodError'{0x00000007111b0090}: 'int java.lang.invoke.DirectMethodHandle$Holder.invokeStatic(java.lang.Object, java.lang.Object, int, int)'> (0x00000007111b0090) 
thrown [s\src\hotspot\share\interpreter\linkResolver.cpp, line 773]
Event: 71.138 Thread 0x000001e6f0ee9bf0 Exception <a 'java/lang/NoSuchMethodError'{0x0000000710077a80}: 'java.lang.Object java.lang.invoke.DirectMethodHandle$Holder.newInvokeSpecial(java.lang.Object, java.lang.Object, java.lang.Object, java.lang.Object, java.lang.Object, java.lang.Object, java.lang.Object, java.lang.Object, java.lang.Object, java.lang.Object, java.lang.Object, java.lang.Object, java.lang.Object)'> (0x0000000710077a80) 
thrown [s\src\hotspot\share\interpreter\linkResolver.cpp, line 773]
Event: 71.140 Thread 0x000001e6f0ee9bf0 Exception <a 'java/lang/NoSuchMethodError'{0x000000071007cd18}: 'java.lang.Object java.lang.invoke.DelegatingMethodHandle$Holder.reinvoke_L(java.lang.Object, java.lang.Object, java.lang.Object, java.lang.Object, java.lang.Object, java.lang.Object, java.lang.Object, java.lang.Object, java.lang.Object, java.lang.Object, java.lang.Object, java.lang.Object, java.lang.Object)'> (0x000000071007cd18) 
thrown [s\src\hotspot\share\interpreter\linkResolver.cpp, line 773]
Event: 71.248 Thread 0x000001e6f0ee9bf0 Exception <a 'java/lang/NoSuchMethodError'{0x000000070ff20968}: 'java.lang.Object java.lang.invoke.DirectMethodHandle$Holder.invokeInterface(java.lang.Object, java.lang.Object, java.lang.Object, java.lang.Object, java.lang.Object)'> (0x000000070ff20968) 
thrown [s\src\hotspot\share\interpreter\linkResolver.cpp, line 773]
Event: 71.392 Thread 0x000001e6f0ee7490 Exception <a 'java/lang/NoSuchMethodError'{0x000000070fcc7568}: 'void java.lang.invoke.DirectMethodHandle$Holder.invokeVirtual(java.lang.Object, java.lang.Object, java.lang.Object, java.lang.Object, java.lang.Object, java.lang.Object, java.lang.Object)'> (0x000000070fcc7568) 
thrown [s\src\hotspot\share\interpreter\linkResolver.cpp, line 773]
Event: 71.393 Thread 0x000001e6f0ee7490 Exception <a 'java/lang/NoSuchMethodError'{0x000000070fccbda0}: 'void java.lang.invoke.DelegatingMethodHandle$Holder.reinvoke_L(java.lang.Object, java.lang.Object, java.lang.Object, java.lang.Object, java.lang.Object, java.lang.Object, java.lang.Object)'> (0x000000070fccbda0) 
thrown [s\src\hotspot\share\interpreter\linkResolver.cpp, line 773]
Event: 80.508 Thread 0x000001e6f0ee7490 Exception <a 'java/lang/IncompatibleClassChangeError'{0x000000070f2d5078}: Found class java.lang.Object, but interface was expected> (0x000000070f2d5078) 
thrown [s\src\hotspot\share\interpreter\linkResolver.cpp, line 840]
Event: 80.577 Thread 0x000001e6f0ee7490 Exception <a 'java/lang/IncompatibleClassChangeError'{0x000000070f347b98}: Found class java.lang.Object, but interface was expected> (0x000000070f347b98) 
thrown [s\src\hotspot\share\interpreter\linkResolver.cpp, line 840]
Event: 80.577 Thread 0x000001e6f0ee7490 Exception <a 'java/lang/IncompatibleClassChangeError'{0x000000070f348e98}: Found class java.lang.Object, but interface was expected> (0x000000070f348e98) 
thrown [s\src\hotspot\share\interpreter\linkResolver.cpp, line 840]
Event: 80.579 Thread 0x000001e6f0ee7490 Exception <a 'java/lang/IncompatibleClassChangeError'{0x000000070f34cb38}: Found class java.lang.Object, but interface was expected> (0x000000070f34cb38) 
thrown [s\src\hotspot\share\interpreter\linkResolver.cpp, line 840]
Event: 146.647 Thread 0x000001e6edf6ef20 Exception <a 'java/lang/NoSuchMethodError'{0x000000070ea03848}: 'java.lang.Object java.lang.invoke.DirectMethodHandle$Holder.invokeSpecial(java.lang.Object, java.lang.Object, long, java.lang.Object)'> (0x000000070ea03848) 
thrown [s\src\hotspot\share\interpreter\linkResolver.cpp, line 773]
Event: 146.648 Thread 0x000001e6edf6ef20 Exception <a 'java/lang/NoSuchMethodError'{0x000000070ea0a818}: 'java.lang.Object java.lang.invoke.DirectMethodHandle$Holder.newInvokeSpecial(java.lang.Object, java.lang.Object, long)'> (0x000000070ea0a818) 
thrown [s\src\hotspot\share\interpreter\linkResolver.cpp, line 773]
Event: 146.648 Thread 0x000001e6edf6ef20 Exception <a 'java/lang/NoSuchMethodError'{0x000000070ea0e640}: 'java.lang.Object java.lang.invoke.Invokers$Holder.linkToTargetMethod(java.lang.Object, long, java.lang.Object)'> (0x000000070ea0e640) 
thrown [s\src\hotspot\share\interpreter\linkResolver.cpp, line 773]
Event: 146.657 Thread 0x000001e6edf6ef20 Exception <a 'java/lang/NoSuchMethodError'{0x000000070ea35370}: 'double java.lang.invoke.DirectMethodHandle$Holder.invokeSpecial(java.lang.Object, java.lang.Object)'> (0x000000070ea35370) 
thrown [s\src\hotspot\share\interpreter\linkResolver.cpp, line 773]
Event: 146.657 Thread 0x000001e6edf6ef20 Exception <a 'java/lang/NoSuchMethodError'{0x000000070ea3c860}: 'double java.lang.invoke.DelegatingMethodHandle$Holder.reinvoke_L(java.lang.Object, java.lang.Object)'> (0x000000070ea3c860) 
thrown [s\src\hotspot\share\interpreter\linkResolver.cpp, line 773]
Event: 148.179 Thread 0x000001e6edf702d0 Exception <a 'java/lang/NoSuchMethodError'{0x000000070eaf7a30}: 'java.lang.Object java.lang.invoke.DelegatingMethodHandle$Holder.reinvoke_L(java.lang.Object, java.lang.Object, int, int, java.lang.Object, java.lang.Object, java.lang.Object)'> (0x000000070eaf7a30) 
thrown [s\src\hotspot\share\interpreter\linkResolver.cpp, line 773]
Event: 148.194 Thread 0x000001e6edf702d0 Implicit null exception at 0x000001e6968bb1bb to 0x000001e6968bb678
Event: 150.500 Thread 0x000001e6ee42b7b0 Exception <a 'java/lang/NoSuchMethodError'{0x000000070e600b28}: 'java.lang.Object java.lang.invoke.DelegatingMethodHandle$Holder.reinvoke_L(java.lang.Object, java.lang.Object, java.lang.Object, java.lang.Object, java.lang.Object, java.lang.Object, java.lang.Object, java.lang.Object, java.lang.Object, int, int, java.lang.Object)'> (0x000000070e600b28) 
thrown [s\src\hotspot\share\interpreter\linkResolver.cpp, line 773]
Event: 195.203 Thread 0x000001e6f0ee6e00 Exception <a 'sun/net/ConnectionResetException'{0x00000007100eb808}: Connection reset> (0x00000007100eb808) 
thrown [s\src\hotspot\share\prims\jni.cpp, line 539]
Event: 195.219 Thread 0x000001e6f0ee6e00 Exception <a 'java/io/IOException'{0x00000007100f0480}: Connection reset by peer> (0x00000007100f0480) 
thrown [s\src\hotspot\share\prims\jni.cpp, line 539]

ZGC Phase Switch (0 events):
No events

VM Operations (20 events):
Event: 193.540 Executing VM operation: Cleanup
Event: 193.540 Executing VM operation: Cleanup done
Event: 194.550 Executing VM operation: Cleanup
Event: 194.550 Executing VM operation: Cleanup done
Event: 199.587 Executing VM operation: Cleanup
Event: 199.587 Executing VM operation: Cleanup done
Event: 200.594 Executing VM operation: Cleanup
Event: 200.594 Executing VM operation: Cleanup done
Event: 201.606 Executing VM operation: Cleanup
Event: 201.606 Executing VM operation: Cleanup done
Event: 202.607 Executing VM operation: Cleanup
Event: 202.607 Executing VM operation: Cleanup done
Event: 203.611 Executing VM operation: Cleanup
Event: 203.611 Executing VM operation: Cleanup done
Event: 204.616 Executing VM operation: Cleanup
Event: 204.616 Executing VM operation: Cleanup done
Event: 207.634 Executing VM operation: Cleanup
Event: 207.635 Executing VM operation: Cleanup done
Event: 211.649 Executing VM operation: Cleanup
Event: 211.649 Executing VM operation: Cleanup done

Memory protections (0 events):
No events

Nmethod flushes (20 events):
Event: 92.887 Thread 0x000001e6a55ce080 flushing  nmethod 0x000001e68efae090
Event: 92.887 Thread 0x000001e6a55ce080 flushing  nmethod 0x000001e68efae710
Event: 92.887 Thread 0x000001e6a55ce080 flushing  nmethod 0x000001e68efea090
Event: 92.887 Thread 0x000001e6a55ce080 flushing  nmethod 0x000001e68efea810
Event: 92.887 Thread 0x000001e6a55ce080 flushing  nmethod 0x000001e68efece10
Event: 92.887 Thread 0x000001e6a55ce080 flushing  nmethod 0x000001e68f09d210
Event: 92.887 Thread 0x000001e6a55ce080 flushing  nmethod 0x000001e68f0c1190
Event: 92.887 Thread 0x000001e6a55ce080 flushing  nmethod 0x000001e68f0c1510
Event: 92.887 Thread 0x000001e6a55ce080 flushing  nmethod 0x000001e68f0c1910
Event: 92.887 Thread 0x000001e6a55ce080 flushing  nmethod 0x000001e68f0c2390
Event: 92.887 Thread 0x000001e6a55ce080 flushing  nmethod 0x000001e68f0c2710
Event: 92.887 Thread 0x000001e6a55ce080 flushing  nmethod 0x000001e68f0c2a90
Event: 92.887 Thread 0x000001e6a55ce080 flushing  nmethod 0x000001e68f0c4790
Event: 92.887 Thread 0x000001e6a55ce080 flushing  nmethod 0x000001e68f2bf710
Event: 92.887 Thread 0x000001e6a55ce080 flushing  nmethod 0x000001e68f3a2790
Event: 92.887 Thread 0x000001e6a55ce080 flushing  nmethod 0x000001e68f54ee10
Event: 92.887 Thread 0x000001e6a55ce080 flushing  nmethod 0x000001e68f557a90
Event: 92.887 Thread 0x000001e6a55ce080 flushing  nmethod 0x000001e68f558110
Event: 92.887 Thread 0x000001e6a55ce080 flushing  nmethod 0x000001e68f559e90
Event: 92.887 Thread 0x000001e6a55ce080 flushing  nmethod 0x000001e68f652910

Events (20 events):
Event: 98.649 Thread 0x000001e6ebad3380 Thread added: 0x000001e6ebad5450
Event: 100.254 Thread 0x000001e6ebad5450 Thread added: 0x000001e6ebad1fd0
Event: 101.202 Thread 0x000001e6ebad3380 Thread added: 0x000001e6ebad5ae0
Event: 113.090 Thread 0x000001e6a5605430 Thread added: 0x000001e6ef4e6ab0
Event: 115.407 Thread 0x000001e6ef4e6ab0 Thread exited: 0x000001e6ef4e6ab0
Event: 125.363 Thread 0x000001e6ebad5450 Thread added: 0x000001e6ebad7bb0
Event: 127.191 Thread 0x000001e6ebad7bb0 Thread added: 0x000001e6ebad6e90
Event: 129.991 Thread 0x000001e6ebad5450 Thread added: 0x000001e6ebad6800
Event: 131.174 Thread 0x000001e6ebad5450 Thread added: 0x000001e6ebad7520
Event: 133.957 Thread 0x000001e6ebad6800 Thread added: 0x000001e6ec5ad320
Event: 159.570 Thread 0x000001e6ebad7bb0 Thread added: 0x000001e6ec5abf70
Event: 165.216 Thread 0x000001e6ebad7bb0 Thread added: 0x000001e6ec5ae040
Event: 177.402 Thread 0x000001e6a5605430 Thread added: 0x000001e6ef4e7180
Event: 179.394 Thread 0x000001e6ef4e7180 Thread exited: 0x000001e6ef4e7180
Event: 186.049 Thread 0x000001e6ebad6800 Thread added: 0x000001e6ec5ab8e0
Event: 186.429 Thread 0x000001e6a5605430 Thread added: 0x000001e6ef4e3b00
Event: 188.002 Thread 0x000001e6ef4e3b00 Thread exited: 0x000001e6ef4e3b00
Event: 189.452 Thread 0x000001e6a5605430 Thread added: 0x000001e6ef4e7180
Event: 190.408 Thread 0x000001e6ef4e7180 Thread exited: 0x000001e6ef4e7180
Event: 203.468 Thread 0x000001e6ec5ab8e0 Thread added: 0x000001e6ec5aabc0


Dynamic libraries:
0x00007ff7d9560000 - 0x00007ff7d956e000 	C:\Users\ENZO\.jdks\temurin-21.0.8\bin\java.exe
0x00007ff90eda0000 - 0x00007ff90f007000 	C:\WINDOWS\SYSTEM32\ntdll.dll
0x00007ff90e0b0000 - 0x00007ff90e179000 	C:\WINDOWS\System32\KERNEL32.DLL
0x00007ff90ba00000 - 0x00007ff90bdf7000 	C:\WINDOWS\System32\KERNELBASE.dll
0x00007ff90be00000 - 0x00007ff90bf4b000 	C:\WINDOWS\System32\ucrtbase.dll
0x00007ff908ed0000 - 0x00007ff908eee000 	C:\Users\ENZO\.jdks\temurin-21.0.8\bin\VCRUNTIME140.dll
0x00007ff907f60000 - 0x00007ff907f78000 	C:\Users\ENZO\.jdks\temurin-21.0.8\bin\jli.dll
0x00007ff90dce0000 - 0x00007ff90dea6000 	C:\WINDOWS\System32\USER32.dll
0x00007ff8fbfc0000 - 0x00007ff8fc252000 	C:\WINDOWS\WinSxS\amd64_microsoft.windows.common-controls_6595b64144ccf1df_6.0.26100.8457_none_3e0b2faee331e92d\COMCTL32.dll
0x00007ff90b7a0000 - 0x00007ff90b7c7000 	C:\WINDOWS\System32\win32u.dll
0x00007ff90cc80000 - 0x00007ff90cd29000 	C:\WINDOWS\System32\msvcrt.dll
0x00007ff90d8f0000 - 0x00007ff90d91b000 	C:\WINDOWS\System32\GDI32.dll
0x00007ff90c910000 - 0x00007ff90ca3c000 	C:\WINDOWS\System32\gdi32full.dll
0x00007ff90b950000 - 0x00007ff90b9f3000 	C:\WINDOWS\System32\msvcp_win.dll
0x00007ff90ecf0000 - 0x00007ff90ed22000 	C:\WINDOWS\System32\IMM32.DLL
0x00007ff907f00000 - 0x00007ff907f0c000 	C:\Users\ENZO\.jdks\temurin-21.0.8\bin\vcruntime140_1.dll
0x00007ff8f63f0000 - 0x00007ff8f647d000 	C:\Users\ENZO\.jdks\temurin-21.0.8\bin\msvcp140.dll
0x00007ff89ad40000 - 0x00007ff89bad7000 	C:\Users\ENZO\.jdks\temurin-21.0.8\bin\server\jvm.dll
0x00007ff90ec30000 - 0x00007ff90ece6000 	C:\WINDOWS\System32\ADVAPI32.dll
0x00007ff90d930000 - 0x00007ff90d9d7000 	C:\WINDOWS\System32\sechost.dll
0x00007ff90cb60000 - 0x00007ff90cc78000 	C:\WINDOWS\System32\RPCRT4.dll
0x00007ff90eae0000 - 0x00007ff90eb60000 	C:\WINDOWS\System32\WS2_32.dll
0x00007ff90b600000 - 0x00007ff90b65e000 	C:\WINDOWS\SYSTEM32\POWRPROF.dll
0x00007ff902ec0000 - 0x00007ff902ef6000 	C:\WINDOWS\SYSTEM32\WINMM.dll
0x00007ff904c90000 - 0x00007ff904c9b000 	C:\WINDOWS\SYSTEM32\VERSION.dll
0x00007ff90b5e0000 - 0x00007ff90b5f4000 	C:\WINDOWS\SYSTEM32\UMPDC.dll
0x00007ff90a530000 - 0x00007ff90a54b000 	C:\WINDOWS\SYSTEM32\kernel.appcore.dll
0x00007ff900790000 - 0x00007ff90079a000 	C:\Users\ENZO\.jdks\temurin-21.0.8\bin\jimage.dll
0x00007ff903660000 - 0x00007ff9038a2000 	C:\WINDOWS\SYSTEM32\DBGHELP.DLL
0x00007ff90d210000 - 0x00007ff90d593000 	C:\WINDOWS\System32\combase.dll
0x00007ff90d620000 - 0x00007ff90d6f9000 	C:\WINDOWS\System32\OLEAUT32.dll
0x00007ff8f3a30000 - 0x00007ff8f3a6b000 	C:\WINDOWS\SYSTEM32\dbgcore.DLL
0x00007ff90ca40000 - 0x00007ff90cae8000 	C:\WINDOWS\System32\bcryptPrimitives.dll
0x00007ff8fdaa0000 - 0x00007ff8fdaaf000 	C:\Users\ENZO\.jdks\temurin-21.0.8\bin\instrument.dll
0x00007ff8ffe90000 - 0x00007ff8ffeaf000 	C:\Users\ENZO\.jdks\temurin-21.0.8\bin\java.dll
0x00007ff90e330000 - 0x00007ff90ea9e000 	C:\WINDOWS\System32\SHELL32.dll
0x00007ff90bf50000 - 0x00007ff90c7bc000 	C:\WINDOWS\System32\windows.storage.dll
0x00007ff90df20000 - 0x00007ff90e016000 	C:\WINDOWS\System32\SHCORE.dll
0x00007ff90caf0000 - 0x00007ff90cb56000 	C:\WINDOWS\System32\shlwapi.dll
0x00007ff90b6c0000 - 0x00007ff90b6e9000 	C:\WINDOWS\SYSTEM32\profapi.dll
0x00007ff8ec780000 - 0x00007ff8ec857000 	C:\Users\ENZO\.jdks\temurin-21.0.8\bin\jsvml.dll
0x00007ff8fa650000 - 0x00007ff8fa668000 	C:\Users\ENZO\.jdks\temurin-21.0.8\bin\zip.dll
0x00007ff8fbc20000 - 0x00007ff8fbc30000 	C:\Users\ENZO\.jdks\temurin-21.0.8\bin\net.dll
0x00007ff905e50000 - 0x00007ff905f79000 	C:\WINDOWS\SYSTEM32\WINHTTP.dll
0x00007ff90aaa0000 - 0x00007ff90ab0c000 	C:\WINDOWS\system32\mswsock.dll
0x00007ff8fbc00000 - 0x00007ff8fbc16000 	C:\Users\ENZO\.jdks\temurin-21.0.8\bin\nio.dll
0x00007ff8fbbf0000 - 0x00007ff8fbbf9000 	C:\Users\ENZO\.jdks\temurin-21.0.8\bin\extnet.dll
0x00007ff8fa170000 - 0x00007ff8fa17a000 	C:\Users\ENZO\.jdks\temurin-21.0.8\bin\management.dll
0x00007ff8fa160000 - 0x00007ff8fa16b000 	C:\Users\ENZO\.jdks\temurin-21.0.8\bin\management_ext.dll
0x00007ff90d920000 - 0x00007ff90d928000 	C:\WINDOWS\System32\PSAPI.DLL
0x00007ff8fba00000 - 0x00007ff8fba0e000 	C:\Users\ENZO\.jdks\temurin-21.0.8\bin\sunmscapi.dll
0x00007ff90b7d0000 - 0x00007ff90b948000 	C:\WINDOWS\System32\CRYPT32.dll
0x00007ff90afa0000 - 0x00007ff90afd0000 	C:\WINDOWS\SYSTEM32\ncrypt.dll
0x00007ff90af50000 - 0x00007ff90af8f000 	C:\WINDOWS\SYSTEM32\NTASN1.dll
0x00007ff8fae60000 - 0x00007ff8fae70000 	C:\Users\ENZO\.jdks\temurin-21.0.8\bin\verify.dll
0x00007ff90ad80000 - 0x00007ff90ad9b000 	C:\WINDOWS\SYSTEM32\CRYPTSP.dll
0x00007ff90a490000 - 0x00007ff90a4c9000 	C:\WINDOWS\system32\rsaenh.dll
0x00007ff90ab50000 - 0x00007ff90ab83000 	C:\WINDOWS\SYSTEM32\USERENV.dll
0x00007ff90b690000 - 0x00007ff90b6ba000 	C:\WINDOWS\SYSTEM32\bcrypt.dll
0x00007ff90ada0000 - 0x00007ff90adac000 	C:\WINDOWS\SYSTEM32\CRYPTBASE.dll
0x00007ff909f50000 - 0x00007ff909f82000 	C:\WINDOWS\SYSTEM32\IPHLPAPI.DLL
0x00007ff90d8e0000 - 0x00007ff90d8ea000 	C:\WINDOWS\System32\NSI.dll
0x00007ff909ff0000 - 0x00007ff90a122000 	C:\WINDOWS\SYSTEM32\DNSAPI.dll
0x00007ff904f60000 - 0x00007ff904f6b000 	C:\Windows\System32\rasadhlp.dll
0x00007ff906550000 - 0x00007ff9065d6000 	C:\WINDOWS\System32\fwpuclnt.dll
0x00007ff8d8e00000 - 0x00007ff8d8e08000 	C:\WINDOWS\system32\wshunix.dll

JVMTI agents:
C:\Program Files\JetBrains\IntelliJ IDEA 2026.1\lib\idea_rt.jar path:C:\Users\ENZO\.jdks\temurin-21.0.8\bin\instrument.dll, loaded, initialized, instrumentlib options:52394

dbghelp: loaded successfully - version: 4.0.5 - missing functions: none
symbol engine: initialized successfully - sym options: 0x614 - pdb path: .;C:\Users\ENZO\.jdks\temurin-21.0.8\bin;C:\WINDOWS\SYSTEM32;C:\WINDOWS\WinSxS\amd64_microsoft.windows.common-controls_6595b64144ccf1df_6.0.26100.8457_none_3e0b2faee331e92d;C:\Users\ENZO\.jdks\temurin-21.0.8\bin\server

VM Arguments:
jvm_args: -javaagent:C:\Program Files\JetBrains\IntelliJ IDEA 2026.1\lib\idea_rt.jar=52394 -Dfile.encoding=UTF-8 -Dsun.stdout.encoding=UTF-8 -Dsun.stderr.encoding=UTF-8 
java_command: com.mypelink.backend.BackendApplication
java_class_path (initial): C:\Users\ENZO\Documents\VincuMYPEs-backend\target\classes;C:\Users\ENZO\.m2\repository\org\springframework\boot\spring-boot-starter-data-jpa\3.5.14\spring-boot-starter-data-jpa-3.5.14.jar;C:\Users\ENZO\.m2\repository\org\springframework\boot\spring-boot-starter\3.5.14\spring-boot-starter-3.5.14.jar;C:\Users\ENZO\.m2\repository\org\springframework\boot\spring-boot-starter-logging\3.5.14\spring-boot-starter-logging-3.5.14.jar;C:\Users\ENZO\.m2\repository\ch\qos\logback\logback-classic\1.5.32\logback-classic-1.5.32.jar;C:\Users\ENZO\.m2\repository\ch\qos\logback\logback-core\1.5.32\logback-core-1.5.32.jar;C:\Users\ENZO\.m2\repository\org\apache\logging\log4j\log4j-to-slf4j\2.24.3\log4j-to-slf4j-2.24.3.jar;C:\Users\ENZO\.m2\repository\org\apache\logging\log4j\log4j-api\2.24.3\log4j-api-2.24.3.jar;C:\Users\ENZO\.m2\repository\org\slf4j\jul-to-slf4j\2.0.17\jul-to-slf4j-2.0.17.jar;C:\Users\ENZO\.m2\repository\jakarta\annotation\jakarta.annotation-api\2.1.1\jakarta.annotation-api-2.1.1.jar;C:\Users\ENZO\.m2\repository\org\yaml\snakeyaml\2.4\snakeyaml-2.4.jar;C:\Users\ENZO\.m2\repository\org\springframework\boot\spring-boot-starter-jdbc\3.5.14\spring-boot-starter-jdbc-3.5.14.jar;C:\Users\ENZO\.m2\repository\com\zaxxer\HikariCP\6.3.3\HikariCP-6.3.3.jar;C:\Users\ENZO\.m2\repository\org\springframework\spring-jdbc\6.2.18\spring-jdbc-6.2.18.jar;C:\Users\ENZO\.m2\repository\org\hibernate\orm\hibernate-core\6.6.49.Final\hibernate-core-6.6.49.Final.jar;C:\Users\ENZO\.m2\repository\jakarta\persistence\jakarta.persistence-api\3.1.0\jakarta.persistence-api-3.1.0.jar;C:\Users\ENZO\.m2\repository\jakarta\transaction\jakarta.transaction-api\2.0.1\jakarta.transaction-api-2.0.1.jar;C:\Users\ENZO\.m2\repository\org\jboss\logging\jboss-logging\3.6.3.Final\jboss-logging-3.6.3.Final.jar;C:\Users\ENZO\.m2\repository\org\hibernate\common\hibernate-commons-annotations\7.0.3.Final\hibernate-commons-annotations-7.0.3.Final.jar;C:\Users\ENZO\.m2\repository\io\smallrye\jandex\3.2.0\jandex-3.2.0.jar;C:\Users\ENZO\.m2\repository\com\fasterxml\classmate\1.7.3\classmate-1.7.3.jar;C:\Users\ENZO\.m2\repository\net\bytebuddy\byte-buddy\1.17.8\byte-buddy-1.17.8.jar;C:\Users\ENZO\.m2\repository\org\glassfish\jaxb\jaxb-runtime\4.0.6\jaxb-runtime-4.0.6.jar;C:\Users\ENZO\.m2\repository\org\glassfish\jaxb\jaxb-core\4.0.6\jaxb-core-4.0.6.jar;C:\Users\ENZO\.m2\repository\org\eclipse\angus\angus-activation\2.0.3\angus-activation-2.0.3.jar;C:\Users\ENZO\.m2\repository\org\glassfish\jaxb\txw2\4.0.6\txw2-4.0.6.jar;C:\Users\ENZO\.m2\repository\com\sun\istack\istack-commons-runtime\4.1.2\istack-commons-runtime-4.1.2.jar;C:\Users\ENZO\.m2\repository\jakarta\inject\jakarta.inject-api\2.0.1\jakarta.inject-api-2.0.1.jar;C:\Users\ENZO\.m2\repository\org\antlr\antlr4-runtime\4.13.0\antlr4-runtime-4.13.0.jar;C:\Users\ENZO\.m2\repository\org\springframework\data\spring-data-jpa\3.5.11\spring-data-jpa-3.5.11.jar;C:\Users\ENZO\.m2\repository\org\springframework\data\spring-data-commons\3.5.11\spring-data-commons-3.5.11.jar;C:\Users\ENZO\.m2\repository\org\springframework\spring-orm\6.2.18\spring-orm-6.2.18.jar;C:\Users\ENZO\.m2\repository\org\springframework\spring-context\6.2.18\spring-context-6.2.18.jar;C:\Users\ENZO\.m2\repository\org\springframework\spring-tx\6.2.18\spring-tx-6.2.18.jar;C:\Users\ENZO\.m2\repository\org\springframework\spring-beans\6.2.18\spring-beans-6.2.18.jar;C:\Users\ENZO\.m2\repository\org\springframework\spring-aspects\6.2.18\spring-aspects-6.2.18.jar;C:\Users\ENZO\.m2\repository\org\aspectj\aspectjweaver\1.9.25.1\aspectjweaver-1.9.25.1.jar;C:\Users\ENZO\.m2\repository\org\springframework\boot\spring-boot-starter-security\3.5.14\spring-boot-starter-security-3.5.14.jar;C:\Users\ENZO\.m2\repository\org\springframework\spring-aop\6.2.18\spring-aop-6.2.18.jar;C:\Users\ENZO\.m2\repository\org\springframework\security\spring-security-config\6.5.10\spring-security-config-6.5.10.jar;C:\Users\ENZO\.m2\repository\org\springframework\security\spring-security-web\6.5.10\spring-security-web-6.5.10.jar;C:\Users\ENZO\.m2\repository\org\springframework\spring-expression\6.2.18\spring-expression-6.2.18.jar;C:\Users\ENZO\.m2\repository\org\xhtmlrenderer\flying-saucer-pdf-itext5\9.7.2\flying-saucer-pdf-itext5-9.7.2.jar;C:\Users\ENZO\.m2\repository\com\itextpdf\itextpdf\5.5.13.3\itextpdf-5.5.13.3.jar;C:\Users\ENZO\.m2\repository\org\xhtmlrenderer\flying-saucer-core\9.7.2\flying-saucer-core-9.7.2.jar;C:\Users\ENZO\.m2\repository\com\google\code\findbugs\jsr305\3.0.2\jsr305-3.0.2.jar;C:\Users\ENZO\.m2\repository\org\slf4j\slf4j-api\2.0.17\slf4j-api-2.0.17.jar;C:\Users\ENZO\.m2\repository\org\springframework\boot\spring-boot-starter-validation\3.5.14\spring-boot-starter-validation-3.5.14.jar;C:\Users\ENZO\.m2\repository\org\apache\tomcat\embed\tomcat-embed-el\10.1.54\tomcat-embed-el-10.1.54.jar;C:\Users\ENZO\.m2\repository\org\hibernate\validator\hibernate-validator\8.0.3.Final\hibernate-validator-8.0.3.Final.jar;C:\Users\ENZO\.m2\repository\jakarta\validation\jakarta.validation-api\3.0.2\jakarta.validation-api-3.0.2.jar;C:\Users\ENZO\.m2\repository\org\springframework\boot\spring-boot-starter-web\3.5.14\spring-boot-starter-web-3.5.14.jar;C:\Users\ENZO\.m2\repository\org\springframework\boot\spring-boot-starter-json\3.5.14\spring-boot-starter-json-3.5.14.jar;C:\Users\ENZO\.m2\repository\com\fasterxml\jackson\datatype\jackson-datatype-jdk8\2.21.2\jackson-datatype-jdk8-2.21.2.jar;C:\Users\ENZO\.m2\repository\com\fasterxml\jackson\module\jackson-module-parameter-names\2.21.2\jackson-module-parameter-names-2.21.2.jar;C:\Users\ENZO\.m2\repository\org\springframework\boot\spring-boot-starter-tomcat\3.5.14\spring-boot-starter-tomcat-3.5.14.jar;C:\Users\ENZO\.m2\repository\org\apache\tomcat\embed\tomcat-embed-core\10.1.54\tomcat-embed-core-10.1.54.jar;C:\Users\ENZO\.m2\repository\org\apache\tomcat\embed\tomcat-embed-websocket\10.1.54\tomcat-embed-websocket-10.1.54.jar;C:\Users\ENZO\.m2\repository\org\springframework\spring-web\6.2.18\spring-web-6.2.18.jar;C:\Users\ENZO\.m2\repository\io\micrometer\micrometer-observation\1.15.11\micrometer-observation-1.15.11.jar;C:\Users\ENZO\.m2\repository\io\micrometer\micrometer-commons\1.15.11\micrometer-commons-1.15.11.jar;C:\Users\ENZO\.m2\repository\org\springframework\spring-webmvc\6.2.18\spring-webmvc-6.2.18.jar;C:\Users\ENZO\.m2\repository\com\resend\resend-java\3.1.0\resend-java-3.1.0.jar;C:\Users\ENZO\.m2\repository\com\fasterxml\jackson\core\jackson-core\2.21.2\jackson-core-2.21.2.jar;C:\Users\ENZO\.m2\repository\com\fasterxml\jackson\core\jackson-annotations\2.21\jackson-annotations-2.21.jar;C:\Users\ENZO\.m2\repository\com\fasterxml\jackson\core\jackson-databind\2.21.2\jackson-databind-2.21.2.jar;C:\Users\ENZO\.m2\repository\com\fasterxml\jackson\datatype\jackson-datatype-jsr310\2.21.2\jackson-datatype-jsr310-2.21.2.jar;C:\Users\ENZO\.m2\repository\com\squareup\okhttp3\okhttp\4.11.0\okhttp-4.11.0.jar;C:\Users\ENZO\.m2\repository\com\squareup\okio\okio\3.2.0\okio-3.2.0.jar;C:\Users\ENZO\.m2\repository\com\squareup\okio\okio-jvm\3.2.0\okio-jvm-3.2.0.jar;C:\Users\ENZO\.m2\repository\org\jetbrains\kotlin\kotlin-stdlib-common\1.9.25\kotlin-stdlib-common-1.9.25.jar;C:\Users\ENZO\.m2\repository\org\jetbrains\kotlin\kotlin-stdlib\1.9.25\kotlin-stdlib-1.9.25.jar;C:\Users\ENZO\.m2\repository\org\jetbrains\annotations\13.0\annotations-13.0.jar;C:\Users\ENZO\.m2\repository\org\jetbrains\kotlin\kotlin-stdlib-jdk8\1.9.25\kotlin-stdlib-jdk8-1.9.25.jar;C:\Users\ENZO\.m2\repository\org\jetbrains\kotlin\kotlin-stdlib-jdk7\1.9.25\kotlin-stdlib-jdk7-1.9.25.jar;C:\Users\ENZO\.m2\repository\org\springframework\boot\spring-boot-devtools\3.5.14\spring-boot-devtools-3.5.14.jar;C:\Users\ENZO\.m2\repository\org\springframework\boot\spring-boot\3.5.14\spring-boot-3.5.14.jar;C:\Users\ENZO\.m2\repository\org\springframework\boot\spring-boot-autoconfigure\3.5.14\spring-boot-autoconfigure-3.5.14.jar;C:\Users\ENZO\.m2\repository\com\mysql\mysql-connector-j\9.7.0\mysql-connector-j-9.7.0.jar;C:\Users\ENZO\.m2\repository\org\flywaydb\flyway-core\11.7.2\flyway-core-11.7.2.jar;C:\Users\ENZO\.m2\repository\com\fasterxml\jackson\dataformat\jackson-dataformat-toml\2.21.2\jackson-dataformat-toml-2.21.2.jar;C:\Users\ENZO\.m2\repository\org\projectlombok\lombok\1.18.46\lombok-1.18.46.jar;C:\Users\ENZO\.m2\repository\jakarta\xml\bind\jakarta.xml.bind-api\4.0.4\jakarta.xml.bind-api-4.0.4.jar;C:\Users\ENZO\.m2\repository\jakarta\activation\jakarta.activation-api\2.1.4\jakarta.activation-api-2.1.4.jar;C:\Users\ENZO\.m2\repository\org\springframework\spring-core\6.2.18\spring-core-6.2.18.jar;C:\Users\ENZO\.m2\repository\org\springframework\spring-jcl\6.2.18\spring-jcl-6.2.18.jar;C:\Users\ENZO\.m2\repository\org\springframework\security\spring-security-core\6.5.10\spring-security-core-6.5.10.jar;C:\Users\ENZO\.m2\repository\org\springframework\security\spring-security-crypto\6.5.10\spring-security-crypto-6.5.10.jar;C:\Users\ENZO\.m2\repository\io\jsonwebtoken\jjwt-api\0.12.6\jjwt-api-0.12.6.jar;C:\Users\ENZO\.m2\repository\io\jsonwebtoken\jjwt-impl\0.12.6\jjwt-impl-0.12.6.jar;C:\Users\ENZO\.m2\repository\io\jsonwebtoken\jjwt-jackson\0.12.6\jjwt-jackson-0.12.6.jar;C:\Users\ENZO\.m2\repository\software\amazon\awssdk\s3\2.20.161\s3-2.20.161.jar;C:\Users\ENZO\.m2\repository\software\amazon\awssdk\aws-xml-protocol\2.20.161\aws-xml-protocol-2.20.161.jar;C:\Users\ENZO\.m2\repository\software\amazon\awssdk\aws-query-protocol\2.20.161\aws-query-protocol-2.20.161.jar;C:\Users\ENZO\.m2\repository\software\amazon\awssdk\protocol-core\2.20.161\protocol-core-2.20.161.jar;C:\Users\ENZO\.m2\repository\software\amazon\awssdk\arns\2.20.161\arns-2.20.161.jar;C:\Users\ENZO\.m2\repository\software\amazon\awssdk\profiles\2.20.161\profiles-2.20.161.jar;C:\Users\ENZO\.m2\repository\software\amazon\awssdk\crt-core\2.20.161\crt-core-2.20.161.jar;C:\Users\ENZO\.m2\repository\software\amazon\awssdk\sdk-core\2.20.161\sdk-core-2.20.161.jar;C:\Users\ENZO\.m2\repository\org\reactivestreams\reactive-streams\1.0.4\reactive-streams-1.0.4.jar;C:\Users\ENZO\.m2\repository\software\amazon\awssdk\auth\2.20.161\auth-2.20.161.jar;C:\Users\ENZO\.m2\repository\software\amazon\eventstream\eventstream\1.0.1\eventstream-1.0.1.jar;C:\Users\ENZO\.m2\repository\software\amazon\awssdk\http-client-spi\2.20.161\http-client-spi-2.20.161.jar;C:\Users\ENZO\.m2\repository\software\amazon\awssdk\regions\2.20.161\regions-2.20.161.jar;C:\Users\ENZO\.m2\repository\software\amazon\awssdk\annotations\2.20.161\annotations-2.20.161.jar;C:\Users\ENZO\.m2\repository\software\amazon\awssdk\utils\2.20.161\utils-2.20.161.jar;C:\Users\ENZO\.m2\repository\software\amazon\awssdk\aws-core\2.20.161\aws-core-2.20.161.jar;C:\Users\ENZO\.m2\repository\software\amazon\awssdk\metrics-spi\2.20.161\metrics-spi-2.20.161.jar;C:\Users\ENZO\.m2\repository\software\amazon\awssdk\json-utils\2.20.161\json-utils-2.20.161.jar;C:\Users\ENZO\.m2\repository\software\amazon\awssdk\third-party-jackson-core\2.20.161\third-party-jackson-core-2.20.161.jar;C:\Users\ENZO\.m2\repository\software\amazon\awssdk\endpoints-spi\2.20.161\endpoints-spi-2.20.161.jar;C:\Users\ENZO\.m2\repository\software\amazon\awssdk\apache-client\2.20.161\apache-client-2.20.161.jar;C:\Users\ENZO\.m2\repository\org\apache\httpcomponents\httpclient\4.5.13\httpclient-4.5.13.jar;C:\Users\ENZO\.m2\repository\commons-logging\commons-logging\1.2\commons-logging-1.2.jar;C:\Users\ENZO\.m2\repository\org\apache\httpcomponents\httpcore\4.4.16\httpcore-4.4.16.jar;C:\Users\ENZO\.m2\repository\commons-codec\commons-codec\1.18.0\commons-codec-1.18.0.jar;C:\Users\ENZO\.m2\repository\software\amazon\awssdk\netty-nio-client\2.20.161\netty-nio-client-2.20.161.jar;C:\Users\ENZO\.m2\repository\io\netty\netty-codec-http\4.1.132.Final\netty-codec-http-4.1.132.Final.jar;C:\Users\ENZO\.m2\repository\io\netty\netty-codec-http2\4.1.132.Final\netty-codec-http2-4.1.132.Final.jar;C:\Users\ENZO\.m2\repository\io\netty\netty-codec\4.1.132.Final\netty-codec-4.1.132.Final.jar;C:\Users\ENZO\.m2\repository\io\netty\netty-transport\4.1.132.Final\netty-transport-4.1.132.Final.jar;C:\Users\ENZO\.m2\repository\io\netty\netty-common\4.1.132.Final\netty-common-4.1.132.Final.jar;C:\Users\ENZO\.m2\repository\io\netty\netty-buffer\4.1.132.Final\netty-buffer-4.1.132.Final.jar;C:\Users\ENZO\.m2\repository\io\netty\netty-handler\4.1.132.Final\netty-handler-4.1.132.Final.jar;C:\Users\ENZO\.m2\repository\io\netty\netty-transport-native-unix-common\4.1.132.Final\netty-transport-native-unix-common-4.1.132.Final.jar;C:\Users\ENZO\.m2\repository\io\netty\netty-transport-classes-epoll\4.1.132.Final\netty-transport-classes-epoll-4.1.132.Final.jar;C:\Users\ENZO\.m2\repository\io\netty\netty-resolver\4.1.132.Final\netty-resolver-4.1.132.Final.jar;C:\Users\ENZO\.m2\repository\me\paulschwarz\spring-dotenv\4.0.0\spring-dotenv-4.0.0.jar;C:\Users\ENZO\.m2\repository\io\github\cdimascio\dotenv-java\3.0.0\dotenv-java-3.0.0.jar;C:\Users\ENZO\.m2\repository\org\springframework\boot\spring-boot-starter-websocket\3.5.14\spring-boot-starter-websocket-3.5.14.jar;C:\Users\ENZO\.m2\repository\org\springframework\spring-messaging\6.2.18\spring-messaging-6.2.18.jar;C:\Users\ENZO\.m2\repository\org\springframework\spring-websocket\6.2.18\spring-websocket-6.2.18.jar
Launcher Type: SUN_STANDARD

[Global flags]
     intx CICompilerCount                          = 4                                         {product} {ergonomic}
     uint ConcGCThreads                            = 3                                         {product} {ergonomic}
     uint G1ConcRefinementThreads                  = 10                                        {product} {ergonomic}
   size_t G1HeapRegionSize                         = 2097152                                   {product} {ergonomic}
    uintx GCDrainStackTargetSize                   = 64                                        {product} {ergonomic}
   size_t InitialHeapSize                          = 260046848                                 {product} {ergonomic}
   size_t MarkStackSize                            = 4194304                                   {product} {ergonomic}
   size_t MaxHeapSize                              = 4139778048                                {product} {ergonomic}
   size_t MaxNewSize                               = 2483027968                                {product} {ergonomic}
   size_t MinHeapDeltaBytes                        = 2097152                                   {product} {ergonomic}
   size_t MinHeapSize                              = 8388608                                   {product} {ergonomic}
    uintx NonNMethodCodeHeapSize                   = 5839372                                {pd product} {ergonomic}
    uintx NonProfiledCodeHeapSize                  = 122909434                              {pd product} {ergonomic}
    uintx ProfiledCodeHeapSize                     = 122909434                              {pd product} {ergonomic}
    uintx ReservedCodeCacheSize                    = 251658240                              {pd product} {ergonomic}
     bool SegmentedCodeCache                       = true                                      {product} {ergonomic}
   size_t SoftMaxHeapSize                          = 4139778048                             {manageable} {ergonomic}
     bool UseCompressedOops                        = true                           {product lp64_product} {ergonomic}
     bool UseG1GC                                  = true                                      {product} {ergonomic}
     bool UseLargePagesIndividualAllocation        = false                                  {pd product} {ergonomic}

Logging:
Log output configuration:
 #0: stdout all=warning uptime,level,tags foldmultilines=false
 #1: stderr all=off uptime,level,tags foldmultilines=false

Environment Variables:
JAVA_HOME=C:\Program Files\Eclipse Adoptium\jdk-21.0.8.9-hotspot\
PATH=C:\Program Files\Common Files\Oracle\Java\javapath;C:\Program Files\Eclipse Adoptium\jdk-21.0.8.9-hotspot\bin;C:\Program Files (x86)\Common Files\Oracle\Java\java8path;C:\Program Files (x86)\Common Files\Oracle\Java\javapath;C:\WINDOWS\system32;C:\WINDOWS;C:\WINDOWS\System32\Wbem;C:\WINDOWS\System32\WindowsPowerShell\v1.0\;C:\WINDOWS\System32\OpenSSH\;C:\Program Files\Microsoft SQL Server\150\Tools\Binn\;C:\Program Files\Microsoft SQL Server\Client SDK\ODBC\170\Tools\Binn\;C:\Program Files\dotnet\;C:\Program Files (x86)\Microsoft SQL Server\160\Tools\Binn\;C:\Program Files\Microsoft SQL Server\160\Tools\Binn\;C:\Program Files\Microsoft SQL Server\160\DTS\Binn\;C:\Program Files (x86)\Microsoft SQL Server\160\DTS\Binn\;D:\;D:\Git\cmd;C:\Program Files (x86)\Bitvise SSH Client;C:\Program Files\Docker\Docker\resources\bin;C:\Program Files\Common Files\Oracle\Java\javapath;C:\Program Files\Eclipse Adoptium\jdk-21.0.8.9-hotspot\bin;C:\Program Files (x86)\Common Files\Oracle\Java\java8path;C:\Program Files (x86)\Common Files\Oracle\Java\javapath;C:\WINDOWS\system32;C:\WINDOWS;C:\WINDOWS\System32\Wbem;C:\WINDOWS\System32\WindowsPowerShell\v1.0\;C:\WINDOWS\System32\OpenSSH\;C:\Program Files\Microsoft SQL Server\150\Tools\Binn\;C:\Program Files\Microsoft SQL Server\Client SDK\ODBC\170\Tools\Binn\;C:\Program Files\dotnet\;C:\Program Files (x86)\Microsoft SQL Server\160\Tools\Binn\;C:\Program Files\Microsoft SQL Server\160\Tools\Binn\;C:\Program Files\Microsoft SQL Server\160\DTS\Binn\;C:\Program Files (x86)\Microsoft SQL Server\160\DTS\Binn\;D:\;D:\Git\cmd;C:\Program Files (x86)\Bitvise SSH Client;C:\Program Files\Docker\Docker\resources\bin;C:\Users\ENZO\AppData\Local\Programs\Python\Python314\Scripts\;C:\Users\ENZO\AppData\Local\Programs\Python\Python314\;C:\Users\ENZO\AppData\Local\Programs\Python\Launcher\;c:\Users\ENZO\AppData\Local\Programs\cursor\resources\app\codeBin;C:\Users\ENZO\AppData\Local\Microsoft\WindowsApps;C:\Users\ENZO\.dotnet\tools;C:\Users\ENZO\AppData\Roaming\npm;C:\Users\ENZO\Downloads\apache-maven-3.9.11-bin;C:\Users\ENZO\Downloads\apache-maven-3.9.11-bin\apache-maven-3.9.11\bin;C:\Users\ENZO\AppData\Local\Programs\Microsoft VS Code\bin;C:\Program Files\JetBrains\IntelliJ IDEA 2026.1\bin;C:\Users\ENZO\.local\bin
USERNAME=ENZO
OS=Windows_NT
PROCESSOR_IDENTIFIER=AMD64 Family 23 Model 96 Stepping 1, AuthenticAMD
TMP=C:\Users\ENZO\AppData\Local\Temp
TEMP=C:\Users\ENZO\AppData\Local\Temp




Periodic native trim disabled

---------------  S Y S T E M  ---------------

OS:
 Windows 11 , 64 bit Build 26100 (10.0.26100.8328)
OS uptime: 5 days 2:30 hours
Hyper-V role detected

CPU: total 12 (initial active 12) (12 cores per cpu, 2 threads per core) family 23 model 96 stepping 1 microcode 0x8600106, cx8, cmov, fxsr, ht, mmx, 3dnowpref, sse, sse2, sse3, ssse3, sse4a, sse4.1, sse4.2, popcnt, lzcnt, tsc, tscinvbit, avx, avx2, aes, clmul, bmi1, bmi2, adx, sha, fma, vzeroupper, clflush, clflushopt, hv, rdtscp, rdpid, f16c
Processor Information for the first 12 processors :
  Max Mhz: 3001, Current Mhz: 3001, Mhz Limit: 3001

Memory: 4k page, system-wide physical 15789M (1525M free)
TotalPageFile size 27942M (AvailPageFile size 22M)
current process WorkingSet (physical memory assigned to process): 422M, peak: 447M
current process commit charge ("private bytes"): 460M, peak: 485M

vm_info: OpenJDK 64-Bit Server VM (21.0.8+9-LTS) for windows-amd64 JRE (21.0.8+9-LTS), built on 2025-07-15T00:00:00Z by "admin" with MS VC++ 17.7 (VS2022)

END.
