#
# There is insufficient memory for the Java Runtime Environment to continue.
# Native memory allocation (mmap) failed to map 8388608 bytes. Error detail: G1 virtual space
# Possible reasons:
#   The system is out of physical RAM or swap space
#   This process is running with CompressedOops enabled, and the Java Heap may be blocking the growth of the native heap
# Possible solutions:
#   Reduce memory load on the system
#   Increase physical memory or swap space
#   Check if swap backing store is full
#   Decrease Java heap size (-Xmx/-Xms)
#   Decrease number of Java threads
#   Decrease Java thread stack sizes (-Xss)
#   Set larger code cache with -XX:ReservedCodeCacheSize=
#   JVM is running with Zero Based Compressed Oops mode in which the Java heap is
#     placed in the first 32GB address space. The Java Heap base address is the
#     maximum limit for the native heap growth. Please use -XX:HeapBaseMinAddress
#     to set the Java Heap base and to place the Java Heap above 32GB virtual address.
# This output file may be truncated or incomplete.
#
#  Out of Memory Error (os_windows.cpp:3713), pid=5656, tid=29020
#
# JRE version: OpenJDK Runtime Environment Temurin-21.0.8+9 (21.0.8+9) (build 21.0.8+9-LTS)
# Java VM: OpenJDK 64-Bit Server VM Temurin-21.0.8+9 (21.0.8+9-LTS, mixed mode, sharing, tiered, compressed oops, compressed class ptrs, g1 gc, windows-amd64)
# No core dump will be written. Minidumps are not enabled by default on client versions of Windows
#

---------------  S U M M A R Y ------------

Command Line: -javaagent:C:\Program Files\JetBrains\IntelliJ IDEA 2026.1\lib\idea_rt.jar=58660 -Dfile.encoding=UTF-8 -Dsun.stdout.encoding=UTF-8 -Dsun.stderr.encoding=UTF-8 com.mypelink.backend.BackendApplication

Host: AMD Ryzen 5 4600H with Radeon Graphics         , 12 cores, 15G,  Windows 11 , 64 bit Build 26100 (10.0.26100.8328)
Time: Sun May 31 23:25:13 2026 Hora est. Pacífico, Sudamérica elapsed time: 125.191767 seconds (0d 0h 2m 5s)

---------------  T H R E A D  ---------------

Current thread (0x000001ca7b5f3ac0):  VMThread "VM Thread"          [id=29020, stack(0x000000a2fad00000,0x000000a2fae00000) (1024K)]

Stack: [0x000000a2fad00000,0x000000a2fae00000]
Native frames: (J=compiled Java code, j=interpreted, Vv=VM code, C=native code)
V  [jvm.dll+0x6d2449]
V  [jvm.dll+0x8ae341]
V  [jvm.dll+0x8b08be]
V  [jvm.dll+0x8b0fa3]
V  [jvm.dll+0x280c96]
V  [jvm.dll+0x6cec15]
V  [jvm.dll+0x6c2c3a]
V  [jvm.dll+0x35867a]
V  [jvm.dll+0x360246]
V  [jvm.dll+0x3b1f9e]
V  [jvm.dll+0x3b2248]
V  [jvm.dll+0x32c8fc]
V  [jvm.dll+0x32f0e6]
V  [jvm.dll+0x339258]
V  [jvm.dll+0x36e81f]
V  [jvm.dll+0x8b6cbf]
V  [jvm.dll+0x8b8044]
V  [jvm.dll+0x8b8580]
V  [jvm.dll+0x8b8823]
V  [jvm.dll+0x857e6b]
V  [jvm.dll+0x6d0b0d]
C  [ucrtbase.dll+0x37b0]
C  [KERNEL32.DLL+0x2e957]
C  [ntdll.dll+0x427c]

VM_Operation (0x000000a2fa8ff640): G1PauseRemark, mode: safepoint, requested by thread 0x000001ca5c818820


---------------  P R O C E S S  ---------------

Threads class SMR info:
_java_thread_list=0x000001ca50c8eb20, length=40, elements={
0x000001ca7b618130, 0x000001ca7b6196f0, 0x000001ca7b61bdf0, 0x000001ca7b61cd00,
0x000001ca45010080, 0x000001ca45013650, 0x000001ca45024180, 0x000001ca45018fb0,
0x000001ca7b5e24d0, 0x000001ca457be580, 0x000001ca452b2640, 0x000001ca469ad060,
0x000001ca469aa900, 0x000001ca47ba9200, 0x000001ca47ba9890, 0x000001ca47ba7e50,
0x000001ca47ba8b70, 0x000001ca47baa5b0, 0x000001ca47baac40, 0x000001ca47bae0c0,
0x000001ca47bae750, 0x000001ca47bab2d0, 0x000001ca47baede0, 0x000001ca47baf470,
0x000001ca469ab620, 0x000001ca469ac340, 0x000001ca491feac0, 0x000001ca491ffe70,
0x000001ca491fe430, 0x000001ca491ff150, 0x000001ca491fdda0, 0x000001ca491fd080,
0x000001ca491fd710, 0x000001ca491ff7e0, 0x000001ca491fc9f0, 0x000001ca490da9a0,
0x000001ca49203980, 0x000001ca45eb3410, 0x000001ca502b14b0, 0x000001ca49585070
}

Java Threads: ( => current thread )
  0x000001ca7b618130 JavaThread "Reference Handler"          daemon [_thread_blocked, id=29280, stack(0x000000a2fae00000,0x000000a2faf00000) (1024K)]
  0x000001ca7b6196f0 JavaThread "Finalizer"                  daemon [_thread_blocked, id=14672, stack(0x000000a2faf00000,0x000000a2fb000000) (1024K)]
  0x000001ca7b61bdf0 JavaThread "Signal Dispatcher"          daemon [_thread_blocked, id=2136, stack(0x000000a2fb000000,0x000000a2fb100000) (1024K)]
  0x000001ca7b61cd00 JavaThread "Attach Listener"            daemon [_thread_blocked, id=9908, stack(0x000000a2fb100000,0x000000a2fb200000) (1024K)]
  0x000001ca45010080 JavaThread "Service Thread"             daemon [_thread_blocked, id=28996, stack(0x000000a2fb200000,0x000000a2fb300000) (1024K)]
  0x000001ca45013650 JavaThread "Monitor Deflation Thread"   daemon [_thread_blocked, id=27128, stack(0x000000a2fb300000,0x000000a2fb400000) (1024K)]
  0x000001ca45024180 JavaThread "C2 CompilerThread0"         daemon [_thread_blocked, id=11484, stack(0x000000a2fb400000,0x000000a2fb500000) (1024K)]
  0x000001ca45018fb0 JavaThread "C1 CompilerThread0"         daemon [_thread_blocked, id=17424, stack(0x000000a2fb500000,0x000000a2fb600000) (1024K)]
  0x000001ca7b5e24d0 JavaThread "Common-Cleaner"             daemon [_thread_blocked, id=1164, stack(0x000000a2fb600000,0x000000a2fb700000) (1024K)]
  0x000001ca457be580 JavaThread "Monitor Ctrl-Break"         daemon [_thread_in_native, id=24632, stack(0x000000a2fb800000,0x000000a2fb900000) (1024K)]
  0x000001ca452b2640 JavaThread "Notification Thread"        daemon [_thread_blocked, id=12200, stack(0x000000a2fb900000,0x000000a2fba00000) (1024K)]
  0x000001ca469ad060 JavaThread "mysql-cj-abandoned-connection-cleanup" daemon [_thread_blocked, id=20332, stack(0x000000a2fc400000,0x000000a2fc500000) (1024K)]
  0x000001ca469aa900 JavaThread "HikariPool-1:housekeeper"   daemon [_thread_blocked, id=31464, stack(0x000000a2fca00000,0x000000a2fcb00000) (1024K)]
  0x000001ca47ba9200 JavaThread "Catalina-utility-1"                [_thread_blocked, id=30332, stack(0x000000a2fcc00000,0x000000a2fcd00000) (1024K)]
  0x000001ca47ba9890 JavaThread "Catalina-utility-2"                [_thread_blocked, id=25436, stack(0x000000a2fcd00000,0x000000a2fce00000) (1024K)]
  0x000001ca47ba7e50 JavaThread "container-0"                       [_thread_blocked, id=9084, stack(0x000000a2fce00000,0x000000a2fcf00000) (1024K)]
  0x000001ca47ba8b70 JavaThread "idle-connection-reaper"     daemon [_thread_blocked, id=29992, stack(0x000000a2fcf00000,0x000000a2fd000000) (1024K)]
  0x000001ca47baa5b0 JavaThread "File Watcher"               daemon [_thread_blocked, id=23356, stack(0x000000a2fcb00000,0x000000a2fcc00000) (1024K)]
  0x000001ca47baac40 JavaThread "Live Reload Server"         daemon [_thread_in_native, id=22916, stack(0x000000a2fd100000,0x000000a2fd200000) (1024K)]
  0x000001ca47bae0c0 JavaThread "MessageBroker-1"                   [_thread_blocked, id=5948, stack(0x000000a2fd000000,0x000000a2fd100000) (1024K)]
  0x000001ca47bae750 JavaThread "http-nio-8080-exec-1"       daemon [_thread_blocked, id=31240, stack(0x000000a2fd200000,0x000000a2fd300000) (1024K)]
  0x000001ca47bab2d0 JavaThread "http-nio-8080-exec-2"       daemon [_thread_blocked, id=29060, stack(0x000000a2fd300000,0x000000a2fd400000) (1024K)]
  0x000001ca47baede0 JavaThread "http-nio-8080-exec-3"       daemon [_thread_blocked, id=29584, stack(0x000000a2fd400000,0x000000a2fd500000) (1024K)]
  0x000001ca47baf470 JavaThread "http-nio-8080-exec-4"       daemon [_thread_blocked, id=27216, stack(0x000000a2fd500000,0x000000a2fd600000) (1024K)]
  0x000001ca469ab620 JavaThread "http-nio-8080-exec-5"       daemon [_thread_blocked, id=22612, stack(0x000000a2fd600000,0x000000a2fd700000) (1024K)]
  0x000001ca469ac340 JavaThread "http-nio-8080-exec-6"       daemon [_thread_blocked, id=31380, stack(0x000000a2fd700000,0x000000a2fd800000) (1024K)]
  0x000001ca491feac0 JavaThread "http-nio-8080-exec-7"       daemon [_thread_blocked, id=17568, stack(0x000000a2fd800000,0x000000a2fd900000) (1024K)]
  0x000001ca491ffe70 JavaThread "http-nio-8080-exec-8"       daemon [_thread_blocked, id=23708, stack(0x000000a2fd900000,0x000000a2fda00000) (1024K)]
  0x000001ca491fe430 JavaThread "http-nio-8080-exec-9"       daemon [_thread_blocked, id=24276, stack(0x000000a2fda00000,0x000000a2fdb00000) (1024K)]
  0x000001ca491ff150 JavaThread "http-nio-8080-exec-10"      daemon [_thread_blocked, id=9496, stack(0x000000a2fdb00000,0x000000a2fdc00000) (1024K)]
  0x000001ca491fdda0 JavaThread "http-nio-8080-Poller"       daemon [_thread_in_native, id=14188, stack(0x000000a2fdc00000,0x000000a2fdd00000) (1024K)]
  0x000001ca491fd080 JavaThread "http-nio-8080-Acceptor"     daemon [_thread_in_native, id=21944, stack(0x000000a2fdd00000,0x000000a2fde00000) (1024K)]
  0x000001ca491fd710 JavaThread "MessageBroker-2"                   [_thread_blocked, id=5100, stack(0x000000a2fde00000,0x000000a2fdf00000) (1024K)]
  0x000001ca491ff7e0 JavaThread "MessageBroker-3"                   [_thread_blocked, id=9404, stack(0x000000a2fdf00000,0x000000a2fe000000) (1024K)]
  0x000001ca491fc9f0 JavaThread "MessageBroker-4"                   [_thread_blocked, id=18860, stack(0x000000a2fe000000,0x000000a2fe100000) (1024K)]
  0x000001ca490da9a0 JavaThread "MessageBroker-6"                   [_thread_blocked, id=17076, stack(0x000000a2fe200000,0x000000a2fe300000) (1024K)]
  0x000001ca49203980 JavaThread "MessageBroker-5"                   [_thread_blocked, id=8712, stack(0x000000a2fe300000,0x000000a2fe400000) (1024K)]
  0x000001ca45eb3410 JavaThread "MessageBroker-7"                   [_thread_blocked, id=16456, stack(0x000000a2fe400000,0x000000a2fe500000) (1024K)]
  0x000001ca502b14b0 JavaThread "DestroyJavaVM"                     [_thread_blocked, id=18772, stack(0x000000a2fa600000,0x000000a2fa700000) (1024K)]
  0x000001ca49585070 JavaThread "MessageBroker-8"                   [_thread_blocked, id=31260, stack(0x000000a2fa400000,0x000000a2fa500000) (1024K)]
Total: 40

Other Threads:
=>0x000001ca7b5f3ac0 VMThread "VM Thread"                           [id=29020, stack(0x000000a2fad00000,0x000000a2fae00000) (1024K)]
  0x000001ca7b5e1760 WatcherThread "VM Periodic Task Thread"        [id=8276, stack(0x000000a2fac00000,0x000000a2fad00000) (1024K)]
  0x000001ca5c7ea1a0 WorkerThread "GC Thread#0"                     [id=13112, stack(0x000000a2fa700000,0x000000a2fa800000) (1024K)]
  0x000001ca45d76c30 WorkerThread "GC Thread#1"                     [id=8904, stack(0x000000a2fba00000,0x000000a2fbb00000) (1024K)]
  0x000001ca45f61a90 WorkerThread "GC Thread#2"                     [id=30552, stack(0x000000a2fbb00000,0x000000a2fbc00000) (1024K)]
  0x000001ca45d75d30 WorkerThread "GC Thread#3"                     [id=16772, stack(0x000000a2fbc00000,0x000000a2fbd00000) (1024K)]
  0x000001ca45d5d410 WorkerThread "GC Thread#4"                     [id=22040, stack(0x000000a2fbd00000,0x000000a2fbe00000) (1024K)]
  0x000001ca46095a50 WorkerThread "GC Thread#5"                     [id=31440, stack(0x000000a2fc000000,0x000000a2fc100000) (1024K)]
  0x000001ca46224d60 WorkerThread "GC Thread#6"                     [id=12984, stack(0x000000a2fc100000,0x000000a2fc200000) (1024K)]
  0x000001ca46225100 WorkerThread "GC Thread#7"                     [id=9956, stack(0x000000a2fc200000,0x000000a2fc300000) (1024K)]
  0x000001ca460927c0 WorkerThread "GC Thread#8"                     [id=25912, stack(0x000000a2fc300000,0x000000a2fc400000) (1024K)]
  0x000001ca46117180 WorkerThread "GC Thread#9"                     [id=8256, stack(0x000000a2fc600000,0x000000a2fc700000) (1024K)]
  0x000001ca5c818820 ConcurrentGCThread "G1 Main Marker"            [id=19760, stack(0x000000a2fa800000,0x000000a2fa900000) (1024K)]
  0x000001ca5c81a8e0 WorkerThread "G1 Conc#0"                       [id=25864, stack(0x000000a2fa900000,0x000000a2faa00000) (1024K)]
  0x000001ca46117520 WorkerThread "G1 Conc#1"                       [id=29512, stack(0x000000a2fc700000,0x000000a2fc800000) (1024K)]
  0x000001ca461178c0 WorkerThread "G1 Conc#2"                       [id=32400, stack(0x000000a2fc800000,0x000000a2fc900000) (1024K)]
  0x000001ca7b4b23b0 ConcurrentGCThread "G1 Refine#0"               [id=14352, stack(0x000000a2faa00000,0x000000a2fab00000) (1024K)]
  0x000001ca7b4b4cd0 ConcurrentGCThread "G1 Service"                [id=13604, stack(0x000000a2fab00000,0x000000a2fac00000) (1024K)]
Total: 18

Threads with active compile tasks:
Total: 0

VM state: at safepoint (normal execution)

VM Mutex/Monitor currently owned by a thread:  ([mutex/lock_event])
[0x00007ff8e48e5458] Threads_lock - owner thread: 0x000001ca7b5f3ac0
[0x00007ff8e48e5558] Heap_lock - owner thread: 0x000001ca5c818820

Heap address: 0x0000000709400000, size: 3948 MB, Compressed Oops mode: Zero based, Oop shift amount: 3

CDS archive(s) mapped at: [0x000001ca00000000-0x000001ca00c80000-0x000001ca00c80000), size 13107200, SharedBaseAddress: 0x000001ca00000000, ArchiveRelocationMode: 1.
Compressed class space mapped at: 0x000001ca01000000-0x000001ca41000000, reserved size: 1073741824
Narrow klass base: 0x000001ca00000000, Narrow klass shift: 0, Narrow klass range: 0x100000000

GC Precious Log:
 CardTable entry size: 512
 Card Set container configuration: InlinePtr #cards 4 size 8 Array Of Cards #cards 16 size 48 Howl #buckets 8 coarsen threshold 3686 Howl Bitmap #cards 512 size 80 coarsen threshold 460 Card regions per heap region 1 cards per card region 4096
 CPUs: 12 total, 12 available
 Memory: 15789M
 Large Page Support: Disabled
 NUMA Support: Disabled
 Compressed Oops: Enabled (Zero based)
 Heap Region Size: 2M
 Heap Min Capacity: 8M
 Heap Initial Capacity: 248M
 Heap Max Capacity: 3948M
 Pre-touch: Disabled
 Parallel Workers: 10
 Concurrent Workers: 3
 Concurrent Refinement Workers: 10
 Periodic GC: Disabled

Heap:
 garbage-first heap   total 92160K, used 56276K [0x0000000709400000, 0x0000000800000000)
  region size 2048K, 3 young (6144K), 2 survivors (4096K)
 Metaspace       used 99861K, committed 100928K, reserved 1179648K
  class space    used 13323K, committed 13824K, reserved 1048576K

Heap Regions: E=young(eden), S=young(survivor), O=old, HS=humongous(starts), HC=humongous(continues), CS=collection set, F=free, TAMS=top-at-mark-start, PB=parsable bottom
|   0|0x0000000709400000, 0x0000000709600000, 0x0000000709600000|100%| O|  |TAMS 0x0000000709600000| PB 0x0000000709600000| Untracked 
|   1|0x0000000709600000, 0x0000000709800000, 0x0000000709800000|100%| O|  |TAMS 0x0000000709800000| PB 0x0000000709800000| Untracked 
|   2|0x0000000709800000, 0x0000000709a00000, 0x0000000709a00000|100%| O|  |TAMS 0x0000000709a00000| PB 0x0000000709a00000| Untracked 
|   3|0x0000000709a00000, 0x0000000709c00000, 0x0000000709c00000|100%| O|  |TAMS 0x0000000709c00000| PB 0x0000000709c00000| Untracked 
|   4|0x0000000709c00000, 0x0000000709e00000, 0x0000000709e00000|100%| O|  |TAMS 0x0000000709e00000| PB 0x0000000709e00000| Updating 
|   5|0x0000000709e00000, 0x000000070a000000, 0x000000070a000000|100%| O|  |TAMS 0x000000070a000000| PB 0x000000070a000000| Untracked 
|   6|0x000000070a000000, 0x000000070a200000, 0x000000070a200000|100%| O|  |TAMS 0x000000070a200000| PB 0x000000070a200000| Updating 
|   7|0x000000070a200000, 0x000000070a200000, 0x000000070a400000|  0%| F|  |TAMS 0x000000070a200000| PB 0x000000070a200000| Untracked 
|   8|0x000000070a400000, 0x000000070a600000, 0x000000070a600000|100%| O|  |TAMS 0x000000070a600000| PB 0x000000070a600000| Untracked 
|   9|0x000000070a600000, 0x000000070a800000, 0x000000070a800000|100%| O|  |TAMS 0x000000070a800000| PB 0x000000070a800000| Untracked 
|  10|0x000000070a800000, 0x000000070aa00000, 0x000000070aa00000|100%| O|  |TAMS 0x000000070aa00000| PB 0x000000070aa00000| Updating 
|  11|0x000000070aa00000, 0x000000070aa00000, 0x000000070ac00000|  0%| F|  |TAMS 0x000000070aa00000| PB 0x000000070aa00000| Untracked 
|  12|0x000000070ac00000, 0x000000070ae00000, 0x000000070ae00000|100%| O|  |TAMS 0x000000070ae00000| PB 0x000000070ae00000| Untracked 
|  13|0x000000070ae00000, 0x000000070b000000, 0x000000070b000000|100%| O|  |TAMS 0x000000070b000000| PB 0x000000070b000000| Updating 
|  14|0x000000070b000000, 0x000000070b200000, 0x000000070b200000|100%| O|  |TAMS 0x000000070b200000| PB 0x000000070b200000| Untracked 
|  15|0x000000070b200000, 0x000000070b400000, 0x000000070b400000|100%| O|  |TAMS 0x000000070b400000| PB 0x000000070b400000| Updating 
|  16|0x000000070b400000, 0x000000070b600000, 0x000000070b600000|100%| O|  |TAMS 0x000000070b600000| PB 0x000000070b600000| Untracked 
|  17|0x000000070b600000, 0x000000070b800000, 0x000000070b800000|100%| O|  |TAMS 0x000000070b800000| PB 0x000000070b800000| Updating 
|  18|0x000000070b800000, 0x000000070ba00000, 0x000000070ba00000|100%| O|  |TAMS 0x000000070ba00000| PB 0x000000070ba00000| Untracked 
|  19|0x000000070ba00000, 0x000000070bc00000, 0x000000070bc00000|100%| O|  |TAMS 0x000000070bc00000| PB 0x000000070bc00000| Updating 
|  20|0x000000070bc00000, 0x000000070be00000, 0x000000070be00000|100%| O|  |TAMS 0x000000070be00000| PB 0x000000070be00000| Untracked 
|  21|0x000000070be00000, 0x000000070c000000, 0x000000070c000000|100%| O|  |TAMS 0x000000070c000000| PB 0x000000070c000000| Untracked 
|  22|0x000000070c000000, 0x000000070c200000, 0x000000070c200000|100%| O|  |TAMS 0x000000070c200000| PB 0x000000070c200000| Untracked 
|  23|0x000000070c200000, 0x000000070c400000, 0x000000070c400000|100%| O|  |TAMS 0x000000070c400000| PB 0x000000070c400000| Updating 
|  24|0x000000070c400000, 0x000000070c600000, 0x000000070c600000|100%| O|  |TAMS 0x000000070c600000| PB 0x000000070c600000| Updating 
|  25|0x000000070c600000, 0x000000070c800000, 0x000000070c800000|100%| O|  |TAMS 0x000000070c800000| PB 0x000000070c800000| Untracked 
|  26|0x000000070c800000, 0x000000070ca00000, 0x000000070ca00000|100%| O|  |TAMS 0x000000070ca00000| PB 0x000000070ca00000| Updating 
|  27|0x000000070ca00000, 0x000000070cc00000, 0x000000070cc00000|100%| O|  |TAMS 0x000000070cc00000| PB 0x000000070cc00000| Untracked 
|  28|0x000000070cc00000, 0x000000070ccba960, 0x000000070ce00000| 36%| O|  |TAMS 0x000000070ccba960| PB 0x000000070ccba960| Updating 
|  29|0x000000070ce00000, 0x000000070ce3a740, 0x000000070d000000| 11%| S|CS|TAMS 0x000000070ce00000| PB 0x000000070ce00000| Complete 
|  30|0x000000070d000000, 0x000000070d000000, 0x000000070d200000|  0%| F|  |TAMS 0x000000070d000000| PB 0x000000070d000000| Untracked 
|  31|0x000000070d200000, 0x000000070d400000, 0x000000070d400000|100%| S|CS|TAMS 0x000000070d200000| PB 0x000000070d200000| Complete 
|  32|0x000000070d400000, 0x000000070d400000, 0x000000070d600000|  0%| F|  |TAMS 0x000000070d400000| PB 0x000000070d400000| Untracked 
|  33|0x000000070d600000, 0x000000070d600000, 0x000000070d800000|  0%| F|  |TAMS 0x000000070d600000| PB 0x000000070d600000| Untracked 
|  34|0x000000070d800000, 0x000000070d800000, 0x000000070da00000|  0%| F|  |TAMS 0x000000070d800000| PB 0x000000070d800000| Untracked 
|  35|0x000000070da00000, 0x000000070da00000, 0x000000070dc00000|  0%| F|  |TAMS 0x000000070da00000| PB 0x000000070da00000| Untracked 
|  36|0x000000070dc00000, 0x000000070dc00000, 0x000000070de00000|  0%| F|  |TAMS 0x000000070dc00000| PB 0x000000070dc00000| Untracked 
|  37|0x000000070de00000, 0x000000070de00000, 0x000000070e000000|  0%| F|  |TAMS 0x000000070de00000| PB 0x000000070de00000| Untracked 
|  38|0x000000070e000000, 0x000000070e000000, 0x000000070e200000|  0%| F|  |TAMS 0x000000070e000000| PB 0x000000070e000000| Untracked 
|  39|0x000000070e200000, 0x000000070e200000, 0x000000070e400000|  0%| F|  |TAMS 0x000000070e200000| PB 0x000000070e200000| Untracked 
|  91|0x0000000714a00000, 0x0000000714a00000, 0x0000000714c00000|  0%| F|  |TAMS 0x0000000714a00000| PB 0x0000000714a00000| Untracked 
|  92|0x0000000714c00000, 0x0000000714c00000, 0x0000000714e00000|  0%| F|  |TAMS 0x0000000714c00000| PB 0x0000000714c00000| Untracked 
|  93|0x0000000714e00000, 0x0000000714e00000, 0x0000000715000000|  0%| F|  |TAMS 0x0000000714e00000| PB 0x0000000714e00000| Untracked 
|  94|0x0000000715000000, 0x0000000715000000, 0x0000000715200000|  0%| F|  |TAMS 0x0000000715000000| PB 0x0000000715000000| Untracked 
| 123|0x0000000718a00000, 0x0000000718a2dae0, 0x0000000718c00000|  8%| E|  |TAMS 0x0000000718a00000| PB 0x0000000718a00000| Complete 

Card table byte_map: [0x000001ca74a70000,0x000001ca75230000] _byte_map_base: 0x000001ca71226000

Marking Bits: (CMBitMap*) 0x000001ca5c7ea7a0
 Bits: [0x000001ca75230000, 0x000001ca78fe0000)

Polling page: 0x000001ca5a510000

Metaspace:

Usage:
  Non-class:     84.51 MB used.
      Class:     13.01 MB used.
       Both:     97.52 MB used.

Virtual space:
  Non-class space:      128.00 MB reserved,      85.06 MB ( 66%) committed,  2 nodes.
      Class space:        1.00 GB reserved,      13.50 MB (  1%) committed,  1 nodes.
             Both:        1.12 GB reserved,      98.56 MB (  9%) committed. 

Chunk freelists:
   Non-Class:  10.07 MB
       Class:  2.38 MB
        Both:  12.45 MB

MaxMetaspaceSize: unlimited
CompressedClassSpaceSize: 1.00 GB
Initial GC threshold: 21.00 MB
Current GC threshold: 151.56 MB
CDS: on
 - commit_granule_bytes: 65536.
 - commit_granule_words: 8192.
 - virtual_space_node_default_size: 8388608.
 - enlarge_chunks_in_place: 1.
 - use_allocation_guard: 0.


Internal statistics:

num_allocs_failed_limit: 9.
num_arena_births: 1516.
num_arena_deaths: 62.
num_vsnodes_births: 3.
num_vsnodes_deaths: 0.
num_space_committed: 1577.
num_space_uncommitted: 0.
num_chunks_returned_to_freelist: 102.
num_chunks_taken_from_freelist: 5351.
num_chunk_merges: 23.
num_chunk_splits: 3800.
num_chunks_enlarged: 2876.
num_inconsistent_stats: 0.

CodeHeap 'non-profiled nmethods': size=120000Kb used=6870Kb max_used=7686Kb free=113129Kb
 bounds [0x000001ca6c940000, 0x000001ca6d0d0000, 0x000001ca73e70000]
CodeHeap 'profiled nmethods': size=120000Kb used=20676Kb max_used=21634Kb free=99323Kb
 bounds [0x000001ca64e70000, 0x000001ca663a0000, 0x000001ca6c3a0000]
CodeHeap 'non-nmethods': size=5760Kb used=1749Kb max_used=1796Kb free=4010Kb
 bounds [0x000001ca6c3a0000, 0x000001ca6c610000, 0x000001ca6c940000]
CodeCache: size=245760Kb, used=29295Kb, max_used=31116Kb, free=216462Kb
 total_blobs=11710, nmethods=10943, adapters=670, full_count=0
Compilation: enabled, stopped_count=0, restarted_count=0

Compilation events (20 events):
Event: 121.986 Thread 0x000001ca45018fb0 12935   !   3       org.springframework.util.function.SingletonSupplier::get (96 bytes)
Event: 121.987 Thread 0x000001ca45018fb0 nmethod 12935 0x000001ca6638bf10 code [0x000001ca6638c120, 0x000001ca6638c800]
Event: 121.987 Thread 0x000001ca45018fb0 12936       1       org.apache.coyote.Response::getWriteListener (5 bytes)
Event: 121.987 Thread 0x000001ca45018fb0 nmethod 12936 0x000001ca6d0c1290 code [0x000001ca6d0c1420, 0x000001ca6d0c14f0]
Event: 121.990 Thread 0x000001ca45018fb0 12937       3       org.apache.tomcat.util.http.parser.HttpParser::skipConstant (84 bytes)
Event: 121.991 Thread 0x000001ca45018fb0 nmethod 12937 0x000001ca6638ca10 code [0x000001ca6638cca0, 0x000001ca6638d8a0]
Event: 121.991 Thread 0x000001ca45018fb0 12938       3       jakarta.servlet.http.HttpServletRequestWrapper::<init> (6 bytes)
Event: 121.992 Thread 0x000001ca45018fb0 nmethod 12938 0x000001ca6638dd10 code [0x000001ca6638df00, 0x000001ca6638e3b8]
Event: 121.992 Thread 0x000001ca45018fb0 12939       3       jakarta.servlet.ServletRequestWrapper::<init> (30 bytes)
Event: 121.992 Thread 0x000001ca45018fb0 nmethod 12939 0x000001ca6638e590 code [0x000001ca6638e780, 0x000001ca6638ebe0]
Event: 121.992 Thread 0x000001ca45018fb0 12940       3       java.nio.StringCharBuffer::<init> (41 bytes)
Event: 121.993 Thread 0x000001ca45018fb0 nmethod 12940 0x000001ca6638ed90 code [0x000001ca6638efa0, 0x000001ca6638f510]
Event: 121.993 Thread 0x000001ca45018fb0 12941       3       java.nio.CharBuffer::<init> (14 bytes)
Event: 121.993 Thread 0x000001ca45018fb0 nmethod 12941 0x000001ca6638f710 code [0x000001ca6638f8c0, 0x000001ca6638fa10]
Event: 121.993 Thread 0x000001ca45018fb0 12942       1       org.springframework.data.repository.query.ReturnedType$ReturnedClass::isProjecting (5 bytes)
Event: 121.993 Thread 0x000001ca45018fb0 nmethod 12942 0x000001ca6d0c1590 code [0x000001ca6d0c1720, 0x000001ca6d0c17f0]
Event: 121.993 Thread 0x000001ca45018fb0 12943       3       org.hibernate.query.sqm.internal.AbstractSqmSelectionQuery::isTupleMetadataRequired (28 bytes)
Event: 121.993 Thread 0x000001ca45018fb0 nmethod 12943 0x000001ca6638fb10 code [0x000001ca6638fd00, 0x000001ca66390268]
Event: 121.993 Thread 0x000001ca45018fb0 12944       3       org.hibernate.query.sqm.internal.AbstractSqmSelectionQuery::isInstantiableWithoutMetadata (29 bytes)
Event: 121.994 Thread 0x000001ca45018fb0 nmethod 12944 0x000001ca66390410 code [0x000001ca663905c0, 0x000001ca663907e8]

GC Heap History (20 events):
Event: 9.117 GC heap before
{Heap before GC invocations=18 (full 0):
 garbage-first heap   total 90112K, used 79613K [0x0000000709400000, 0x0000000800000000)
  region size 2048K, 22 young (45056K), 2 survivors (4096K)
 Metaspace       used 73503K, committed 74176K, reserved 1114112K
  class space    used 10143K, committed 10432K, reserved 1048576K
}
Event: 9.121 GC heap after
{Heap after GC invocations=19 (full 0):
 garbage-first heap   total 90112K, used 40670K [0x0000000709400000, 0x0000000800000000)
  region size 2048K, 3 young (6144K), 3 survivors (6144K)
 Metaspace       used 73503K, committed 74176K, reserved 1114112K
  class space    used 10143K, committed 10432K, reserved 1048576K
}
Event: 9.556 GC heap before
{Heap before GC invocations=19 (full 0):
 garbage-first heap   total 90112K, used 75486K [0x0000000709400000, 0x0000000800000000)
  region size 2048K, 20 young (40960K), 3 survivors (6144K)
 Metaspace       used 75949K, committed 76736K, reserved 1179648K
  class space    used 10420K, committed 10752K, reserved 1048576K
}
Event: 9.561 GC heap after
{Heap after GC invocations=20 (full 0):
 garbage-first heap   total 90112K, used 42593K [0x0000000709400000, 0x0000000800000000)
  region size 2048K, 3 young (6144K), 3 survivors (6144K)
 Metaspace       used 75949K, committed 76736K, reserved 1179648K
  class space    used 10420K, committed 10752K, reserved 1048576K
}
Event: 10.010 GC heap before
{Heap before GC invocations=20 (full 0):
 garbage-first heap   total 90112K, used 75361K [0x0000000709400000, 0x0000000800000000)
  region size 2048K, 19 young (38912K), 3 survivors (6144K)
 Metaspace       used 82351K, committed 83072K, reserved 1179648K
  class space    used 11116K, committed 11456K, reserved 1048576K
}
Event: 10.016 GC heap after
{Heap after GC invocations=21 (full 0):
 garbage-first heap   total 90112K, used 46549K [0x0000000709400000, 0x0000000800000000)
  region size 2048K, 3 young (6144K), 3 survivors (6144K)
 Metaspace       used 82351K, committed 83072K, reserved 1179648K
  class space    used 11116K, committed 11456K, reserved 1048576K
}
Event: 10.304 GC heap before
{Heap before GC invocations=21 (full 0):
 garbage-first heap   total 90112K, used 75221K [0x0000000709400000, 0x0000000800000000)
  region size 2048K, 18 young (36864K), 3 survivors (6144K)
 Metaspace       used 84518K, committed 85312K, reserved 1179648K
  class space    used 11308K, committed 11648K, reserved 1048576K
}
Event: 10.308 GC heap after
{Heap after GC invocations=22 (full 0):
 garbage-first heap   total 90112K, used 48427K [0x0000000709400000, 0x0000000800000000)
  region size 2048K, 1 young (2048K), 1 survivors (2048K)
 Metaspace       used 84518K, committed 85312K, reserved 1179648K
  class space    used 11308K, committed 11648K, reserved 1048576K
}
Event: 10.816 GC heap before
{Heap before GC invocations=23 (full 0):
 garbage-first heap   total 90112K, used 81195K [0x0000000709400000, 0x0000000800000000)
  region size 2048K, 17 young (34816K), 1 survivors (2048K)
 Metaspace       used 87027K, committed 87872K, reserved 1179648K
  class space    used 11616K, committed 12032K, reserved 1048576K
}
Event: 10.818 GC heap after
{Heap after GC invocations=24 (full 0):
 garbage-first heap   total 90112K, used 50033K [0x0000000709400000, 0x0000000800000000)
  region size 2048K, 2 young (4096K), 2 survivors (4096K)
 Metaspace       used 87027K, committed 87872K, reserved 1179648K
  class space    used 11616K, committed 12032K, reserved 1048576K
}
Event: 11.262 GC heap before
{Heap before GC invocations=24 (full 0):
 garbage-first heap   total 90112K, used 78705K [0x0000000709400000, 0x0000000800000000)
  region size 2048K, 16 young (32768K), 2 survivors (4096K)
 Metaspace       used 88984K, committed 89856K, reserved 1179648K
  class space    used 11918K, committed 12352K, reserved 1048576K
}
Event: 11.266 GC heap after
{Heap after GC invocations=25 (full 0):
 garbage-first heap   total 90112K, used 51853K [0x0000000709400000, 0x0000000800000000)
  region size 2048K, 2 young (4096K), 2 survivors (4096K)
 Metaspace       used 88984K, committed 89856K, reserved 1179648K
  class space    used 11918K, committed 12352K, reserved 1048576K
}
Event: 11.653 GC heap before
{Heap before GC invocations=25 (full 0):
 garbage-first heap   total 90112K, used 78477K [0x0000000709400000, 0x0000000800000000)
  region size 2048K, 15 young (30720K), 2 survivors (4096K)
 Metaspace       used 91850K, committed 92736K, reserved 1179648K
  class space    used 12334K, committed 12736K, reserved 1048576K
}
Event: 11.658 GC heap after
{Heap after GC invocations=26 (full 0):
 garbage-first heap   total 90112K, used 55198K [0x0000000709400000, 0x0000000800000000)
  region size 2048K, 2 young (4096K), 2 survivors (4096K)
 Metaspace       used 91850K, committed 92736K, reserved 1179648K
  class space    used 12334K, committed 12736K, reserved 1048576K
}
Event: 29.271 GC heap before
{Heap before GC invocations=27 (full 0):
 garbage-first heap   total 92160K, used 77726K [0x0000000709400000, 0x0000000800000000)
  region size 2048K, 14 young (28672K), 2 survivors (4096K)
 Metaspace       used 94779K, committed 95680K, reserved 1179648K
  class space    used 12664K, committed 13056K, reserved 1048576K
}
Event: 29.275 GC heap after
{Heap after GC invocations=28 (full 0):
 garbage-first heap   total 92160K, used 55911K [0x0000000709400000, 0x0000000800000000)
  region size 2048K, 1 young (2048K), 1 survivors (2048K)
 Metaspace       used 94779K, committed 95680K, reserved 1179648K
  class space    used 12664K, committed 13056K, reserved 1048576K
}
Event: 79.042 GC heap before
{Heap before GC invocations=28 (full 0):
 garbage-first heap   total 92160K, used 82535K [0x0000000709400000, 0x0000000800000000)
  region size 2048K, 14 young (28672K), 1 survivors (2048K)
 Metaspace       used 98673K, committed 99648K, reserved 1179648K
  class space    used 13232K, committed 13696K, reserved 1048576K
}
Event: 79.046 GC heap after
{Heap after GC invocations=29 (full 0):
 garbage-first heap   total 92160K, used 55795K [0x0000000709400000, 0x0000000800000000)
  region size 2048K, 1 young (2048K), 1 survivors (2048K)
 Metaspace       used 98673K, committed 99648K, reserved 1179648K
  class space    used 13232K, committed 13696K, reserved 1048576K
}
Event: 125.138 GC heap before
{Heap before GC invocations=29 (full 0):
 garbage-first heap   total 92160K, used 82419K [0x0000000709400000, 0x0000000800000000)
  region size 2048K, 14 young (28672K), 1 survivors (2048K)
 Metaspace       used 99921K, committed 100928K, reserved 1179648K
  class space    used 13333K, committed 13824K, reserved 1048576K
}
Event: 125.140 GC heap after
{Heap after GC invocations=30 (full 0):
 garbage-first heap   total 92160K, used 56276K [0x0000000709400000, 0x0000000800000000)
  region size 2048K, 2 young (4096K), 2 survivors (4096K)
 Metaspace       used 99921K, committed 100928K, reserved 1179648K
  class space    used 13333K, committed 13824K, reserved 1048576K
}

Dll operation events (12 events):
Event: 0.012 Loaded shared library C:\Users\ENZO\.jdks\temurin-21.0.8\bin\java.dll
Event: 0.046 Loaded shared library C:\Users\ENZO\.jdks\temurin-21.0.8\bin\jsvml.dll
Event: 0.168 Loaded shared library C:\Users\ENZO\.jdks\temurin-21.0.8\bin\zip.dll
Event: 0.173 Loaded shared library C:\Users\ENZO\.jdks\temurin-21.0.8\bin\instrument.dll
Event: 0.179 Loaded shared library C:\Users\ENZO\.jdks\temurin-21.0.8\bin\net.dll
Event: 0.181 Loaded shared library C:\Users\ENZO\.jdks\temurin-21.0.8\bin\nio.dll
Event: 0.184 Loaded shared library C:\Users\ENZO\.jdks\temurin-21.0.8\bin\zip.dll
Event: 0.290 Loaded shared library C:\Users\ENZO\.jdks\temurin-21.0.8\bin\extnet.dll
Event: 0.334 Loaded shared library C:\Users\ENZO\.jdks\temurin-21.0.8\bin\jimage.dll
Event: 0.662 Loaded shared library C:\Users\ENZO\.jdks\temurin-21.0.8\bin\management.dll
Event: 0.668 Loaded shared library C:\Users\ENZO\.jdks\temurin-21.0.8\bin\management_ext.dll
Event: 2.143 Loaded shared library C:\Users\ENZO\.jdks\temurin-21.0.8\bin\sunmscapi.dll

Deoptimization events (20 events):
Event: 111.121 Thread 0x000001ca491fe430 DEOPT PACKING pc=0x000001ca661fa17e sp=0x000000a2fdaf7f10
Event: 111.121 Thread 0x000001ca491fe430 DEOPT UNPACKING pc=0x000001ca6c3f4e42 sp=0x000000a2fdaf73a8 mode 0
Event: 111.130 Thread 0x000001ca491ff150 Uncommon trap: trap_request=0xffffffde fr.pc=0x000001ca6cab8aec relative=0x000000000000004c
Event: 111.130 Thread 0x000001ca491ff150 Uncommon trap: reason=class_check action=maybe_recompile pc=0x000001ca6cab8aec method=java.lang.StringConcatHelper.stringOf(Ljava/lang/Object;)Ljava/lang/String; @ 5 c2
Event: 111.130 Thread 0x000001ca491ff150 DEOPT PACKING pc=0x000001ca6cab8aec sp=0x000000a2fdbfa170
Event: 111.130 Thread 0x000001ca491ff150 DEOPT UNPACKING pc=0x000001ca6c3f46a2 sp=0x000000a2fdbfa100 mode 2
Event: 111.133 Thread 0x000001ca491ff150 Uncommon trap: trap_request=0xffffff45 fr.pc=0x000001ca6cb36538 relative=0x00000000000005f8
Event: 111.133 Thread 0x000001ca491ff150 Uncommon trap: reason=unstable_if action=reinterpret pc=0x000001ca6cb36538 method=java.util.ArrayList.toArray([Ljava/lang/Object;)[Ljava/lang/Object; @ 45 c2
Event: 111.133 Thread 0x000001ca491ff150 DEOPT PACKING pc=0x000001ca6cb36538 sp=0x000000a2fdbfb460
Event: 111.133 Thread 0x000001ca491ff150 DEOPT UNPACKING pc=0x000001ca6c3f46a2 sp=0x000000a2fdbfb468 mode 2
Event: 112.167 Thread 0x000001ca47bab2d0 Uncommon trap: trap_request=0xffffffde fr.pc=0x000001ca6cab8aec relative=0x000000000000004c
Event: 112.167 Thread 0x000001ca47bab2d0 Uncommon trap: reason=class_check action=maybe_recompile pc=0x000001ca6cab8aec method=java.lang.StringConcatHelper.stringOf(Ljava/lang/Object;)Ljava/lang/String; @ 5 c2
Event: 112.167 Thread 0x000001ca47bab2d0 DEOPT PACKING pc=0x000001ca6cab8aec sp=0x000000a2fd3fa850
Event: 112.167 Thread 0x000001ca47bab2d0 DEOPT UNPACKING pc=0x000001ca6c3f46a2 sp=0x000000a2fd3fa7e0 mode 2
Event: 118.928 Thread 0x000001ca491ff150 DEOPT PACKING pc=0x000001ca661fa17e sp=0x000000a2fdbfa490
Event: 118.928 Thread 0x000001ca491ff150 DEOPT UNPACKING pc=0x000001ca6c3f4e42 sp=0x000000a2fdbf9928 mode 0
Event: 119.628 Thread 0x000001ca491ffe70 DEOPT PACKING pc=0x000001ca65c8d19c sp=0x000000a2fd9f9ed0
Event: 119.628 Thread 0x000001ca491ffe70 DEOPT UNPACKING pc=0x000001ca6c3f4e42 sp=0x000000a2fd9f93c0 mode 0
Event: 120.709 Thread 0x000001ca47baf470 DEOPT PACKING pc=0x000001ca661fa17e sp=0x000000a2fd5f9fb0
Event: 120.709 Thread 0x000001ca47baf470 DEOPT UNPACKING pc=0x000001ca6c3f4e42 sp=0x000000a2fd5f9420 mode 0

Classes loaded (20 events):
Event: 29.607 Loading class sun/security/provider/SHA5 done
Event: 29.607 Loading class sun/security/provider/SHA5$SHA384 done
Event: 29.670 Loading class java/util/stream/LongStream
Event: 29.671 Loading class java/util/stream/LongStream done
Event: 29.671 Loading class java/util/stream/DoubleStream
Event: 29.672 Loading class java/util/stream/DoubleStream done
Event: 29.685 Loading class org/w3c/dom/Node
Event: 29.685 Loading class org/w3c/dom/Node done
Event: 29.685 Loading class org/w3c/dom/Document
Event: 29.685 Loading class org/w3c/dom/Document done
Event: 118.202 Loading class java/util/stream/ReferencePipeline$4
Event: 118.202 Loading class java/util/stream/ReferencePipeline$4 done
Event: 118.202 Loading class java/util/function/IntBinaryOperator
Event: 118.202 Loading class java/util/function/IntBinaryOperator done
Event: 118.202 Loading class java/util/stream/ReduceOps$7
Event: 118.203 Loading class java/util/stream/ReduceOps$7 done
Event: 118.203 Loading class java/util/stream/ReduceOps$6ReducingSink
Event: 118.203 Loading class java/util/stream/ReduceOps$6ReducingSink done
Event: 118.203 Loading class java/util/stream/ReferencePipeline$4$1
Event: 118.203 Loading class java/util/stream/ReferencePipeline$4$1 done

Classes unloaded (20 events):
Event: 11.691 Thread 0x000001ca7b5f3ac0 Unloading class 0x000001ca01a3b800 'jdk/internal/reflect/GeneratedSerializationConstructorAccessor5'
Event: 11.691 Thread 0x000001ca7b5f3ac0 Unloading class 0x000001ca01a3b400 'jdk/internal/reflect/GeneratedSerializationConstructorAccessor4'
Event: 125.175 Thread 0x000001ca7b5f3ac0 Unloading class 0x000001ca01b7e400 'jdk/internal/reflect/GeneratedSerializationConstructorAccessor31'
Event: 125.175 Thread 0x000001ca7b5f3ac0 Unloading class 0x000001ca01b7e000 'jdk/internal/reflect/GeneratedSerializationConstructorAccessor30'
Event: 125.175 Thread 0x000001ca7b5f3ac0 Unloading class 0x000001ca01b7dc00 'jdk/internal/reflect/GeneratedSerializationConstructorAccessor29'
Event: 125.175 Thread 0x000001ca7b5f3ac0 Unloading class 0x000001ca01b7c800 'jdk/internal/reflect/GeneratedSerializationConstructorAccessor28'
Event: 125.175 Thread 0x000001ca7b5f3ac0 Unloading class 0x000001ca01b7c400 'jdk/internal/reflect/GeneratedSerializationConstructorAccessor27'
Event: 125.175 Thread 0x000001ca7b5f3ac0 Unloading class 0x000001ca01b7c000 'jdk/internal/reflect/GeneratedSerializationConstructorAccessor26'
Event: 125.175 Thread 0x000001ca7b5f3ac0 Unloading class 0x000001ca01b77400 'jdk/internal/reflect/GeneratedSerializationConstructorAccessor25'
Event: 125.175 Thread 0x000001ca7b5f3ac0 Unloading class 0x000001ca01b77000 'jdk/internal/reflect/GeneratedSerializationConstructorAccessor24'
Event: 125.175 Thread 0x000001ca7b5f3ac0 Unloading class 0x000001ca01b69000 'jdk/internal/reflect/GeneratedSerializationConstructorAccessor23'
Event: 125.175 Thread 0x000001ca7b5f3ac0 Unloading class 0x000001ca01b63000 'jdk/internal/reflect/GeneratedSerializationConstructorAccessor22'
Event: 125.175 Thread 0x000001ca7b5f3ac0 Unloading class 0x000001ca01b62c00 'jdk/internal/reflect/GeneratedSerializationConstructorAccessor21'
Event: 125.175 Thread 0x000001ca7b5f3ac0 Unloading class 0x000001ca01b62800 'jdk/internal/reflect/GeneratedSerializationConstructorAccessor20'
Event: 125.175 Thread 0x000001ca7b5f3ac0 Unloading class 0x000001ca01b61800 'jdk/internal/reflect/GeneratedSerializationConstructorAccessor19'
Event: 125.175 Thread 0x000001ca7b5f3ac0 Unloading class 0x000001ca01b61400 'jdk/internal/reflect/GeneratedSerializationConstructorAccessor18'
Event: 125.175 Thread 0x000001ca7b5f3ac0 Unloading class 0x000001ca01a2a800 'jdk/internal/reflect/GeneratedSerializationConstructorAccessor17'
Event: 125.175 Thread 0x000001ca7b5f3ac0 Unloading class 0x000001ca01a38c00 'jdk/internal/reflect/GeneratedSerializationConstructorAccessor16'
Event: 125.175 Thread 0x000001ca7b5f3ac0 Unloading class 0x000001ca01a39000 'jdk/internal/reflect/GeneratedSerializationConstructorAccessor15'
Event: 125.175 Thread 0x000001ca7b5f3ac0 Unloading class 0x000001ca01b61000 'jdk/internal/reflect/GeneratedSerializationConstructorAccessor14'

Classes redefined (0 events):
No events

Internal exceptions (20 events):
Event: 11.449 Thread 0x000001ca45e16df0 Exception <a 'java/lang/NoSuchMethodError'{0x000000070e01c528}: 'java.lang.Object java.lang.invoke.Invokers$Holder.invoke_MT(java.lang.Object, java.lang.Object, java.lang.Object, java.lang.Object, java.lang.Object, java.lang.Object, java.lang.Object, java.lang.Object, java.lang.Object, java.lang.Object, java.lang.Object)'> (0x000000070e01c528) 
thrown [s\src\hotspot\share\interpreter\linkResolver.cpp, line 773]
Event: 11.458 Thread 0x000001ca45e16df0 Exception <a 'java/lang/NoSuchMethodError'{0x000000070e097ce8}: 'int java.lang.invoke.DirectMethodHandle$Holder.invokeStatic(java.lang.Object, java.lang.Object, java.lang.Object, java.lang.Object, java.lang.Object)'> (0x000000070e097ce8) 
thrown [s\src\hotspot\share\interpreter\linkResolver.cpp, line 773]
Event: 11.554 Thread 0x000001ca45e16df0 Exception <a 'java/lang/NoSuchMethodError'{0x000000070dd4df10}: 'java.lang.Object java.lang.invoke.DirectMethodHandle$Holder.newInvokeSpecial(java.lang.Object, java.lang.Object, int, java.lang.Object, java.lang.Object)'> (0x000000070dd4df10) 
thrown [s\src\hotspot\share\interpreter\linkResolver.cpp, line 773]
Event: 11.644 Thread 0x000001ca47bae0c0 Exception <a 'java/lang/IncompatibleClassChangeError'{0x000000070d79f830}: Found class java.lang.Object, but interface was expected> (0x000000070d79f830) 
thrown [s\src\hotspot\share\interpreter\linkResolver.cpp, line 840]
Event: 11.644 Thread 0x000001ca491fd710 Exception <a 'java/lang/IncompatibleClassChangeError'{0x000000070d417938}: Found class java.lang.Object, but interface was expected> (0x000000070d417938) 
thrown [s\src\hotspot\share\interpreter\linkResolver.cpp, line 840]
Event: 11.644 Thread 0x000001ca491ff7e0 Exception <a 'java/lang/IncompatibleClassChangeError'{0x000000070d441c90}: Found class java.lang.Object, but interface was expected> (0x000000070d441c90) 
thrown [s\src\hotspot\share\interpreter\linkResolver.cpp, line 840]
Event: 11.719 Thread 0x000001ca45e16df0 Exception <a 'java/lang/NoSuchMethodError'{0x0000000715002620}: 'void java.lang.invoke.DirectMethodHandle$Holder.invokeSpecialIFC(java.lang.Object, java.lang.Object, int, java.lang.Object, java.lang.Object, java.lang.Object, java.lang.Object)'> (0x0000000715002620) 
thrown [s\src\hotspot\share\interpreter\linkResolver.cpp, line 773]
Event: 11.791 Thread 0x000001ca45e16df0 Exception <a 'java/lang/NoSuchMethodError'{0x0000000714e85fa0}: 'java.lang.Object java.lang.invoke.DirectMethodHandle$Holder.newInvokeSpecial(java.lang.Object, java.lang.Object, java.lang.Object, java.lang.Object, int)'> (0x0000000714e85fa0) 
thrown [s\src\hotspot\share\interpreter\linkResolver.cpp, line 773]
Event: 11.791 Thread 0x000001ca45e16df0 Exception <a 'java/lang/NoSuchMethodError'{0x0000000714e89f58}: 'java.lang.Object java.lang.invoke.DirectMethodHandle$Holder.invokeSpecial(java.lang.Object, java.lang.Object, java.lang.Object, java.lang.Object, java.lang.Object, int)'> (0x0000000714e89f58) 
thrown [s\src\hotspot\share\interpreter\linkResolver.cpp, line 773]
Event: 11.792 Thread 0x000001ca45e16df0 Exception <a 'java/lang/NoSuchMethodError'{0x0000000714e8d790}: 'java.lang.Object java.lang.invoke.Invokers$Holder.linkToTargetMethod(java.lang.Object, java.lang.Object, java.lang.Object, int, java.lang.Object)'> (0x0000000714e8d790) 
thrown [s\src\hotspot\share\interpreter\linkResolver.cpp, line 773]
Event: 11.977 Thread 0x000001ca45e16df0 Exception <a 'java/lang/IncompatibleClassChangeError'{0x0000000714a07010}: Found class java.lang.Object, but interface was expected> (0x0000000714a07010) 
thrown [s\src\hotspot\share\interpreter\linkResolver.cpp, line 840]
Event: 12.759 Thread 0x000001ca45e16df0 Implicit null exception at 0x000001ca6cb6de7e to 0x000001ca6cb6e66c
Event: 12.768 Thread 0x000001ca45e16df0 Exception <a 'java/lang/NoSuchMethodError'{0x000000070daa0100}: 'java.lang.Object java.lang.invoke.DirectMethodHandle$Holder.invokeInterface(java.lang.Object, java.lang.Object, int)'> (0x000000070daa0100) 
thrown [s\src\hotspot\share\interpreter\linkResolver.cpp, line 773]
Event: 12.769 Thread 0x000001ca45e16df0 Exception <a 'java/lang/IncompatibleClassChangeError'{0x000000070daaa920}: Found class java.lang.Object, but interface was expected> (0x000000070daaa920) 
thrown [s\src\hotspot\share\interpreter\linkResolver.cpp, line 840]
Event: 29.261 Thread 0x000001ca491fd080 Exception <a 'java/lang/NoSuchMethodError'{0x000000070d7df8a8}: 'java.lang.Object java.lang.invoke.DirectMethodHandle$Holder.invokeStatic(java.lang.Object, java.lang.Object, java.lang.Object, int, int)'> (0x000000070d7df8a8) 
thrown [s\src\hotspot\share\interpreter\linkResolver.cpp, line 773]
Event: 29.262 Thread 0x000001ca491fd080 Exception <a 'java/lang/NoSuchMethodError'{0x000000070d7e3010}: 'java.lang.Object java.lang.invoke.DirectMethodHandle$Holder.invokeStaticInit(java.lang.Object, java.lang.Object, java.lang.Object, int, int)'> (0x000000070d7e3010) 
thrown [s\src\hotspot\share\interpreter\linkResolver.cpp, line 773]
Event: 29.327 Thread 0x000001ca469ac340 Exception <a 'java/lang/NoSuchMethodError'{0x0000000718b49570}: 'java.lang.Object java.lang.invoke.DirectMethodHandle$Holder.invokeSpecial(java.lang.Object, java.lang.Object, java.lang.Object, java.lang.Object, java.lang.Object, long)'> (0x0000000718b49570) 
thrown [s\src\hotspot\share\interpreter\linkResolver.cpp, line 773]
Event: 29.327 Thread 0x000001ca469ac340 Exception <a 'java/lang/NoSuchMethodError'{0x0000000718b4ccf8}: 'java.lang.Object java.lang.invoke.Invokers$Holder.linkToTargetMethod(java.lang.Object, java.lang.Object, java.lang.Object, long, java.lang.Object)'> (0x0000000718b4ccf8) 
thrown [s\src\hotspot\share\interpreter\linkResolver.cpp, line 773]
Event: 29.668 Thread 0x000001ca491fe430 Exception <a 'java/lang/NoSuchMethodError'{0x000000070e2e56e0}: method resolution failed> (0x000000070e2e56e0) 
thrown [s\src\hotspot\share\prims\methodHandles.cpp, line 1144]
Event: 111.125 Thread 0x000001ca491ff150 Exception <a 'java/lang/NoSuchMethodError'{0x000000070e00d3d8}: 'java.lang.Object java.lang.invoke.DirectMethodHandle$Holder.invokeInterface(java.lang.Object, java.lang.Object, java.lang.Object, java.lang.Object, java.lang.Object)'> (0x000000070e00d3d8) 
thrown [s\src\hotspot\share\interpreter\linkResolver.cpp, line 773]

ZGC Phase Switch (0 events):
No events

VM Operations (20 events):
Event: 111.109 Executing VM operation: HandshakeAllThreads (Deoptimize) done
Event: 111.109 Executing VM operation: Cleanup
Event: 111.109 Executing VM operation: Cleanup done
Event: 112.115 Executing VM operation: Cleanup
Event: 112.115 Executing VM operation: Cleanup done
Event: 113.120 Executing VM operation: Cleanup
Event: 113.121 Executing VM operation: Cleanup done
Event: 119.150 Executing VM operation: Cleanup
Event: 119.150 Executing VM operation: Cleanup done
Event: 120.080 Executing VM operation: HandshakeAllThreads (HandshakeForDeflation)
Event: 120.080 Executing VM operation: HandshakeAllThreads (HandshakeForDeflation) done
Event: 120.080 Executing VM operation: RendezvousGCThreads
Event: 120.080 Executing VM operation: RendezvousGCThreads done
Event: 121.086 Executing VM operation: Cleanup
Event: 121.086 Executing VM operation: Cleanup done
Event: 122.093 Executing VM operation: Cleanup
Event: 122.093 Executing VM operation: Cleanup done
Event: 125.137 Executing VM operation: G1CollectForAllocation (G1 Evacuation Pause)
Event: 125.140 Executing VM operation: G1CollectForAllocation (G1 Evacuation Pause) done
Event: 125.174 Executing VM operation: G1PauseRemark

Memory protections (0 events):
No events

Nmethod flushes (20 events):
Event: 125.187 Thread 0x000001ca7b5f3ac0 flushing  nmethod 0x000001ca6cc64990
Event: 125.187 Thread 0x000001ca7b5f3ac0 flushing  nmethod 0x000001ca6ce1aa10
Event: 125.187 Thread 0x000001ca7b5f3ac0 flushing  nmethod 0x000001ca6ce6b090
Event: 125.187 Thread 0x000001ca7b5f3ac0 flushing  nmethod 0x000001ca6ce71290
Event: 125.187 Thread 0x000001ca7b5f3ac0 flushing  nmethod 0x000001ca64f56090
Event: 125.187 Thread 0x000001ca7b5f3ac0 flushing  nmethod 0x000001ca64f6c590
Event: 125.187 Thread 0x000001ca7b5f3ac0 flushing  nmethod 0x000001ca6502f490
Event: 125.187 Thread 0x000001ca7b5f3ac0 flushing  nmethod 0x000001ca65314c10
Event: 125.187 Thread 0x000001ca7b5f3ac0 flushing  nmethod 0x000001ca65317b90
Event: 125.187 Thread 0x000001ca7b5f3ac0 flushing  nmethod 0x000001ca6546cf10
Event: 125.187 Thread 0x000001ca7b5f3ac0 flushing  nmethod 0x000001ca65473090
Event: 125.187 Thread 0x000001ca7b5f3ac0 flushing  nmethod 0x000001ca65568210
Event: 125.187 Thread 0x000001ca7b5f3ac0 flushing  nmethod 0x000001ca6567b190
Event: 125.187 Thread 0x000001ca7b5f3ac0 flushing  nmethod 0x000001ca65690210
Event: 125.187 Thread 0x000001ca7b5f3ac0 flushing  nmethod 0x000001ca65774510
Event: 125.187 Thread 0x000001ca7b5f3ac0 flushing  nmethod 0x000001ca65774910
Event: 125.187 Thread 0x000001ca7b5f3ac0 flushing  nmethod 0x000001ca657b7990
Event: 125.187 Thread 0x000001ca7b5f3ac0 flushing  nmethod 0x000001ca65800110
Event: 125.187 Thread 0x000001ca7b5f3ac0 flushing  nmethod 0x000001ca65c6e190
Event: 125.187 Thread 0x000001ca7b5f3ac0 flushing  nmethod 0x000001ca65ee8b10

Events (20 events):
Event: 11.578 Thread 0x000001ca45e16df0 Thread added: 0x000001ca491fd080
Event: 11.590 Thread 0x000001ca45e16df0 Thread added: 0x000001ca491fd710
Event: 11.590 Thread 0x000001ca45e16df0 Thread added: 0x000001ca491ff7e0
Event: 11.591 Thread 0x000001ca45e16df0 Thread added: 0x000001ca491fc9f0
Event: 11.611 Thread 0x000001ca491fd710 Thread added: 0x000001ca49201f40
Event: 11.786 Thread 0x000001ca47bae0c0 Thread added: 0x000001ca490da9a0
Event: 11.786 Thread 0x000001ca491fd710 Thread added: 0x000001ca49203980
Event: 11.787 Thread 0x000001ca491ff7e0 Thread added: 0x000001ca45eb3410
Event: 12.126 Thread 0x000001ca46527020 Thread exited: 0x000001ca46527020
Event: 12.782 Thread 0x000001ca45e16df0 Thread exited: 0x000001ca45e16df0
Event: 12.784 Thread 0x000001ca45e12860 Thread exited: 0x000001ca45e12860
Event: 12.784 Thread 0x000001ca5c781db0 Thread exited: 0x000001ca5c781db0
Event: 12.784 Thread 0x000001ca502b14b0 Thread added: 0x000001ca502b14b0
Event: 13.633 Thread 0x000001ca45313790 Thread exited: 0x000001ca45313790
Event: 16.625 Thread 0x000001ca49201f40 Thread exited: 0x000001ca49201f40
Event: 71.557 Thread 0x000001ca491fc9f0 Thread added: 0x000001ca49585070
Event: 111.134 Thread 0x000001ca45018fb0 Thread added: 0x000001ca46527020
Event: 111.138 Thread 0x000001ca45018fb0 Thread added: 0x000001ca491cd080
Event: 112.152 Thread 0x000001ca491cd080 Thread exited: 0x000001ca491cd080
Event: 112.153 Thread 0x000001ca46527020 Thread exited: 0x000001ca46527020


Dynamic libraries:
0x00007ff6ff630000 - 0x00007ff6ff63e000 	C:\Users\ENZO\.jdks\temurin-21.0.8\bin\java.exe
0x00007ff96b600000 - 0x00007ff96b867000 	C:\WINDOWS\SYSTEM32\ntdll.dll
0x00007ff96a210000 - 0x00007ff96a2d9000 	C:\WINDOWS\System32\KERNEL32.DLL
0x00007ff9685b0000 - 0x00007ff9689a7000 	C:\WINDOWS\System32\KERNELBASE.dll
0x00007ff968000000 - 0x00007ff96814b000 	C:\WINDOWS\System32\ucrtbase.dll
0x00007ff93d070000 - 0x00007ff93d088000 	C:\Users\ENZO\.jdks\temurin-21.0.8\bin\jli.dll
0x00007ff94b050000 - 0x00007ff94b06e000 	C:\Users\ENZO\.jdks\temurin-21.0.8\bin\VCRUNTIME140.dll
0x00007ff969dc0000 - 0x00007ff969f86000 	C:\WINDOWS\System32\USER32.dll
0x00007ff968150000 - 0x00007ff968177000 	C:\WINDOWS\System32\win32u.dll
0x00007ff954f70000 - 0x00007ff955202000 	C:\WINDOWS\WinSxS\amd64_microsoft.windows.common-controls_6595b64144ccf1df_6.0.26100.8457_none_3e0b2faee331e92d\COMCTL32.dll
0x00007ff96a160000 - 0x00007ff96a209000 	C:\WINDOWS\System32\msvcrt.dll
0x00007ff969f90000 - 0x00007ff969fbb000 	C:\WINDOWS\System32\GDI32.dll
0x00007ff969220000 - 0x00007ff96934c000 	C:\WINDOWS\System32\gdi32full.dll
0x00007ff968240000 - 0x00007ff9682e3000 	C:\WINDOWS\System32\msvcp_win.dll
0x00007ff96add0000 - 0x00007ff96ae02000 	C:\WINDOWS\System32\IMM32.DLL
0x00007ff949440000 - 0x00007ff94944c000 	C:\Users\ENZO\.jdks\temurin-21.0.8\bin\vcruntime140_1.dll
0x00007ff93cfe0000 - 0x00007ff93d06d000 	C:\Users\ENZO\.jdks\temurin-21.0.8\bin\msvcp140.dll
0x00007ff8e3c30000 - 0x00007ff8e49c7000 	C:\Users\ENZO\.jdks\temurin-21.0.8\bin\server\jvm.dll
0x00007ff96aff0000 - 0x00007ff96b0a6000 	C:\WINDOWS\System32\ADVAPI32.dll
0x00007ff96aa60000 - 0x00007ff96ab07000 	C:\WINDOWS\System32\sechost.dll
0x00007ff96b450000 - 0x00007ff96b568000 	C:\WINDOWS\System32\RPCRT4.dll
0x00007ff969a30000 - 0x00007ff969ab0000 	C:\WINDOWS\System32\WS2_32.dll
0x00007ff960d50000 - 0x00007ff960d5b000 	C:\WINDOWS\SYSTEM32\VERSION.dll
0x00007ff95d740000 - 0x00007ff95d776000 	C:\WINDOWS\SYSTEM32\WINMM.dll
0x00007ff967e60000 - 0x00007ff967ebe000 	C:\WINDOWS\SYSTEM32\POWRPROF.dll
0x00007ff967e40000 - 0x00007ff967e54000 	C:\WINDOWS\SYSTEM32\UMPDC.dll
0x00007ff966d90000 - 0x00007ff966dab000 	C:\WINDOWS\SYSTEM32\kernel.appcore.dll
0x00007ff93cfd0000 - 0x00007ff93cfda000 	C:\Users\ENZO\.jdks\temurin-21.0.8\bin\jimage.dll
0x00007ff95fac0000 - 0x00007ff95fd02000 	C:\WINDOWS\SYSTEM32\DBGHELP.DLL
0x00007ff96b0c0000 - 0x00007ff96b443000 	C:\WINDOWS\System32\combase.dll
0x00007ff969b80000 - 0x00007ff969c59000 	C:\WINDOWS\System32\OLEAUT32.dll
0x00007ff94ca50000 - 0x00007ff94ca8b000 	C:\WINDOWS\SYSTEM32\dbgcore.DLL
0x00007ff9682f0000 - 0x00007ff968398000 	C:\WINDOWS\System32\bcryptPrimitives.dll
0x00007ff93cf50000 - 0x00007ff93cf5f000 	C:\Users\ENZO\.jdks\temurin-21.0.8\bin\instrument.dll
0x00007ff93cfb0000 - 0x00007ff93cfcf000 	C:\Users\ENZO\.jdks\temurin-21.0.8\bin\java.dll
0x00007ff96a2e0000 - 0x00007ff96aa4e000 	C:\WINDOWS\System32\SHELL32.dll
0x00007ff9689b0000 - 0x00007ff96921c000 	C:\WINDOWS\System32\windows.storage.dll
0x00007ff96ab10000 - 0x00007ff96ac06000 	C:\WINDOWS\System32\SHCORE.dll
0x00007ff96ad60000 - 0x00007ff96adc6000 	C:\WINDOWS\System32\shlwapi.dll
0x00007ff967f20000 - 0x00007ff967f49000 	C:\WINDOWS\SYSTEM32\profapi.dll
0x00007ff92a260000 - 0x00007ff92a337000 	C:\Users\ENZO\.jdks\temurin-21.0.8\bin\jsvml.dll
0x00007ff93cf60000 - 0x00007ff93cf78000 	C:\Users\ENZO\.jdks\temurin-21.0.8\bin\zip.dll
0x00007ff93cfa0000 - 0x00007ff93cfb0000 	C:\Users\ENZO\.jdks\temurin-21.0.8\bin\net.dll
0x00007ff961910000 - 0x00007ff961a39000 	C:\WINDOWS\SYSTEM32\WINHTTP.dll
0x00007ff967300000 - 0x00007ff96736c000 	C:\WINDOWS\system32\mswsock.dll
0x00007ff93cf80000 - 0x00007ff93cf96000 	C:\Users\ENZO\.jdks\temurin-21.0.8\bin\nio.dll
0x00007ff93cf10000 - 0x00007ff93cf19000 	C:\Users\ENZO\.jdks\temurin-21.0.8\bin\extnet.dll
0x00007ff93cf00000 - 0x00007ff93cf0a000 	C:\Users\ENZO\.jdks\temurin-21.0.8\bin\management.dll
0x00007ff93cef0000 - 0x00007ff93cefb000 	C:\Users\ENZO\.jdks\temurin-21.0.8\bin\management_ext.dll
0x00007ff9699c0000 - 0x00007ff9699c8000 	C:\WINDOWS\System32\PSAPI.DLL
0x00007ff93cf20000 - 0x00007ff93cf2e000 	C:\Users\ENZO\.jdks\temurin-21.0.8\bin\sunmscapi.dll
0x00007ff968430000 - 0x00007ff9685a8000 	C:\WINDOWS\System32\CRYPT32.dll
0x00007ff967800000 - 0x00007ff967830000 	C:\WINDOWS\SYSTEM32\ncrypt.dll
0x00007ff9677b0000 - 0x00007ff9677ef000 	C:\WINDOWS\SYSTEM32\NTASN1.dll
0x00007ff9675e0000 - 0x00007ff9675fb000 	C:\WINDOWS\SYSTEM32\CRYPTSP.dll
0x00007ff966cf0000 - 0x00007ff966d29000 	C:\WINDOWS\system32\rsaenh.dll
0x00007ff9673b0000 - 0x00007ff9673e3000 	C:\WINDOWS\SYSTEM32\USERENV.dll
0x00007ff967ef0000 - 0x00007ff967f1a000 	C:\WINDOWS\SYSTEM32\bcrypt.dll
0x00007ff967600000 - 0x00007ff96760c000 	C:\WINDOWS\SYSTEM32\CRYPTBASE.dll
0x00007ff9667d0000 - 0x00007ff966802000 	C:\WINDOWS\SYSTEM32\IPHLPAPI.DLL
0x00007ff96b0b0000 - 0x00007ff96b0ba000 	C:\WINDOWS\System32\NSI.dll
0x00007ff966870000 - 0x00007ff9669a2000 	C:\WINDOWS\SYSTEM32\DNSAPI.dll
0x00007ff961020000 - 0x00007ff96102b000 	C:\Windows\System32\rasadhlp.dll
0x00007ff963130000 - 0x00007ff9631b6000 	C:\WINDOWS\System32\fwpuclnt.dll
0x00007ff93a9b0000 - 0x00007ff93a9b8000 	C:\WINDOWS\system32\wshunix.dll

JVMTI agents:
C:\Program Files\JetBrains\IntelliJ IDEA 2026.1\lib\idea_rt.jar path:C:\Users\ENZO\.jdks\temurin-21.0.8\bin\instrument.dll, loaded, initialized, instrumentlib options:58660

dbghelp: loaded successfully - version: 4.0.5 - missing functions: none
symbol engine: initialized successfully - sym options: 0x614 - pdb path: .;C:\Users\ENZO\.jdks\temurin-21.0.8\bin;C:\WINDOWS\SYSTEM32;C:\WINDOWS\WinSxS\amd64_microsoft.windows.common-controls_6595b64144ccf1df_6.0.26100.8457_none_3e0b2faee331e92d;C:\Users\ENZO\.jdks\temurin-21.0.8\bin\server

VM Arguments:
jvm_args: -javaagent:C:\Program Files\JetBrains\IntelliJ IDEA 2026.1\lib\idea_rt.jar=58660 -Dfile.encoding=UTF-8 -Dsun.stdout.encoding=UTF-8 -Dsun.stderr.encoding=UTF-8 
java_command: com.mypelink.backend.BackendApplication
java_class_path (initial): C:\Users\ENZO\Documents\VincuMYPEs-backend\target\classes;C:\Users\ENZO\.m2\repository\org\springframework\boot\spring-boot-starter-data-jpa\3.5.14\spring-boot-starter-data-jpa-3.5.14.jar;C:\Users\ENZO\.m2\repository\org\springframework\boot\spring-boot-starter\3.5.14\spring-boot-starter-3.5.14.jar;C:\Users\ENZO\.m2\repository\org\springframework\boot\spring-boot-starter-logging\3.5.14\spring-boot-starter-logging-3.5.14.jar;C:\Users\ENZO\.m2\repository\ch\qos\logback\logback-classic\1.5.32\logback-classic-1.5.32.jar;C:\Users\ENZO\.m2\repository\ch\qos\logback\logback-core\1.5.32\logback-core-1.5.32.jar;C:\Users\ENZO\.m2\repository\org\apache\logging\log4j\log4j-to-slf4j\2.24.3\log4j-to-slf4j-2.24.3.jar;C:\Users\ENZO\.m2\repository\org\apache\logging\log4j\log4j-api\2.24.3\log4j-api-2.24.3.jar;C:\Users\ENZO\.m2\repository\org\slf4j\jul-to-slf4j\2.0.17\jul-to-slf4j-2.0.17.jar;C:\Users\ENZO\.m2\repository\jakarta\annotation\jakarta.annotation-api\2.1.1\jakarta.annotation-api-2.1.1.jar;C:\Users\ENZO\.m2\repository\org\yaml\snakeyaml\2.4\snakeyaml-2.4.jar;C:\Users\ENZO\.m2\repository\org\springframework\boot\spring-boot-starter-jdbc\3.5.14\spring-boot-starter-jdbc-3.5.14.jar;C:\Users\ENZO\.m2\repository\com\zaxxer\HikariCP\6.3.3\HikariCP-6.3.3.jar;C:\Users\ENZO\.m2\repository\org\springframework\spring-jdbc\6.2.18\spring-jdbc-6.2.18.jar;C:\Users\ENZO\.m2\repository\org\hibernate\orm\hibernate-core\6.6.49.Final\hibernate-core-6.6.49.Final.jar;C:\Users\ENZO\.m2\repository\jakarta\persistence\jakarta.persistence-api\3.1.0\jakarta.persistence-api-3.1.0.jar;C:\Users\ENZO\.m2\repository\jakarta\transaction\jakarta.transaction-api\2.0.1\jakarta.transaction-api-2.0.1.jar;C:\Users\ENZO\.m2\repository\org\jboss\logging\jboss-logging\3.6.3.Final\jboss-logging-3.6.3.Final.jar;C:\Users\ENZO\.m2\repository\org\hibernate\common\hibernate-commons-annotations\7.0.3.Final\hibernate-commons-annotations-7.0.3.Final.jar;C:\Users\ENZO\.m2\repository\io\smallrye\jandex\3.2.0\jandex-3.2.0.jar;C:\Users\ENZO\.m2\repository\com\fasterxml\classmate\1.7.3\classmate-1.7.3.jar;C:\Users\ENZO\.m2\repository\net\bytebuddy\byte-buddy\1.17.8\byte-buddy-1.17.8.jar;C:\Users\ENZO\.m2\repository\org\glassfish\jaxb\jaxb-runtime\4.0.6\jaxb-runtime-4.0.6.jar;C:\Users\ENZO\.m2\repository\org\glassfish\jaxb\jaxb-core\4.0.6\jaxb-core-4.0.6.jar;C:\Users\ENZO\.m2\repository\org\eclipse\angus\angus-activation\2.0.3\angus-activation-2.0.3.jar;C:\Users\ENZO\.m2\repository\org\glassfish\jaxb\txw2\4.0.6\txw2-4.0.6.jar;C:\Users\ENZO\.m2\repository\com\sun\istack\istack-commons-runtime\4.1.2\istack-commons-runtime-4.1.2.jar;C:\Users\ENZO\.m2\repository\jakarta\inject\jakarta.inject-api\2.0.1\jakarta.inject-api-2.0.1.jar;C:\Users\ENZO\.m2\repository\org\antlr\antlr4-runtime\4.13.0\antlr4-runtime-4.13.0.jar;C:\Users\ENZO\.m2\repository\org\springframework\data\spring-data-jpa\3.5.11\spring-data-jpa-3.5.11.jar;C:\Users\ENZO\.m2\repository\org\springframework\data\spring-data-commons\3.5.11\spring-data-commons-3.5.11.jar;C:\Users\ENZO\.m2\repository\org\springframework\spring-orm\6.2.18\spring-orm-6.2.18.jar;C:\Users\ENZO\.m2\repository\org\springframework\spring-context\6.2.18\spring-context-6.2.18.jar;C:\Users\ENZO\.m2\repository\org\springframework\spring-tx\6.2.18\spring-tx-6.2.18.jar;C:\Users\ENZO\.m2\repository\org\springframework\spring-beans\6.2.18\spring-beans-6.2.18.jar;C:\Users\ENZO\.m2\repository\org\slf4j\slf4j-api\2.0.17\slf4j-api-2.0.17.jar;C:\Users\ENZO\.m2\repository\org\springframework\spring-aspects\6.2.18\spring-aspects-6.2.18.jar;C:\Users\ENZO\.m2\repository\org\aspectj\aspectjweaver\1.9.25.1\aspectjweaver-1.9.25.1.jar;C:\Users\ENZO\.m2\repository\org\springframework\boot\spring-boot-starter-security\3.5.14\spring-boot-starter-security-3.5.14.jar;C:\Users\ENZO\.m2\repository\org\springframework\spring-aop\6.2.18\spring-aop-6.2.18.jar;C:\Users\ENZO\.m2\repository\org\springframework\security\spring-security-config\6.5.10\spring-security-config-6.5.10.jar;C:\Users\ENZO\.m2\repository\org\springframework\security\spring-security-web\6.5.10\spring-security-web-6.5.10.jar;C:\Users\ENZO\.m2\repository\org\springframework\spring-expression\6.2.18\spring-expression-6.2.18.jar;C:\Users\ENZO\.m2\repository\org\springframework\boot\spring-boot-starter-validation\3.5.14\spring-boot-starter-validation-3.5.14.jar;C:\Users\ENZO\.m2\repository\org\apache\tomcat\embed\tomcat-embed-el\10.1.54\tomcat-embed-el-10.1.54.jar;C:\Users\ENZO\.m2\repository\org\hibernate\validator\hibernate-validator\8.0.3.Final\hibernate-validator-8.0.3.Final.jar;C:\Users\ENZO\.m2\repository\jakarta\validation\jakarta.validation-api\3.0.2\jakarta.validation-api-3.0.2.jar;C:\Users\ENZO\.m2\repository\org\springframework\boot\spring-boot-starter-web\3.5.14\spring-boot-starter-web-3.5.14.jar;C:\Users\ENZO\.m2\repository\org\springframework\boot\spring-boot-starter-json\3.5.14\spring-boot-starter-json-3.5.14.jar;C:\Users\ENZO\.m2\repository\com\fasterxml\jackson\datatype\jackson-datatype-jdk8\2.21.2\jackson-datatype-jdk8-2.21.2.jar;C:\Users\ENZO\.m2\repository\com\fasterxml\jackson\module\jackson-module-parameter-names\2.21.2\jackson-module-parameter-names-2.21.2.jar;C:\Users\ENZO\.m2\repository\org\springframework\boot\spring-boot-starter-tomcat\3.5.14\spring-boot-starter-tomcat-3.5.14.jar;C:\Users\ENZO\.m2\repository\org\apache\tomcat\embed\tomcat-embed-core\10.1.54\tomcat-embed-core-10.1.54.jar;C:\Users\ENZO\.m2\repository\org\apache\tomcat\embed\tomcat-embed-websocket\10.1.54\tomcat-embed-websocket-10.1.54.jar;C:\Users\ENZO\.m2\repository\org\springframework\spring-web\6.2.18\spring-web-6.2.18.jar;C:\Users\ENZO\.m2\repository\io\micrometer\micrometer-observation\1.15.11\micrometer-observation-1.15.11.jar;C:\Users\ENZO\.m2\repository\io\micrometer\micrometer-commons\1.15.11\micrometer-commons-1.15.11.jar;C:\Users\ENZO\.m2\repository\org\springframework\spring-webmvc\6.2.18\spring-webmvc-6.2.18.jar;C:\Users\ENZO\.m2\repository\com\resend\resend-java\3.1.0\resend-java-3.1.0.jar;C:\Users\ENZO\.m2\repository\com\fasterxml\jackson\core\jackson-core\2.21.2\jackson-core-2.21.2.jar;C:\Users\ENZO\.m2\repository\com\fasterxml\jackson\core\jackson-annotations\2.21\jackson-annotations-2.21.jar;C:\Users\ENZO\.m2\repository\com\fasterxml\jackson\core\jackson-databind\2.21.2\jackson-databind-2.21.2.jar;C:\Users\ENZO\.m2\repository\com\fasterxml\jackson\datatype\jackson-datatype-jsr310\2.21.2\jackson-datatype-jsr310-2.21.2.jar;C:\Users\ENZO\.m2\repository\com\squareup\okhttp3\okhttp\4.11.0\okhttp-4.11.0.jar;C:\Users\ENZO\.m2\repository\com\squareup\okio\okio\3.2.0\okio-3.2.0.jar;C:\Users\ENZO\.m2\repository\com\squareup\okio\okio-jvm\3.2.0\okio-jvm-3.2.0.jar;C:\Users\ENZO\.m2\repository\org\jetbrains\kotlin\kotlin-stdlib-common\1.9.25\kotlin-stdlib-common-1.9.25.jar;C:\Users\ENZO\.m2\repository\org\jetbrains\kotlin\kotlin-stdlib\1.9.25\kotlin-stdlib-1.9.25.jar;C:\Users\ENZO\.m2\repository\org\jetbrains\annotations\13.0\annotations-13.0.jar;C:\Users\ENZO\.m2\repository\org\jetbrains\kotlin\kotlin-stdlib-jdk8\1.9.25\kotlin-stdlib-jdk8-1.9.25.jar;C:\Users\ENZO\.m2\repository\org\jetbrains\kotlin\kotlin-stdlib-jdk7\1.9.25\kotlin-stdlib-jdk7-1.9.25.jar;C:\Users\ENZO\.m2\repository\org\springframework\boot\spring-boot-devtools\3.5.14\spring-boot-devtools-3.5.14.jar;C:\Users\ENZO\.m2\repository\org\springframework\boot\spring-boot\3.5.14\spring-boot-3.5.14.jar;C:\Users\ENZO\.m2\repository\org\springframework\boot\spring-boot-autoconfigure\3.5.14\spring-boot-autoconfigure-3.5.14.jar;C:\Users\ENZO\.m2\repository\com\mysql\mysql-connector-j\9.7.0\mysql-connector-j-9.7.0.jar;C:\Users\ENZO\.m2\repository\org\flywaydb\flyway-core\11.7.2\flyway-core-11.7.2.jar;C:\Users\ENZO\.m2\repository\com\fasterxml\jackson\dataformat\jackson-dataformat-toml\2.21.2\jackson-dataformat-toml-2.21.2.jar;C:\Users\ENZO\.m2\repository\org\projectlombok\lombok\1.18.46\lombok-1.18.46.jar;C:\Users\ENZO\.m2\repository\jakarta\xml\bind\jakarta.xml.bind-api\4.0.4\jakarta.xml.bind-api-4.0.4.jar;C:\Users\ENZO\.m2\repository\jakarta\activation\jakarta.activation-api\2.1.4\jakarta.activation-api-2.1.4.jar;C:\Users\ENZO\.m2\repository\org\springframework\spring-core\6.2.18\spring-core-6.2.18.jar;C:\Users\ENZO\.m2\repository\org\springframework\spring-jcl\6.2.18\spring-jcl-6.2.18.jar;C:\Users\ENZO\.m2\repository\org\springframework\security\spring-security-core\6.5.10\spring-security-core-6.5.10.jar;C:\Users\ENZO\.m2\repository\org\springframework\security\spring-security-crypto\6.5.10\spring-security-crypto-6.5.10.jar;C:\Users\ENZO\.m2\repository\io\jsonwebtoken\jjwt-api\0.12.6\jjwt-api-0.12.6.jar;C:\Users\ENZO\.m2\repository\io\jsonwebtoken\jjwt-impl\0.12.6\jjwt-impl-0.12.6.jar;C:\Users\ENZO\.m2\repository\io\jsonwebtoken\jjwt-jackson\0.12.6\jjwt-jackson-0.12.6.jar;C:\Users\ENZO\.m2\repository\software\amazon\awssdk\s3\2.20.161\s3-2.20.161.jar;C:\Users\ENZO\.m2\repository\software\amazon\awssdk\aws-xml-protocol\2.20.161\aws-xml-protocol-2.20.161.jar;C:\Users\ENZO\.m2\repository\software\amazon\awssdk\aws-query-protocol\2.20.161\aws-query-protocol-2.20.161.jar;C:\Users\ENZO\.m2\repository\software\amazon\awssdk\protocol-core\2.20.161\protocol-core-2.20.161.jar;C:\Users\ENZO\.m2\repository\software\amazon\awssdk\arns\2.20.161\arns-2.20.161.jar;C:\Users\ENZO\.m2\repository\software\amazon\awssdk\profiles\2.20.161\profiles-2.20.161.jar;C:\Users\ENZO\.m2\repository\software\amazon\awssdk\crt-core\2.20.161\crt-core-2.20.161.jar;C:\Users\ENZO\.m2\repository\software\amazon\awssdk\sdk-core\2.20.161\sdk-core-2.20.161.jar;C:\Users\ENZO\.m2\repository\org\reactivestreams\reactive-streams\1.0.4\reactive-streams-1.0.4.jar;C:\Users\ENZO\.m2\repository\software\amazon\awssdk\auth\2.20.161\auth-2.20.161.jar;C:\Users\ENZO\.m2\repository\software\amazon\eventstream\eventstream\1.0.1\eventstream-1.0.1.jar;C:\Users\ENZO\.m2\repository\software\amazon\awssdk\http-client-spi\2.20.161\http-client-spi-2.20.161.jar;C:\Users\ENZO\.m2\repository\software\amazon\awssdk\regions\2.20.161\regions-2.20.161.jar;C:\Users\ENZO\.m2\repository\software\amazon\awssdk\annotations\2.20.161\annotations-2.20.161.jar;C:\Users\ENZO\.m2\repository\software\amazon\awssdk\utils\2.20.161\utils-2.20.161.jar;C:\Users\ENZO\.m2\repository\software\amazon\awssdk\aws-core\2.20.161\aws-core-2.20.161.jar;C:\Users\ENZO\.m2\repository\software\amazon\awssdk\metrics-spi\2.20.161\metrics-spi-2.20.161.jar;C:\Users\ENZO\.m2\repository\software\amazon\awssdk\json-utils\2.20.161\json-utils-2.20.161.jar;C:\Users\ENZO\.m2\repository\software\amazon\awssdk\third-party-jackson-core\2.20.161\third-party-jackson-core-2.20.161.jar;C:\Users\ENZO\.m2\repository\software\amazon\awssdk\endpoints-spi\2.20.161\endpoints-spi-2.20.161.jar;C:\Users\ENZO\.m2\repository\software\amazon\awssdk\apache-client\2.20.161\apache-client-2.20.161.jar;C:\Users\ENZO\.m2\repository\org\apache\httpcomponents\httpclient\4.5.13\httpclient-4.5.13.jar;C:\Users\ENZO\.m2\repository\commons-logging\commons-logging\1.2\commons-logging-1.2.jar;C:\Users\ENZO\.m2\repository\org\apache\httpcomponents\httpcore\4.4.16\httpcore-4.4.16.jar;C:\Users\ENZO\.m2\repository\commons-codec\commons-codec\1.18.0\commons-codec-1.18.0.jar;C:\Users\ENZO\.m2\repository\software\amazon\awssdk\netty-nio-client\2.20.161\netty-nio-client-2.20.161.jar;C:\Users\ENZO\.m2\repository\io\netty\netty-codec-http\4.1.132.Final\netty-codec-http-4.1.132.Final.jar;C:\Users\ENZO\.m2\repository\io\netty\netty-codec-http2\4.1.132.Final\netty-codec-http2-4.1.132.Final.jar;C:\Users\ENZO\.m2\repository\io\netty\netty-codec\4.1.132.Final\netty-codec-4.1.132.Final.jar;C:\Users\ENZO\.m2\repository\io\netty\netty-transport\4.1.132.Final\netty-transport-4.1.132.Final.jar;C:\Users\ENZO\.m2\repository\io\netty\netty-common\4.1.132.Final\netty-common-4.1.132.Final.jar;C:\Users\ENZO\.m2\repository\io\netty\netty-buffer\4.1.132.Final\netty-buffer-4.1.132.Final.jar;C:\Users\ENZO\.m2\repository\io\netty\netty-handler\4.1.132.Final\netty-handler-4.1.132.Final.jar;C:\Users\ENZO\.m2\repository\io\netty\netty-transport-native-unix-common\4.1.132.Final\netty-transport-native-unix-common-4.1.132.Final.jar;C:\Users\ENZO\.m2\repository\io\netty\netty-transport-classes-epoll\4.1.132.Final\netty-transport-classes-epoll-4.1.132.Final.jar;C:\Users\ENZO\.m2\repository\io\netty\netty-resolver\4.1.132.Final\netty-resolver-4.1.132.Final.jar;C:\Users\ENZO\.m2\repository\me\paulschwarz\spring-dotenv\4.0.0\spring-dotenv-4.0.0.jar;C:\Users\ENZO\.m2\repository\io\github\cdimascio\dotenv-java\3.0.0\dotenv-java-3.0.0.jar;C:\Users\ENZO\.m2\repository\org\springframework\boot\spring-boot-starter-websocket\3.5.14\spring-boot-starter-websocket-3.5.14.jar;C:\Users\ENZO\.m2\repository\org\springframework\spring-messaging\6.2.18\spring-messaging-6.2.18.jar;C:\Users\ENZO\.m2\repository\org\springframework\spring-websocket\6.2.18\spring-websocket-6.2.18.jar
Launcher Type: SUN_STANDARD

[Global flags]
     intx CICompilerCount                          = 4                                         {product} {ergonomic}
     uint ConcGCThreads                            = 3                                         {product} {ergonomic}
     uint G1ConcRefinementThreads                  = 10                                        {product} {ergonomic}
   size_t G1HeapRegionSize                         = 2097152                                   {product} {ergonomic}
    uintx GCDrainStackTargetSize                   = 64                                        {product} {ergonomic}
   size_t InitialHeapSize                          = 260046848                                 {product} {ergonomic}
   size_t MarkStackSize                            = 4194304                                   {product} {ergonomic}
   size_t MaxHeapSize                              = 4139778048                                {product} {ergonomic}
   size_t MaxNewSize                               = 2483027968                                {product} {ergonomic}
   size_t MinHeapDeltaBytes                        = 2097152                                   {product} {ergonomic}
   size_t MinHeapSize                              = 8388608                                   {product} {ergonomic}
    uintx NonNMethodCodeHeapSize                   = 5839372                                {pd product} {ergonomic}
    uintx NonProfiledCodeHeapSize                  = 122909434                              {pd product} {ergonomic}
    uintx ProfiledCodeHeapSize                     = 122909434                              {pd product} {ergonomic}
    uintx ReservedCodeCacheSize                    = 251658240                              {pd product} {ergonomic}
     bool SegmentedCodeCache                       = true                                      {product} {ergonomic}
   size_t SoftMaxHeapSize                          = 4139778048                             {manageable} {ergonomic}
     bool UseCompressedOops                        = true                           {product lp64_product} {ergonomic}
     bool UseG1GC                                  = true                                      {product} {ergonomic}
     bool UseLargePagesIndividualAllocation        = false                                  {pd product} {ergonomic}

Logging:
Log output configuration:
 #0: stdout all=warning uptime,level,tags foldmultilines=false
 #1: stderr all=off uptime,level,tags foldmultilines=false

Environment Variables:
JAVA_HOME=C:\Program Files\Eclipse Adoptium\jdk-21.0.8.9-hotspot\
PATH=C:\Program Files\Common Files\Oracle\Java\javapath;C:\Program Files\Eclipse Adoptium\jdk-21.0.8.9-hotspot\bin;C:\Program Files (x86)\Common Files\Oracle\Java\java8path;C:\Program Files (x86)\Common Files\Oracle\Java\javapath;C:\WINDOWS\system32;C:\WINDOWS;C:\WINDOWS\System32\Wbem;C:\WINDOWS\System32\WindowsPowerShell\v1.0\;C:\WINDOWS\System32\OpenSSH\;C:\Program Files\Microsoft SQL Server\150\Tools\Binn\;C:\Program Files\Microsoft SQL Server\Client SDK\ODBC\170\Tools\Binn\;C:\Program Files\dotnet\;C:\Program Files (x86)\Microsoft SQL Server\160\Tools\Binn\;C:\Program Files\Microsoft SQL Server\160\Tools\Binn\;C:\Program Files\Microsoft SQL Server\160\DTS\Binn\;C:\Program Files (x86)\Microsoft SQL Server\160\DTS\Binn\;D:\;D:\Git\cmd;C:\Program Files (x86)\Bitvise SSH Client;C:\Program Files\Docker\Docker\resources\bin;C:\Program Files\Common Files\Oracle\Java\javapath;C:\Program Files\Eclipse Adoptium\jdk-21.0.8.9-hotspot\bin;C:\Program Files (x86)\Common Files\Oracle\Java\java8path;C:\Program Files (x86)\Common Files\Oracle\Java\javapath;C:\WINDOWS\system32;C:\WINDOWS;C:\WINDOWS\System32\Wbem;C:\WINDOWS\System32\WindowsPowerShell\v1.0\;C:\WINDOWS\System32\OpenSSH\;C:\Program Files\Microsoft SQL Server\150\Tools\Binn\;C:\Program Files\Microsoft SQL Server\Client SDK\ODBC\170\Tools\Binn\;C:\Program Files\dotnet\;C:\Program Files (x86)\Microsoft SQL Server\160\Tools\Binn\;C:\Program Files\Microsoft SQL Server\160\Tools\Binn\;C:\Program Files\Microsoft SQL Server\160\DTS\Binn\;C:\Program Files (x86)\Microsoft SQL Server\160\DTS\Binn\;D:\;D:\Git\cmd;C:\Program Files (x86)\Bitvise SSH Client;C:\Program Files\Docker\Docker\resources\bin;C:\Users\ENZO\AppData\Local\Programs\Python\Python314\Scripts\;C:\Users\ENZO\AppData\Local\Programs\Python\Python314\;C:\Users\ENZO\AppData\Local\Programs\Python\Launcher\;c:\Users\ENZO\AppData\Local\Programs\cursor\resources\app\codeBin;C:\Users\ENZO\AppData\Local\Microsoft\WindowsApps;C:\Users\ENZO\.dotnet\tools;C:\Users\ENZO\AppData\Roaming\npm;C:\Users\ENZO\Downloads\apache-maven-3.9.11-bin;C:\Users\ENZO\Downloads\apache-maven-3.9.11-bin\apache-maven-3.9.11\bin;C:\Users\ENZO\AppData\Local\Programs\Microsoft VS Code\bin;C:\Program Files\JetBrains\IntelliJ IDEA 2026.1\bin;C:\Users\ENZO\AppData\Local\Programs\Antigravity\bin;C:\Users\ENZO\.local\bin
USERNAME=ENZO
OS=Windows_NT
PROCESSOR_IDENTIFIER=AMD64 Family 23 Model 96 Stepping 1, AuthenticAMD
TMP=C:\Users\ENZO\AppData\Local\Temp
TEMP=C:\Users\ENZO\AppData\Local\Temp




Periodic native trim disabled

---------------  S Y S T E M  ---------------

OS:
 Windows 11 , 64 bit Build 26100 (10.0.26100.8328)
OS uptime: 4 days 14:10 hours
Hyper-V role detected

CPU: total 12 (initial active 12) (12 cores per cpu, 2 threads per core) family 23 model 96 stepping 1 microcode 0x8600106, cx8, cmov, fxsr, ht, mmx, 3dnowpref, sse, sse2, sse3, ssse3, sse4a, sse4.1, sse4.2, popcnt, lzcnt, tsc, tscinvbit, avx, avx2, aes, clmul, bmi1, bmi2, adx, sha, fma, vzeroupper, clflush, clflushopt, hv, rdtscp, rdpid, f16c
Processor Information for the first 12 processors :
  Max Mhz: 3001, Current Mhz: 3001, Mhz Limit: 3001

Memory: 4k page, system-wide physical 15789M (2046M free)
TotalPageFile size 27269M (AvailPageFile size 6M)
current process WorkingSet (physical memory assigned to process): 336M, peak: 362M
current process commit charge ("private bytes"): 373M, peak: 419M

vm_info: OpenJDK 64-Bit Server VM (21.0.8+9-LTS) for windows-amd64 JRE (21.0.8+9-LTS), built on 2025-07-15T00:00:00Z by "admin" with MS VC++ 17.7 (VS2022)

END.
